Archive member included because of file (symbol)

/usr/bin/../lib/gcc/arm-none-eabi/4.8.4/../../../../arm-none-eabi/lib/armv7-m/libc_s.a(lib_a-atoi.o)
                              obj/NAZE/cli.o (symbol from plugin) (atoi)
/usr/bin/../lib/gcc/arm-none-eabi/4.8.4/../../../../arm-none-eabi/lib/armv7-m/libc_s.a(lib_a-bsearch.o)
                              obj/NAZE/cli.o (symbol from plugin) (bsearch)
/usr/bin/../lib/gcc/arm-none-eabi/4.8.4/../../../../arm-none-eabi/lib/armv7-m/libc_s.a(lib_a-ctype_.o)
                              obj/NAZE/gps.o (symbol from plugin) (__ctype_ptr__)
/usr/bin/../lib/gcc/arm-none-eabi/4.8.4/../../../../arm-none-eabi/lib/armv7-m/libc_s.a(lib_a-strtok.o)
                              obj/NAZE/cli.o (symbol from plugin) (strtok)
/usr/bin/../lib/gcc/arm-none-eabi/4.8.4/../../../../arm-none-eabi/lib/armv7-m/libc_s.a(lib_a-strtok_r.o)
                              /usr/bin/../lib/gcc/arm-none-eabi/4.8.4/../../../../arm-none-eabi/lib/armv7-m/libc_s.a(lib_a-strtok.o) (__strtok_r)
/usr/bin/../lib/gcc/arm-none-eabi/4.8.4/../../../../arm-none-eabi/lib/armv7-m/libc_s.a(lib_a-strtol.o)
                              /usr/bin/../lib/gcc/arm-none-eabi/4.8.4/../../../../arm-none-eabi/lib/armv7-m/libc_s.a(lib_a-atoi.o) (_strtol_r)
/usr/bin/../lib/gcc/arm-none-eabi/4.8.4/../../../../arm-none-eabi/lib/armv7-m/libc_s.a(lib_a-impure.o)
                              /usr/bin/../lib/gcc/arm-none-eabi/4.8.4/../../../../arm-none-eabi/lib/armv7-m/libc_s.a(lib_a-strtok.o) (_impure_ptr)
/usr/bin/../lib/gcc/arm-none-eabi/4.8.4/../../../../arm-none-eabi/lib/armv7-m/libc_s.a(lib_a-malloc.o)
                              /usr/bin/../lib/gcc/arm-none-eabi/4.8.4/../../../../arm-none-eabi/lib/armv7-m/libc_s.a(lib_a-strtok.o) (malloc)
/usr/bin/../lib/gcc/arm-none-eabi/4.8.4/../../../../arm-none-eabi/lib/armv7-m/libc_s.a(lib_a-nano-freer.o)
                              /usr/bin/../lib/gcc/arm-none-eabi/4.8.4/../../../../arm-none-eabi/lib/armv7-m/libc_s.a(lib_a-malloc.o) (_free_r)
/usr/bin/../lib/gcc/arm-none-eabi/4.8.4/../../../../arm-none-eabi/lib/armv7-m/libc_s.a(lib_a-nano-mallocr.o)
                              /usr/bin/../lib/gcc/arm-none-eabi/4.8.4/../../../../arm-none-eabi/lib/armv7-m/libc_s.a(lib_a-malloc.o) (_malloc_r)
/usr/bin/../lib/gcc/arm-none-eabi/4.8.4/../../../../arm-none-eabi/lib/armv7-m/libc_s.a(lib_a-sbrkr.o)
                              /usr/bin/../lib/gcc/arm-none-eabi/4.8.4/../../../../arm-none-eabi/lib/armv7-m/libc_s.a(lib_a-nano-mallocr.o) (_sbrk_r)
/usr/bin/../lib/gcc/arm-none-eabi/4.8.4/../../../../arm-none-eabi/lib/armv7-m/libc_s.a(lib_a-reent.o)
                              /usr/bin/../lib/gcc/arm-none-eabi/4.8.4/../../../../arm-none-eabi/lib/armv7-m/libc_s.a(lib_a-sbrkr.o) (errno)
/usr/bin/../lib/gcc/arm-none-eabi/4.8.4/../../../../arm-none-eabi/lib/armv7-m/libnosys.a(sbrk.o)
                              /usr/bin/../lib/gcc/arm-none-eabi/4.8.4/../../../../arm-none-eabi/lib/armv7-m/libc_s.a(lib_a-sbrkr.o) (_sbrk)
/usr/bin/../lib/gcc/arm-none-eabi/4.8.4/armv7-m/libgcc.a(_arm_addsubdf3.o)
                              /tmp/cckHODuN.ltrans3.ltrans.o (__aeabi_dadd)
/usr/bin/../lib/gcc/arm-none-eabi/4.8.4/armv7-m/libgcc.a(_arm_muldivdf3.o)
                              /tmp/cckHODuN.ltrans1.ltrans.o (__aeabi_dmul)
/usr/bin/../lib/gcc/arm-none-eabi/4.8.4/armv7-m/libgcc.a(_arm_truncdfsf2.o)
                              /tmp/cckHODuN.ltrans1.ltrans.o (__aeabi_d2f)
/usr/bin/../lib/gcc/arm-none-eabi/4.8.4/armv7-m/libgcc.a(_arm_addsubsf3.o)
                              /tmp/cckHODuN.ltrans0.ltrans.o (__aeabi_fsub)
/usr/bin/../lib/gcc/arm-none-eabi/4.8.4/armv7-m/libgcc.a(_arm_muldivsf3.o)
                              /tmp/cckHODuN.ltrans0.ltrans.o (__aeabi_fmul)
/usr/bin/../lib/gcc/arm-none-eabi/4.8.4/armv7-m/libgcc.a(_arm_cmpsf2.o)
                              /tmp/cckHODuN.ltrans1.ltrans.o (__aeabi_fcmpeq)
/usr/bin/../lib/gcc/arm-none-eabi/4.8.4/armv7-m/libgcc.a(_arm_fixsfsi.o)
                              /tmp/cckHODuN.ltrans0.ltrans.o (__aeabi_f2iz)
/usr/bin/../lib/gcc/arm-none-eabi/4.8.4/armv7-m/libgcc.a(_arm_fixunssfsi.o)
                              /tmp/cckHODuN.ltrans0.ltrans.o (__aeabi_f2uiz)
/usr/bin/../lib/gcc/arm-none-eabi/4.8.4/armv7-m/libgcc.a(_aeabi_ldivmod.o)
                              /tmp/cckHODuN.ltrans2.ltrans.o (__aeabi_ldivmod)
/usr/bin/../lib/gcc/arm-none-eabi/4.8.4/armv7-m/libgcc.a(bpabi.o)
                              /usr/bin/../lib/gcc/arm-none-eabi/4.8.4/armv7-m/libgcc.a(_aeabi_ldivmod.o) (__gnu_ldivmod_helper)
/usr/bin/../lib/gcc/arm-none-eabi/4.8.4/armv7-m/libgcc.a(_dvmd_tls.o)
                              /usr/bin/../lib/gcc/arm-none-eabi/4.8.4/armv7-m/libgcc.a(_aeabi_ldivmod.o) (__aeabi_ldiv0)
/usr/bin/../lib/gcc/arm-none-eabi/4.8.4/armv7-m/libgcc.a(_divdi3.o)
                              /usr/bin/../lib/gcc/arm-none-eabi/4.8.4/armv7-m/libgcc.a(bpabi.o) (__divdi3)
/usr/bin/../lib/gcc/arm-none-eabi/4.8.4/armv7-m/libgcc.a(_udivdi3.o)
[...]
Memory Configuration

Name             Origin             Length             Attributes
FLASH            0x0000000008000000 0x000000000001f800 xr
RAM              0x0000000020000000 0x0000000000005000 xrw
MEMORY_B1        0x0000000060000000 0x0000000000000000 xr
*default*        0x0000000000000000 0xffffffffffffffff

Linker script and memory map

LOAD obj/NAZE/drv_adc.o
LOAD /tmp/cckHODuN.ltrans0.ltrans.o
LOAD /tmp/cckHODuN.ltrans1.ltrans.o
LOAD /tmp/cckHODuN.ltrans2.ltrans.o
LOAD /tmp/cckHODuN.ltrans3.ltrans.o
LOAD /tmp/cckHODuN.ltrans4.ltrans.o
LOAD /tmp/cckHODuN.ltrans5.ltrans.o
LOAD /tmp/cckHODuN.ltrans6.ltrans.o
LOAD /tmp/cckHODuN.ltrans7.ltrans.o
LOAD /tmp/cckHODuN.ltrans8.ltrans.o
LOAD /tmp/cckHODuN.ltrans9.ltrans.o
LOAD /tmp/cckHODuN.ltrans10.ltrans.o
LOAD /tmp/cckHODuN.ltrans11.ltrans.o
LOAD /tmp/cckHODuN.ltrans12.ltrans.o
LOAD /tmp/cckHODuN.ltrans13.ltrans.o
LOAD /tmp/cckHODuN.ltrans14.ltrans.o
LOAD /tmp/cckHODuN.ltrans15.ltrans.o
LOAD /tmp/cckHODuN.ltrans16.ltrans.o
LOAD /usr/bin/../lib/gcc/arm-none-eabi/4.8.4/armv7-m/libgcc.a
LOAD /usr/bin/../lib/gcc/arm-none-eabi/4.8.4/../../../../arm-none-eabi/lib/armv7-m/libg_s.a
LOAD /usr/bin/../lib/gcc/arm-none-eabi/4.8.4/../../../../arm-none-eabi/lib/armv7-m/libc_s.a
LOAD /usr/bin/../lib/gcc/arm-none-eabi/4.8.4/armv7-m/libgcc.a
LOAD /usr/bin/../lib/gcc/arm-none-eabi/4.8.4/../../../../arm-none-eabi/lib/armv7-m/libc_s.a
LOAD obj/NAZE/drv_adxl345.o
LOAD obj/NAZE/drv_ak8975.o
LOAD obj/NAZE/drv_bma280.o
LOAD obj/NAZE/drv_bmp085.o
LOAD obj/NAZE/drv_ms5611.o
LOAD obj/NAZE/drv_hcsr04.o
LOAD obj/NAZE/drv_hmc5883l.o
LOAD obj/NAZE/drv_ledring.o
LOAD obj/NAZE/drv_mma845x.o
LOAD obj/NAZE/drv_mpu3050.o
LOAD obj/NAZE/drv_mpu6050.o
LOAD obj/NAZE/drv_mpu6500.o
LOAD obj/NAZE/drv_l3g4200d.o
LOAD obj/NAZE/drv_pwm.o
LOAD obj/NAZE/drv_spi.o
LOAD obj/NAZE/drv_timer.o
LOAD obj/NAZE/gps.o
LOAD obj/NAZE/drv_softserial.o
LOAD obj/NAZE/telemetry_common.o
LOAD obj/NAZE/telemetry_frsky.o
LOAD obj/NAZE/telemetry_hott.o
LOAD obj/NAZE/blackbox.o
LOAD obj/NAZE/buzzer.o
LOAD obj/NAZE/cli.o
LOAD obj/NAZE/config.o
LOAD obj/NAZE/imu.o
LOAD obj/NAZE/main.o
LOAD obj/NAZE/mixer.o
LOAD obj/NAZE/mw.o
LOAD obj/NAZE/sensors.o
LOAD obj/NAZE/serial.o
LOAD obj/NAZE/rxmsp.o
LOAD obj/NAZE/drv_gpio.o
LOAD obj/NAZE/drv_i2c.o
LOAD obj/NAZE/drv_i2c_soft.o
LOAD obj/NAZE/drv_system.o
LOAD obj/NAZE/drv_serial.o
LOAD obj/NAZE/drv_uart.o
LOAD obj/NAZE/printf.o
LOAD obj/NAZE/utils.o
LOAD obj/NAZE/sbus.o
LOAD obj/NAZE/sumd.o
LOAD obj/NAZE/spektrum.o
LOAD obj/NAZE/startup_stm32f10x_md_gcc.o
LOAD obj/NAZE/core_cm3.o
LOAD obj/NAZE/system_stm32f10x.o
LOAD obj/NAZE/misc.o
LOAD obj/NAZE/stm32f10x_adc.o
LOAD obj/NAZE/stm32f10x_bkp.o
LOAD obj/NAZE/stm32f10x_can.o
LOAD obj/NAZE/stm32f10x_cec.o
LOAD obj/NAZE/stm32f10x_crc.o
LOAD obj/NAZE/stm32f10x_dac.o
LOAD obj/NAZE/stm32f10x_dbgmcu.o
LOAD obj/NAZE/stm32f10x_dma.o
LOAD obj/NAZE/stm32f10x_exti.o
LOAD obj/NAZE/stm32f10x_flash.o
LOAD obj/NAZE/stm32f10x_fsmc.o
LOAD obj/NAZE/stm32f10x_gpio.o
LOAD obj/NAZE/stm32f10x_i2c.o
LOAD obj/NAZE/stm32f10x_iwdg.o
LOAD obj/NAZE/stm32f10x_pwr.o
LOAD obj/NAZE/stm32f10x_rcc.o
LOAD obj/NAZE/stm32f10x_rtc.o
LOAD obj/NAZE/stm32f10x_sdio.o
LOAD obj/NAZE/stm32f10x_spi.o
LOAD obj/NAZE/stm32f10x_tim.o
LOAD obj/NAZE/stm32f10x_usart.o
LOAD obj/NAZE/stm32f10x_wwdg.o
LOAD /usr/bin/../lib/gcc/arm-none-eabi/4.8.4/../../../../arm-none-eabi/lib/armv7-m/libm.a
LOAD /usr/bin/../lib/gcc/arm-none-eabi/4.8.4/../../../../arm-none-eabi/lib/armv7-m/libc_s.a
LOAD /usr/bin/../lib/gcc/arm-none-eabi/4.8.4/../../../../arm-none-eabi/lib/armv7-m/libnosys.a
START GROUP
LOAD /usr/bin/../lib/gcc/arm-none-eabi/4.8.4/armv7-m/libgcc.a
LOAD /usr/bin/../lib/gcc/arm-none-eabi/4.8.4/../../../../arm-none-eabi/lib/armv7-m/libg_s.a
LOAD /usr/bin/../lib/gcc/arm-none-eabi/4.8.4/../../../../arm-none-eabi/lib/armv7-m/libc_s.a
END GROUP
START GROUP
LOAD /usr/bin/../lib/gcc/arm-none-eabi/4.8.4/armv7-m/libgcc.a
LOAD /usr/bin/../lib/gcc/arm-none-eabi/4.8.4/../../../../arm-none-eabi/lib/armv7-m/libc_s.a
END GROUP
                0x0000000020005000                _estack = 0x20005000
                0x0000000000000000                _Min_Heap_Size = 0x0
                0x0000000000000400                _Min_Stack_Size = 0x400

.isr_vector     0x0000000008000000      0x10c
                0x0000000008000000                . = ALIGN (0x4)
 *(.isr_vector)
 .isr_vector    0x0000000008000000      0x10c obj/NAZE/startup_stm32f10x_md_gcc.o
                0x0000000008000000                g_pfnVectors
                0x000000000800010c                . = ALIGN (0x4)

.text           0x0000000008000110    0x13428
                0x0000000008000110                . = ALIGN (0x4)
 *(.text)
 .text          0x0000000008000110     0x1d5c /tmp/cckHODuN.ltrans0.ltrans.o
                0x0000000008000110                loop
 *fill*         0x0000000008001e6c        0x4 
 .text          0x0000000008001e70     0x1a68 /tmp/cckHODuN.ltrans2.ltrans.o
                0x0000000008001e70                annexCode
 .text          0x00000000080038d8      0xe98 /tmp/cckHODuN.ltrans3.ltrans.o
                0x00000000080038d8                gpsNewData.5555
                0x00000000080044cc                cliProcess
                0x00000000080046d0                mpu6500Detect.constprop.44
 .text          0x0000000008004770      0xb04 /tmp/cckHODuN.ltrans4.ltrans.o
                0x0000000008004770                pidMultiWii.9100
                0x00000000080049e8                pidRewrite.9102
                0x0000000008004b84                cliSave.7678
                0x0000000008004bd8                mpu6500GyroInit.4807
                0x0000000008004c64                i2c_ev_handler.10339
                0x0000000008004f40                beep.7506
                0x0000000008004f9c                beep_code.7509
                0x0000000008005048                gpsSetState.5453
                0x0000000008005064                ECHO_EXTI_IRQHandler
                0x00000000080050c0                configureTimerCaptureCompareInterrupt
                0x0000000008005178                EXTI_Init.part.0.13003.constprop.62
                0x00000000080051cc                configTimeBase
 .text          0x0000000008005274      0xe9c /tmp/cckHODuN.ltrans5.ltrans.o
                0x0000000008005274                mpu3050ReadTemp.4668
                0x00000000080052ce                ms5611_get_ut.4370
                0x00000000080052e0                ms5611_get_up.4368
                0x00000000080052f0                bmp085_get_up.4244
                0x0000000008005340                bmp085_get_ut.4246
                0x0000000008005434                l3g4200dRead.4864
                0x000000000800549c                mpu3050Read.4673
                0x0000000008005504                mma8452Read.4626
                0x0000000008005574                hmc5883lRead
                0x00000000080055fc                bma280Read.4179
                0x0000000008005658                adxl345Read.4108
                0x0000000008005738                ak8975Read
                0x00000000080057a8                hmc5883lInit
                0x0000000008005954                mixTable
                0x0000000008006004                mpu6050Detect.constprop.48
 .text          0x0000000008006110      0x8b4 /tmp/cckHODuN.ltrans6.ltrans.o
                0x00000000080062e0                tfp_printf
                0x000000000800631c                cliPrintVar.7726
                0x00000000080063bc                cliCMix.7739
                0x000000000800664c                GPS_set_next_wp
                0x00000000080066d8                pwmOutConfig.4991
                0x0000000008006968                hottV4Respond.7023
 *fill*         0x00000000080069c4        0x4 
 .text          0x00000000080069c8      0xde8 /tmp/cckHODuN.ltrans7.ltrans.o
                0x00000000080069c8                beepRev5.10499
                0x00000000080069dc                beepRev4.10496
                0x00000000080069f0                mspReadRawRC.10263
                0x00000000080069fc                pwmReadRawRC
                0x0000000008006a14                softSerialWriteByte
                0x0000000008006a32                softSerialTotalBytesWaiting
                0x0000000008006a56                softSerialReadByte
                0x0000000008006a84                isSoftSerialTransmitBufferEmpty
                0x0000000008006a90                softSerialSetMode
                0x0000000008006a94                softSerialSetBaudRate
                0x0000000008006a96                pwmWriteStandard.4924
                0x0000000008006aa8                pwmWriteBrushed.4920
                0x0000000008006acc                mpu6500AccInit.4800
                0x0000000008006ae4                mpu6050AccInit.4731
                0x0000000008006b0c                ms5611_calculate.4362
                0x0000000008006c64                bmp085_calculate.4240
                0x0000000008006d40                cliCompare.7632
                0x0000000008006d5a                systemBeep
                0x0000000008006d68                micros
                0x0000000008006d9c                delayMicroseconds
                0x0000000008006db2                delay
                0x0000000008006dc6                gpioInit
                0x0000000008006e38                read8
                0x0000000008006e4c                read16
                0x0000000008006e60                read32
                0x0000000008006e72                writeMotors
                0x0000000008006eac                servoMiddle
                0x0000000008006ed4                rotateV
                0x0000000008007044                calculateHeading.8227
                0x0000000008007138                applyDeadband
                0x0000000008007156                parseRcChannels
                0x0000000008007188                validEEPROM.8143
                0x00000000080071cc                _atof.7641
                0x00000000080072f8                i2a.7636
                0x0000000008007320                loadBlackboxState.7141
                0x00000000080073d4                applyChangedBits
                0x00000000080073fe                setTxSignal
                0x000000000800741e                GPS_distance_cm_bearing.isra.3.5484
                0x00000000080074a4                GPS_calc_longitude_scaling.5456
                0x00000000080074e0                GPS_reset_home_position
                0x0000000008007528                wrap_18000
                0x000000000800754c                gpsSetPIDs
                0x00000000080075f0                activateConfig
                0x00000000080076d4                spiTransferByte
                0x00000000080076fc                pwmWriteServo
                0x0000000008007718                failsafeCheck.5008
                0x0000000008007760                ppmCallback.4916
 .text          0x00000000080077b0      0x95c /tmp/cckHODuN.ltrans8.ltrans.o
                0x00000000080077b0                TIM_GetCapture4
                0x00000000080077b8                TIM_GetCapture3
                0x00000000080077be                TIM_GetCapture2
                0x00000000080077c4                TIM_GetCapture1
                0x00000000080077ca                TIM_ICInit.constprop.34
                0x00000000080079f0                pwmICConfig
                0x0000000008007a20                pwmCallback.4912
                0x0000000008007a84                grab_fields.5444.constprop.26
                0x0000000008007ac4                GPS_coord_to_degrees.constprop.18
                0x0000000008007b70                tfp_format
                0x0000000008007cfa                blackboxPrintf.7173
                0x0000000008007d1c                writeEEPROM
                0x0000000008007e54                ftoa.7722
                0x0000000008007f28                timCCxHandler.5282
                0x0000000008007f74                RCC_GetClocksFreq
                0x0000000008008008                USART_Init
                0x00000000080080b0                uartSetBaudRate
                0x00000000080080fa                RCC_APB1PeriphResetCmd.part.6.13767
 .text          0x000000000800810c      0xa08 /tmp/cckHODuN.ltrans9.ltrans.o
                0x0000000008008134                spektrumReadRawRC.11664
                0x00000000080081d4                sumdReadRawRC.11447
                0x00000000080081f0                sbusReadRawRC.11193
                0x0000000008008214                uartRead
                0x0000000008008246                isUartTransmitBufferEmpty
                0x000000000800825c                uartTotalBytesWaiting
                0x0000000008008272                uartSetMode
                0x0000000008008274                spektrumDataReceive.11658
                0x00000000080082cc                sumdDataReceive.11444
                0x0000000008008340                sbusDataReceive.11190
                0x000000000800839c                FLASH_WaitForLastOperation
                0x00000000080083be                FLASH_ErasePage
                0x00000000080083fc                uartStartTxDMA.10759
                0x000000000800842e                DMA_Init
                0x000000000800846a                DMA_DeInit
                0x0000000008008558                NVIC_Init.part.0.12060
                0x00000000080085a4                alignSensors
                0x00000000080086dc                putchw.10902
                0x0000000008008724                ui2a.10883
                0x0000000008008774                uli2a.10873
                0x00000000080087c4                serialSetMode
                0x00000000080087ce                serialSetBaudRate
                0x00000000080087d8                serialRead
                0x00000000080087e2                serialTotalBytesWaiting
                0x00000000080087ec                serialWrite
                0x00000000080087f6                serialize8
                0x0000000008008814                headSerialResponse
                0x0000000008008850                headSerialReply
                0x0000000008008856                serialize16
                0x000000000800886a                serialize32
                0x000000000800888c                _putc.8511
                0x0000000008008898                cliPrint.7661
                0x00000000080088b4                cliGpsPassthrough.7684
                0x0000000008008928                cliVersion.7664
                0x0000000008008930                blackboxWrite.7150
                0x000000000800893c                writeUnsignedVB.7153
                0x000000000800895a                writeSignedVB.7156
                0x0000000008008962                writeGPSFrame.7171
                0x00000000080089bc                _putc.7135
                0x00000000080089c8                sendDataHead.6671
                0x00000000080089e4                sendTelemetryTail.6674
                0x0000000008008a20                serialize16.6681
                0x0000000008008a36                failureMode
                0x0000000008008a7c                readEEPROM
                0x0000000008008ac8                blinkLED
 .text          0x0000000008008b14      0x6d8 /tmp/cckHODuN.ltrans10.ltrans.o
                0x0000000008008b14                i2cInit
                0x0000000008008d04                i2cRead
                0x0000000008008d80                i2cWriteBuffer
                0x0000000008008dfc                i2cWrite
                0x0000000008008e10                l3g4200dInit.4869
                0x0000000008008e54                mpu6050GyroInit.4742
                0x0000000008008ee8                mpu3050Init.4676
                0x0000000008008f44                mma8452Init.4631
                0x0000000008008fd4                ms5611_start_up.4375
                0x0000000008008fdc                ms5611_start_ut.4377
                0x0000000008008fe4                bmp085_start_up.4250
                0x0000000008009008                bmp085_start_ut.4252
                0x000000000800901c                bma280Init.4184
                0x000000000800904c                ak8975Init
                0x0000000008009060                adxl345Init.4113
                0x00000000080090c4                i2c_er_handler.10350
                0x0000000008009154                timerConfigure
                0x0000000008009188                pwmInConfig.5023
 .text          0x00000000080091ec      0x66c /tmp/cckHODuN.ltrans11.ltrans.o
                0x00000000080091ec                mpu6500AccRead.4820
                0x0000000008009254                cliFeature.7687
                0x000000000800934c                uartOpen
                0x000000000800969c                serialInit
                0x00000000080097cc                checkTelemetryState.part.2.6358
 .text          0x0000000008009858      0xaa0 /tmp/cckHODuN.ltrans12.ltrans.o
                0x0000000008009858                uartWrite
                0x000000000800988e                serialICConfig
                0x00000000080098b4                computeIMU
                0x000000000800a1d2                spiTransfer
                0x000000000800a210                mpu6500GyroRead.4815
                0x000000000800a28c                mixerResetMotors
                0x000000000800a2bc                cliExit.7690
 .text          0x000000000800a2f8      0x9b8 /tmp/cckHODuN.ltrans13.ltrans.o
                0x000000000800a2f8                cliHelp.7672
                0x000000000800a324                cliStatus.7675
                0x000000000800a41c                cliMap.7681
                0x000000000800a4c0                cliMixer.7698
                0x000000000800a564                cliProfile.7703
                0x000000000800a5b0                cliAux.7714
                0x000000000800a614                cliMotor.7709
                0x000000000800a6bc                cliDump.7736
                0x000000000800a874                cliSet.7733
                0x000000000800a9d0                checkFirstTime
                0x000000000800ac7c                cliDefaults.7693
 .text          0x000000000800acb0      0x1fc /tmp/cckHODuN.ltrans14.ltrans.o
                0x000000000800acb0                SystemInit
                0x000000000800acfc                USART3_IRQHandler
                0x000000000800ad34                USART2_IRQHandler
                0x000000000800ada8                USART1_IRQHandler
                0x000000000800adec                DMA1_Channel2_IRQHandler
                0x000000000800ae1c                DMA1_Channel4_IRQHandler
                0x000000000800ae58                SysTick_Handler
                0x000000000800ae6c                I2C2_ER_IRQHandler
                0x000000000800ae70                I2C1_ER_IRQHandler
                0x000000000800ae74                I2C2_EV_IRQHandler
                0x000000000800ae78                I2C1_EV_IRQHandler
                0x000000000800ae7c                HardFault_Handler
 .text          0x000000000800aeac      0x148 /tmp/cckHODuN.ltrans15.ltrans.o
                0x000000000800aeac                mwArm.9117
                0x000000000800afc0                mwDisarm.9106
 .text          0x000000000800aff4       0x5c /tmp/cckHODuN.ltrans16.ltrans.o
                0x000000000800aff4                TIM4_IRQHandler
                0x000000000800b000                TIM3_IRQHandler
                0x000000000800b00c                TIM2_IRQHandler
                0x000000000800b016                TIM1_CC_IRQHandler
                0x000000000800b024                EXTI9_5_IRQHandler
                0x000000000800b028                EXTI1_IRQHandler
                0x000000000800b02c                EXTI15_10_IRQHandler
 .text          0x000000000800b050      0x370 /usr/bin/../lib/gcc/arm-none-eabi/4.8.4/armv7-m/libgcc.a(_arm_addsubdf3.o)
                0x000000000800b050                __aeabi_drsub
                0x000000000800b058                __aeabi_dsub
                0x000000000800b058                __subdf3
                0x000000000800b05c                __adddf3
                0x000000000800b05c                __aeabi_dadd
                0x000000000800b2d4                __aeabi_ui2d
                0x000000000800b2d4                __floatunsidf
                0x000000000800b2f4                __floatsidf
                0x000000000800b2f4                __aeabi_i2d
                0x000000000800b318                __extendsfdf2
                0x000000000800b318                __aeabi_f2d
                0x000000000800b354                __aeabi_ul2d
                0x000000000800b354                __floatundidf
                0x000000000800b364                __floatdidf
                0x000000000800b364                __aeabi_l2d
 .text          0x000000000800b3c0      0x424 /usr/bin/../lib/gcc/arm-none-eabi/4.8.4/armv7-m/libgcc.a(_arm_muldivdf3.o)
                0x000000000800b3c0                __aeabi_dmul
                0x000000000800b3c0                __muldf3
                0x000000000800b614                __aeabi_ddiv
                0x000000000800b614                __divdf3
 .text          0x000000000800b7e4       0xa0 /usr/bin/../lib/gcc/arm-none-eabi/4.8.4/armv7-m/libgcc.a(_arm_truncdfsf2.o)
                0x000000000800b7e4                __aeabi_d2f
                0x000000000800b7e4                __truncdfsf2
 .text          0x000000000800b884      0x21c /usr/bin/../lib/gcc/arm-none-eabi/4.8.4/armv7-m/libgcc.a(_arm_addsubsf3.o)
                0x000000000800b884                __aeabi_frsub
                0x000000000800b88c                __subsf3
                0x000000000800b88c                __aeabi_fsub
                0x000000000800b890                __aeabi_fadd
                0x000000000800b890                __addsf3
                0x000000000800b9f0                __aeabi_ui2f
                0x000000000800b9f0                __floatunsisf
                0x000000000800b9f8                __aeabi_i2f
                0x000000000800b9f8                __floatsisf
                0x000000000800ba14                __floatundisf
                0x000000000800ba14                __aeabi_ul2f
                0x000000000800ba24                __floatdisf
                0x000000000800ba24                __aeabi_l2f
 .text          0x000000000800baa0      0x2a0 /usr/bin/../lib/gcc/arm-none-eabi/4.8.4/armv7-m/libgcc.a(_arm_muldivsf3.o)
                0x000000000800baa0                __mulsf3
                0x000000000800baa0                __aeabi_fmul
                0x000000000800bc08                __divsf3
                0x000000000800bc08                __aeabi_fdiv
 .text          0x000000000800bd40       0xec /usr/bin/../lib/gcc/arm-none-eabi/4.8.4/armv7-m/libgcc.a(_arm_cmpsf2.o)
                0x000000000800bd40                __gtsf2
                0x000000000800bd40                __gesf2
                0x000000000800bd48                __lesf2
                0x000000000800bd48                __ltsf2
                0x000000000800bd50                __nesf2
                0x000000000800bd50                __eqsf2
                0x000000000800bd50                __cmpsf2
                0x000000000800bdb0                __aeabi_cfrcmple
                0x000000000800bdb8                __aeabi_cfcmple
                0x000000000800bdb8                __aeabi_cfcmpeq
                0x000000000800bdc8                __aeabi_fcmpeq
                0x000000000800bddc                __aeabi_fcmplt
                0x000000000800bdf0                __aeabi_fcmple
                0x000000000800be04                __aeabi_fcmpge
                0x000000000800be18                __aeabi_fcmpgt
 .text          0x000000000800be2c       0x4c /usr/bin/../lib/gcc/arm-none-eabi/4.8.4/armv7-m/libgcc.a(_arm_fixsfsi.o)
                0x000000000800be2c                __fixsfsi
                0x000000000800be2c                __aeabi_f2iz
 .text          0x000000000800be78       0x40 /usr/bin/../lib/gcc/arm-none-eabi/4.8.4/armv7-m/libgcc.a(_arm_fixunssfsi.o)
                0x000000000800be78                __aeabi_f2uiz
                0x000000000800be78                __fixunssfsi
 .text          0x000000000800beb8       0x38 /usr/bin/../lib/gcc/arm-none-eabi/4.8.4/armv7-m/libgcc.a(_aeabi_ldivmod.o)
                0x000000000800beb8                __aeabi_ldivmod
 .text          0x000000000800bef0       0x60 /usr/bin/../lib/gcc/arm-none-eabi/4.8.4/armv7-m/libgcc.a(bpabi.o)
                0x000000000800bef0                __gnu_ldivmod_helper
                0x000000000800bf20                __gnu_uldivmod_helper
 .text          0x000000000800bf50        0x4 /usr/bin/../lib/gcc/arm-none-eabi/4.8.4/armv7-m/libgcc.a(_dvmd_tls.o)
                0x000000000800bf50                __aeabi_ldiv0
                0x000000000800bf50                __aeabi_idiv0
 .text          0x000000000800bf54      0x2a0 /usr/bin/../lib/gcc/arm-none-eabi/4.8.4/armv7-m/libgcc.a(_divdi3.o)
                0x000000000800bf54                __divdi3
 .text          0x000000000800c1f4      0x290 /usr/bin/../lib/gcc/arm-none-eabi/4.8.4/armv7-m/libgcc.a(_udivdi3.o)
                0x000000000800c1f4                __udivdi3
 .text          0x000000000800c484      0x110 /usr/bin/../lib/gcc/arm-none-eabi/4.8.4/armv7-m/libgcc.a(_arm_cmpdf2.o)
                0x000000000800c484                __gtdf2
                0x000000000800c484                __gedf2
                0x000000000800c48c                __ltdf2
                0x000000000800c48c                __ledf2
                0x000000000800c494                __cmpdf2
                0x000000000800c494                __eqdf2
                0x000000000800c494                __nedf2
                0x000000000800c510                __aeabi_cdrcmple
                0x000000000800c520                __aeabi_cdcmple
                0x000000000800c520                __aeabi_cdcmpeq
                0x000000000800c530                __aeabi_dcmpeq
                0x000000000800c544                __aeabi_dcmplt
                0x000000000800c558                __aeabi_dcmple
                0x000000000800c56c                __aeabi_dcmpge
                0x000000000800c580                __aeabi_dcmpgt
 *(.text*)
 *fill*         0x000000000800c594        0x4 
 .text.startup  0x000000000800c598     0x1738 /tmp/cckHODuN.ltrans1.ltrans.o
                0x000000000800c598                main
 .text.unlikely
                0x000000000800dcd0      0x100 /tmp/cckHODuN.ltrans6.ltrans.o
                0x000000000800dcd0                initialiseSoftSerial
 .text.memcpy   0x000000000800ddd0       0x12 /usr/bin/../lib/gcc/arm-none-eabi/4.8.4/../../../../arm-none-eabi/lib/armv7-m/libg_s.a(lib_a-memcpy-stub.o)
                0x000000000800ddd0                memcpy
 .text.memset   0x000000000800dde2       0x10 /usr/bin/../lib/gcc/arm-none-eabi/4.8.4/../../../../arm-none-eabi/lib/armv7-m/libg_s.a(lib_a-memset.o)
                0x000000000800dde2                memset
 .text.strcat   0x000000000800ddf2       0x1a /usr/bin/../lib/gcc/arm-none-eabi/4.8.4/../../../../arm-none-eabi/lib/armv7-m/libg_s.a(lib_a-strcat.o)
                0x000000000800ddf2                strcat
 .text.strchr   0x000000000800de0c       0x1a /usr/bin/../lib/gcc/arm-none-eabi/4.8.4/../../../../arm-none-eabi/lib/armv7-m/libg_s.a(lib_a-strchr.o)
                0x000000000800de0c                strchr
 .text.strlen   0x000000000800de26       0x10 /usr/bin/../lib/gcc/arm-none-eabi/4.8.4/../../../../arm-none-eabi/lib/armv7-m/libg_s.a(lib_a-strlen.o)
                0x000000000800de26                strlen
 *fill*         0x000000000800de36        0x2 
 .text.strncasecmp
                0x000000000800de38       0x44 /usr/bin/../lib/gcc/arm-none-eabi/4.8.4/../../../../arm-none-eabi/lib/armv7-m/libg_s.a(lib_a-strncasecmp.o)
                0x000000000800de38                strncasecmp
 .text.strncpy  0x000000000800de7c       0x24 /usr/bin/../lib/gcc/arm-none-eabi/4.8.4/../../../../arm-none-eabi/lib/armv7-m/libg_s.a(lib_a-strncpy.o)
                0x000000000800de7c                strncpy
 .text.strstr   0x000000000800dea0       0x32 /usr/bin/../lib/gcc/arm-none-eabi/4.8.4/../../../../arm-none-eabi/lib/armv7-m/libg_s.a(lib_a-strstr.o)
                0x000000000800dea0                strstr
 *fill*         0x000000000800ded2        0x2 
 .text.Reset_Handler
                0x000000000800ded4       0xac obj/NAZE/startup_stm32f10x_md_gcc.o
                0x000000000800ded4                Reset_Handler
 .text.Default_Handler
                0x000000000800df80        0x4 obj/NAZE/startup_stm32f10x_md_gcc.o
                0x000000000800df80                EXTI2_IRQHandler
                0x000000000800df80                DebugMon_Handler
                0x000000000800df80                PVD_IRQHandler
                0x000000000800df80                PendSV_Handler
                0x000000000800df80                NMI_Handler
                0x000000000800df80                EXTI3_IRQHandler
                0x000000000800df80                EXTI0_IRQHandler
                0x000000000800df80                UsageFault_Handler
                0x000000000800df80                ADC1_2_IRQHandler
                0x000000000800df80                SPI1_IRQHandler
                0x000000000800df80                TAMPER_IRQHandler
                0x000000000800df80                RTC_IRQHandler
                0x000000000800df80                DMA1_Channel7_IRQHandler
                0x000000000800df80                CAN1_RX1_IRQHandler
                0x000000000800df80                DMA1_Channel6_IRQHandler
                0x000000000800df80                RCC_IRQHandler
                0x000000000800df80                TIM1_TRG_COM_IRQHandler
                0x000000000800df80                DMA1_Channel1_IRQHandler
                0x000000000800df80                Default_Handler
                0x000000000800df80                SPI2_IRQHandler
                0x000000000800df80                MemManage_Handler
                0x000000000800df80                SVC_Handler
                0x000000000800df80                DMA1_Channel5_IRQHandler
                0x000000000800df80                EXTI4_IRQHandler
                0x000000000800df80                USB_LP_CAN1_RX0_IRQHandler
                0x000000000800df80                USB_HP_CAN1_TX_IRQHandler
                0x000000000800df80                DMA1_Channel3_IRQHandler
                0x000000000800df80                TIM1_UP_IRQHandler
                0x000000000800df80                WWDG_IRQHandler
                0x000000000800df80                TIM1_BRK_IRQHandler
                0x000000000800df80                RTCAlarm_IRQHandler
                0x000000000800df80                CAN1_SCE_IRQHandler
                0x000000000800df80                FLASH_IRQHandler
                0x000000000800df80                BusFault_Handler
                0x000000000800df80                USBWakeUp_IRQHandler
 .text.atoi     0x000000000800df84        0x8 /usr/bin/../lib/gcc/arm-none-eabi/4.8.4/../../../../arm-none-eabi/lib/armv7-m/libc_s.a(lib_a-atoi.o)
                0x000000000800df84                atoi
 .text.bsearch  0x000000000800df8c       0x42 /usr/bin/../lib/gcc/arm-none-eabi/4.8.4/../../../../arm-none-eabi/lib/armv7-m/libc_s.a(lib_a-bsearch.o)
                0x000000000800df8c                bsearch
 *fill*         0x000000000800dfce        0x2 
 .text.strtok   0x000000000800dfd0       0x64 /usr/bin/../lib/gcc/arm-none-eabi/4.8.4/../../../../arm-none-eabi/lib/armv7-m/libc_s.a(lib_a-strtok.o)
                0x000000000800dfd0                strtok
 .text.__strtok_r
                0x000000000800e034       0x56 /usr/bin/../lib/gcc/arm-none-eabi/4.8.4/../../../../arm-none-eabi/lib/armv7-m/libc_s.a(lib_a-strtok_r.o)
                0x000000000800e034                __strtok_r
 *fill*         0x000000000800e08a        0x2 
 .text._strtol_r
                0x000000000800e08c      0x104 /usr/bin/../lib/gcc/arm-none-eabi/4.8.4/../../../../arm-none-eabi/lib/armv7-m/libc_s.a(lib_a-strtol.o)
                0x000000000800e08c                _strtol_r
 .text.strtol   0x000000000800e190       0x1c /usr/bin/../lib/gcc/arm-none-eabi/4.8.4/../../../../arm-none-eabi/lib/armv7-m/libc_s.a(lib_a-strtol.o)
                0x000000000800e190                strtol
 .text.malloc   0x000000000800e1ac       0x10 /usr/bin/../lib/gcc/arm-none-eabi/4.8.4/../../../../arm-none-eabi/lib/armv7-m/libc_s.a(lib_a-malloc.o)
                0x000000000800e1ac                malloc
 .text._malloc_r
                0x000000000800e1bc       0xa8 /usr/bin/../lib/gcc/arm-none-eabi/4.8.4/../../../../arm-none-eabi/lib/armv7-m/libc_s.a(lib_a-nano-mallocr.o)
                0x000000000800e1bc                _malloc_r
 .text._sbrk_r  0x000000000800e264       0x20 /usr/bin/../lib/gcc/arm-none-eabi/4.8.4/../../../../arm-none-eabi/lib/armv7-m/libc_s.a(lib_a-sbrkr.o)
                0x000000000800e264                _sbrk_r
 .text._sbrk    0x000000000800e284       0x34 /usr/bin/../lib/gcc/arm-none-eabi/4.8.4/../../../../arm-none-eabi/lib/armv7-m/libnosys.a(sbrk.o)
                0x000000000800e284                _sbrk
 .text.cosf     0x000000000800e2b8       0x6c /usr/bin/../lib/gcc/arm-none-eabi/4.8.4/../../../../arm-none-eabi/lib/armv7-m/libm.a(lib_a-sf_cos.o)
                0x000000000800e2b8                cosf
 .text.lrintf   0x000000000800e324       0x7c /usr/bin/../lib/gcc/arm-none-eabi/4.8.4/../../../../arm-none-eabi/lib/armv7-m/libm.a(lib_a-sf_lrint.o)
                0x000000000800e324                lrintf
 .text.sinf     0x000000000800e3a0       0x7c /usr/bin/../lib/gcc/arm-none-eabi/4.8.4/../../../../arm-none-eabi/lib/armv7-m/libm.a(lib_a-sf_sin.o)
                0x000000000800e3a0                sinf
 .text.acosf    0x000000000800e41c       0xa0 /usr/bin/../lib/gcc/arm-none-eabi/4.8.4/../../../../arm-none-eabi/lib/armv7-m/libm.a(lib_a-wf_acos.o)
                0x000000000800e41c                acosf
 .text.atan2f   0x000000000800e4bc        0x4 /usr/bin/../lib/gcc/arm-none-eabi/4.8.4/../../../../arm-none-eabi/lib/armv7-m/libm.a(lib_a-wf_atan2.o)
                0x000000000800e4bc                atan2f
 .text.powf     0x000000000800e4c0      0x310 /usr/bin/../lib/gcc/arm-none-eabi/4.8.4/../../../../arm-none-eabi/lib/armv7-m/libm.a(lib_a-wf_pow.o)
                0x000000000800e4c0                powf
 .text.sqrtf    0x000000000800e7d0       0x9c /usr/bin/../lib/gcc/arm-none-eabi/4.8.4/../../../../arm-none-eabi/lib/armv7-m/libm.a(lib_a-wf_sqrt.o)
                0x000000000800e7d0                sqrtf
 .text.__ieee754_acosf
                0x000000000800e86c      0x2d0 /usr/bin/../lib/gcc/arm-none-eabi/4.8.4/../../../../arm-none-eabi/lib/armv7-m/libm.a(lib_a-ef_acos.o)
                0x000000000800e86c                __ieee754_acosf
 .text.__ieee754_atan2f
                0x000000000800eb3c      0x120 /usr/bin/../lib/gcc/arm-none-eabi/4.8.4/../../../../arm-none-eabi/lib/armv7-m/libm.a(lib_a-ef_atan2.o)
                0x000000000800eb3c                __ieee754_atan2f
 .text.__ieee754_powf
                0x000000000800ec5c      0x6f8 /usr/bin/../lib/gcc/arm-none-eabi/4.8.4/../../../../arm-none-eabi/lib/armv7-m/libm.a(lib_a-ef_pow.o)
                0x000000000800ec5c                __ieee754_powf
 .text.__ieee754_rem_pio2f
                0x000000000800f354      0x2e8 /usr/bin/../lib/gcc/arm-none-eabi/4.8.4/../../../../arm-none-eabi/lib/armv7-m/libm.a(lib_a-ef_rem_pio2.o)
                0x000000000800f354                __ieee754_rem_pio2f
 .text.__ieee754_sqrtf
                0x000000000800f63c       0xa8 /usr/bin/../lib/gcc/arm-none-eabi/4.8.4/../../../../arm-none-eabi/lib/armv7-m/libm.a(lib_a-ef_sqrt.o)
                0x000000000800f63c                __ieee754_sqrtf
 .text.__kernel_cosf
                0x000000000800f6e4      0x188 /usr/bin/../lib/gcc/arm-none-eabi/4.8.4/../../../../arm-none-eabi/lib/armv7-m/libm.a(lib_a-kf_cos.o)
                0x000000000800f6e4                __kernel_cosf
 .text.__kernel_rem_pio2f
                0x000000000800f86c      0x670 /usr/bin/../lib/gcc/arm-none-eabi/4.8.4/../../../../arm-none-eabi/lib/armv7-m/libm.a(lib_a-kf_rem_pio2.o)
                0x000000000800f86c                __kernel_rem_pio2f
 .text.__kernel_sinf
                0x000000000800fedc       0xec /usr/bin/../lib/gcc/arm-none-eabi/4.8.4/../../../../arm-none-eabi/lib/armv7-m/libm.a(lib_a-kf_sin.o)
                0x000000000800fedc                __kernel_sinf
 .text.matherr  0x000000000800ffc8        0x4 /usr/bin/../lib/gcc/arm-none-eabi/4.8.4/../../../../arm-none-eabi/lib/armv7-m/libm.a(lib_a-s_matherr.o)
                0x000000000800ffc8                matherr
 .text.nan      0x000000000800ffcc        0xc /usr/bin/../lib/gcc/arm-none-eabi/4.8.4/../../../../arm-none-eabi/lib/armv7-m/libm.a(lib_a-s_nan.o)
                0x000000000800ffcc                nan
 .text.rint     0x000000000800ffd8      0x118 /usr/bin/../lib/gcc/arm-none-eabi/4.8.4/../../../../arm-none-eabi/lib/armv7-m/libm.a(lib_a-s_rint.o)
                0x000000000800ffd8                rint
 .text.atanf    0x00000000080100f0      0x22c /usr/bin/../lib/gcc/arm-none-eabi/4.8.4/../../../../arm-none-eabi/lib/armv7-m/libm.a(lib_a-sf_atan.o)
                0x00000000080100f0                atanf
 .text.fabsf    0x000000000801031c        0x8 /usr/bin/../lib/gcc/arm-none-eabi/4.8.4/../../../../arm-none-eabi/lib/armv7-m/libm.a(lib_a-sf_fabs.o)
                0x000000000801031c                fabsf
 .text.finitef  0x0000000008010324       0x10 /usr/bin/../lib/gcc/arm-none-eabi/4.8.4/../../../../arm-none-eabi/lib/armv7-m/libm.a(lib_a-sf_finite.o)
                0x0000000008010324                finitef
 .text.floorf   0x0000000008010334       0x8c /usr/bin/../lib/gcc/arm-none-eabi/4.8.4/../../../../arm-none-eabi/lib/armv7-m/libm.a(lib_a-sf_floor.o)
                0x0000000008010334                floorf
 .text.__fpclassifyf
                0x00000000080103c0       0x34 /usr/bin/../lib/gcc/arm-none-eabi/4.8.4/../../../../arm-none-eabi/lib/armv7-m/libm.a(lib_a-sf_fpclassify.o)
                0x00000000080103c0                __fpclassifyf
 .text.nanf     0x00000000080103f4        0x8 /usr/bin/../lib/gcc/arm-none-eabi/4.8.4/../../../../arm-none-eabi/lib/armv7-m/libm.a(lib_a-sf_nan.o)
                0x00000000080103f4                nanf
 .text.scalbnf  0x00000000080103fc       0xb4 /usr/bin/../lib/gcc/arm-none-eabi/4.8.4/../../../../arm-none-eabi/lib/armv7-m/libm.a(lib_a-sf_scalbn.o)
                0x00000000080103fc                scalbnf
 .text.copysignf
                0x00000000080104b0        0xc /usr/bin/../lib/gcc/arm-none-eabi/4.8.4/../../../../arm-none-eabi/lib/armv7-m/libm.a(lib_a-sf_copysign.o)
                0x00000000080104b0                copysignf
 .text.__errno  0x00000000080104bc        0xc /usr/bin/../lib/gcc/arm-none-eabi/4.8.4/../../../../arm-none-eabi/lib/armv7-m/libc_s.a(lib_a-errno.o)
                0x00000000080104bc                __errno
 *(.rodata)
 .rodata        0x00000000080104c8      0x1c4 /tmp/cckHODuN.ltrans0.ltrans.o
 .rodata        0x000000000801068c      0x694 /tmp/cckHODuN.ltrans1.ltrans.o
                0x00000000080106ac                mixers
                0x0000000008010774                gpsInitData.5814
                0x00000000080107e2                ubloxInit.5825
                0x0000000008010860                ubloxConfigList.5821
                0x0000000008010878                mixerDualcopter.9034
                0x0000000008010898                mixerHex6H.9033
                0x00000000080108f8                mixerVtail4.9032
                0x0000000008010938                mixerOctoFlatX.9031
                0x00000000080109b8                mixerOctoFlatP.9030
                0x0000000008010a38                mixerOctoX8.9029
                0x0000000008010ab8                mixerHex6X.9028
                0x0000000008010b18                mixerY4.9027
                0x0000000008010b58                mixerHex6P.9026
                0x0000000008010bb8                mixerY6.9025
                0x0000000008010c18                mixerBi.9024
                0x0000000008010c38                mixerQuadX.9023
                0x0000000008010c78                mixerQuadP.9022
                0x0000000008010cb8                mixerTri.9021
 .rodata        0x0000000008010d20      0x138 /tmp/cckHODuN.ltrans2.ltrans.o
 .rodata        0x0000000008010e58       0x38 /tmp/cckHODuN.ltrans4.ltrans.o
                0x0000000008010e70                channels.5372
 .rodata        0x0000000008010e90       0x18 /tmp/cckHODuN.ltrans6.ltrans.o
 .rodata        0x0000000008010ea8       0x28 /tmp/cckHODuN.ltrans10.ltrans.o
 .rodata        0x0000000008010ed0      0x11c /tmp/cckHODuN.ltrans11.ltrans.o
                0x0000000008010ed0                featureNames.7968
                0x0000000008010f2c                cmdTable
 .rodata        0x0000000008010fec       0xb4 /tmp/cckHODuN.ltrans13.ltrans.o
                0x000000000801103c                mixerNames.7971
 .rodata        0x00000000080110a0      0xa00 /tmp/cckHODuN.ltrans14.ltrans.o
                0x00000000080110a0                valueTable
 *(.rodata*)
 .rodata.str1.1
                0x0000000008011aa0      0x36a /tmp/cckHODuN.ltrans0.ltrans.o
                                        0x377 (size before relaxing)
 *fill*         0x0000000008011e0a        0x2 
 .rodata.timerHardware
                0x0000000008011e0c       0xe0 /tmp/cckHODuN.ltrans1.ltrans.o
                0x0000000008011e0c                timerHardware
 .rodata.str1.1
                0x0000000008011eec       0xda /tmp/cckHODuN.ltrans1.ltrans.o
                                         0xdb (size before relaxing)
 .rodata.str1.1
                0x0000000008011fc6       0xaf /tmp/cckHODuN.ltrans2.ltrans.o
                                         0xbb (size before relaxing)
 .rodata.str1.1
                0x0000000008012075       0x72 /tmp/cckHODuN.ltrans3.ltrans.o
                                         0x75 (size before relaxing)
 .rodata.str1.1
                0x00000000080120e7       0x19 /tmp/cckHODuN.ltrans4.ltrans.o
 .rodata.str1.1
                0x0000000008012100       0xeb /tmp/cckHODuN.ltrans6.ltrans.o
                                         0xfe (size before relaxing)
 .rodata.str1.1
                0x00000000080121eb       0x25 /tmp/cckHODuN.ltrans7.ltrans.o
 .rodata.str1.1
                0x0000000000000000       0x25 /tmp/cckHODuN.ltrans8.ltrans.o
                                          0x2 (size before relaxing)
 .rodata.str1.1
                0x0000000008012210       0x54 /tmp/cckHODuN.ltrans9.ltrans.o
 .rodata.str1.1
                0x0000000008012264      0x28a /tmp/cckHODuN.ltrans11.ltrans.o
                                        0x2a9 (size before relaxing)
 .rodata.str1.1
                0x00000000080124ee       0x18 /tmp/cckHODuN.ltrans12.ltrans.o
 .rodata.str1.1
                0x0000000008012506      0x446 /tmp/cckHODuN.ltrans13.ltrans.o
                                        0x4c4 (size before relaxing)
 .rodata.rcChannelLetters
                0x000000000801294c        0x9 /tmp/cckHODuN.ltrans13.ltrans.o
                0x000000000801294c                rcChannelLetters
 .rodata.str1.1
                0x0000000008012955      0x6a6 /tmp/cckHODuN.ltrans14.ltrans.o
                                        0x6d4 (size before relaxing)
 .rodata._ctype_
                0x0000000008012ffb      0x101 /usr/bin/../lib/gcc/arm-none-eabi/4.8.4/../../../../arm-none-eabi/lib/armv7-m/libc_s.a(lib_a-ctype_.o)
                0x0000000008012ffb                _ctype_
 .rodata.str1.1
                0x0000000000000000        0x0 /usr/bin/../lib/gcc/arm-none-eabi/4.8.4/../../../../arm-none-eabi/lib/armv7-m/libc_s.a(lib_a-impure.o)
                                          0x2 (size before relaxing)
 .rodata.TWO23  0x00000000080130fc        0x8 /usr/bin/../lib/gcc/arm-none-eabi/4.8.4/../../../../arm-none-eabi/lib/armv7-m/libm.a(lib_a-sf_lrint.o)
 .rodata.str1.4
                0x0000000008013104        0x6 /usr/bin/../lib/gcc/arm-none-eabi/4.8.4/../../../../arm-none-eabi/lib/armv7-m/libm.a(lib_a-wf_acos.o)
                                          0xc (size before relaxing)
 *fill*         0x000000000801310a        0x2 
 .rodata.str1.4
                0x000000000801310c        0x5 /usr/bin/../lib/gcc/arm-none-eabi/4.8.4/../../../../arm-none-eabi/lib/armv7-m/libm.a(lib_a-wf_pow.o)
                                          0x8 (size before relaxing)
 *fill*         0x0000000008013111        0x3 
 .rodata.str1.4
                0x0000000008013114        0x8 /usr/bin/../lib/gcc/arm-none-eabi/4.8.4/../../../../arm-none-eabi/lib/armv7-m/libm.a(lib_a-wf_sqrt.o)
 .rodata.dp_h   0x000000000801311c        0x8 /usr/bin/../lib/gcc/arm-none-eabi/4.8.4/../../../../arm-none-eabi/lib/armv7-m/libm.a(lib_a-ef_pow.o)
 .rodata.dp_l   0x0000000008013124        0x8 /usr/bin/../lib/gcc/arm-none-eabi/4.8.4/../../../../arm-none-eabi/lib/armv7-m/libm.a(lib_a-ef_pow.o)
 .rodata.bp     0x000000000801312c        0x8 /usr/bin/../lib/gcc/arm-none-eabi/4.8.4/../../../../arm-none-eabi/lib/armv7-m/libm.a(lib_a-ef_pow.o)
 .rodata.str1.4
                0x0000000000000000        0x4 /usr/bin/../lib/gcc/arm-none-eabi/4.8.4/../../../../arm-none-eabi/lib/armv7-m/libm.a(lib_a-ef_pow.o)
 .rodata.npio2_hw
                0x0000000008013134       0x80 /usr/bin/../lib/gcc/arm-none-eabi/4.8.4/../../../../arm-none-eabi/lib/armv7-m/libm.a(lib_a-ef_rem_pio2.o)
 .rodata.two_over_pi
                0x00000000080131b4      0x318 /usr/bin/../lib/gcc/arm-none-eabi/4.8.4/../../../../arm-none-eabi/lib/armv7-m/libm.a(lib_a-ef_rem_pio2.o)
 .rodata.init_jk
                0x00000000080134cc        0xc /usr/bin/../lib/gcc/arm-none-eabi/4.8.4/../../../../arm-none-eabi/lib/armv7-m/libm.a(lib_a-kf_rem_pio2.o)
 .rodata.PIo2   0x00000000080134d8       0x2c /usr/bin/../lib/gcc/arm-none-eabi/4.8.4/../../../../arm-none-eabi/lib/armv7-m/libm.a(lib_a-kf_rem_pio2.o)
 *fill*         0x0000000008013504        0x4 
 .rodata.TWO52  0x0000000008013508       0x10 /usr/bin/../lib/gcc/arm-none-eabi/4.8.4/../../../../arm-none-eabi/lib/armv7-m/libm.a(lib_a-s_rint.o)
 .rodata.atanlo
                0x0000000008013518       0x10 /usr/bin/../lib/gcc/arm-none-eabi/4.8.4/../../../../arm-none-eabi/lib/armv7-m/libm.a(lib_a-sf_atan.o)
 .rodata.atanhi
                0x0000000008013528       0x10 /usr/bin/../lib/gcc/arm-none-eabi/4.8.4/../../../../arm-none-eabi/lib/armv7-m/libm.a(lib_a-sf_atan.o)
 *(.glue_7)
 .glue_7        0x0000000000000000        0x0 linker stubs
 *(.glue_7t)
 .glue_7t       0x0000000000000000        0x0 linker stubs
 *(.eh_frame)
 *(.init)
 *(.fini)
                0x0000000008013538                . = ALIGN (0x4)
                0x0000000008013538                _etext = .

.vfp11_veneer   0x0000000008013538        0x0
 .vfp11_veneer  0x0000000000000000        0x0 linker stubs

.v4_bx          0x0000000008013538        0x0
 .v4_bx         0x0000000000000000        0x0 linker stubs

.iplt           0x0000000008013538        0x0
 .iplt          0x0000000000000000        0x0 obj/NAZE/startup_stm32f10x_md_gcc.o

.ARM.extab
 *(.ARM.extab* .gnu.linkonce.armextab.*)

.ARM            0x0000000008013538        0x8
                0x0000000008013538                __exidx_start = .
 *(.ARM.exidx*)
 .ARM.exidx     0x0000000008013538        0x8 /usr/bin/../lib/gcc/arm-none-eabi/4.8.4/armv7-m/libgcc.a(_divdi3.o)
 .ARM.exidx     0x0000000008013540        0x0 /usr/bin/../lib/gcc/arm-none-eabi/4.8.4/armv7-m/libgcc.a(_udivdi3.o)
                                          0x8 (size before relaxing)
                0x0000000008013540                __exidx_end = .

.rel.dyn        0x0000000008013540        0x0
 .rel.iplt      0x0000000000000000        0x0 obj/NAZE/startup_stm32f10x_md_gcc.o

.preinit_array  0x0000000008013540        0x0
                0x0000000008013540                PROVIDE (__preinit_array_start, .)
 *(.preinit_array*)
                0x0000000008013540                PROVIDE (__preinit_array_end, .)

.init_array     0x0000000008013540        0x0
                0x0000000008013540                PROVIDE (__init_array_start, .)
 *(SORT(.init_array.*))
 *(.init_array*)
                0x0000000008013540                PROVIDE (__init_array_end, .)

.fini_array     0x0000000008013540        0x0
                0x0000000008013540                PROVIDE (__fini_array_start, .)
 *(.fini_array*)
 *(SORT(.fini_array.*))
                0x0000000008013540                PROVIDE (__fini_array_end, .)
                0x0000000008013540                _sidata = .

.data           0x0000000020000000      0x108 load address 0x0000000008013540
                0x0000000020000000                . = ALIGN (0x4)
                0x0000000020000000                _sdata = .
 *(.data)
 .data          0x0000000020000000       0x18 /tmp/cckHODuN.ltrans0.ltrans.o
                0x0000000020000004                pid_controller
                0x0000000020000008                servo
 .data          0x0000000020000018       0x30 /tmp/cckHODuN.ltrans1.ltrans.o
                0x0000000020000018                hse_value
                0x000000002000002c                batteryCellCount
                0x000000002000002d                standardBoardAlignment.11153
                0x000000002000002e                mpuLowPassFilter.4702
                0x0000000020000030                acc_1G
                0x0000000020000032                failsafeThreshold.5114
                0x0000000020000034                ubloxSbasInit.5608
                0x0000000020000044                sonarAlt
 .data          0x0000000020000048        0x4 /tmp/cckHODuN.ltrans2.ltrans.o
                0x0000000020000048                currentPortState.10113
 .data          0x000000002000004c        0x8 /tmp/cckHODuN.ltrans3.ltrans.o
                0x000000002000004c                GPS_scaleLonDown.5617
                0x0000000020000050                mpuLowPassFilter.4853
 .data          0x0000000020000054       0x1c /tmp/cckHODuN.ltrans5.ltrans.o
                0x0000000020000054                accAlign.4773
                0x0000000020000055                gyroAlign.4774
                0x0000000020000056                gyroAlign.4894
                0x0000000020000057                gyroAlign.4701
                0x0000000020000058                accAlign.4655
                0x0000000020000069                accAlign.4202
                0x000000002000006a                accAlign.4140
                0x000000002000006b                magAlign.4173
                0x000000002000006c                mpuLowPassFilter.4776
 .data          0x0000000020000070       0x14 /tmp/cckHODuN.ltrans8.ltrans.o
 .data          0x0000000020000084        0x1 /tmp/cckHODuN.ltrans11.ltrans.o
                0x0000000020000084                accAlign.4851
 *fill*         0x0000000020000085        0x3 
 .data          0x0000000020000088       0x10 /tmp/cckHODuN.ltrans12.ltrans.o
                0x0000000020000094                gyroAlign.4854
 *(.data*)
 .data.SystemCoreClock
                0x0000000020000098        0x4 /tmp/cckHODuN.ltrans1.ltrans.o
                0x0000000020000098                SystemCoreClock
 .data.__ctype_ptr__
                0x000000002000009c        0x4 /usr/bin/../lib/gcc/arm-none-eabi/4.8.4/../../../../arm-none-eabi/lib/armv7-m/libc_s.a(lib_a-ctype_.o)
                0x000000002000009c                __ctype_ptr__
 .data.impure_data
                0x00000000200000a0       0x60 /usr/bin/../lib/gcc/arm-none-eabi/4.8.4/../../../../arm-none-eabi/lib/armv7-m/libc_s.a(lib_a-impure.o)
 .data._impure_ptr
                0x0000000020000100        0x4 /usr/bin/../lib/gcc/arm-none-eabi/4.8.4/../../../../arm-none-eabi/lib/armv7-m/libc_s.a(lib_a-impure.o)
                0x0000000020000100                _impure_ptr
 .data.__fdlib_version
                0x0000000020000104        0x1 /usr/bin/../lib/gcc/arm-none-eabi/4.8.4/../../../../arm-none-eabi/lib/armv7-m/libm.a(lib_a-s_lib_ver.o)
                0x0000000020000104                __fdlib_version
                0x0000000020000108                . = ALIGN (0x4)
 *fill*         0x0000000020000105        0x3 
                0x0000000020000108                _edata = .

.igot.plt       0x0000000020000108        0x0 load address 0x0000000008013648
 .igot.plt      0x0000000000000000        0x0 obj/NAZE/startup_stm32f10x_md_gcc.o
                0x0000000020000108                . = ALIGN (0x4)

.bss            0x0000000020000108     0x1ddc load address 0x0000000008013648
                0x0000000020000108                _sbss = .
                0x0000000020000108                __bss_start__ = _sbss
 *(.bss)
 .bss           0x0000000020000108      0x454 /tmp/cckHODuN.ltrans0.ltrans.o
                0x0000000020000108                rcFrameComplete.11739
                0x0000000020000109                sbusFrameDone.11376
                0x000000002000010a                sbus.11377
                0x0000000020000124                failsafeCnt
                0x0000000020000126                sumdFrameDone.11628
                0x0000000020000127                sumd.11630
                0x000000002000013c                sumdSize.11629
                0x0000000020000140                sumdChannelData.11625
                0x0000000020000160                rxMspFrameDone.10277
                0x0000000020000164                currentTime
                0x00000000200001b0                rcOptions
                0x00000000200001c6                rssi
                0x00000000200001cc                heading
                0x00000000200001ce                AccInflightCalibrationMeasurementDone
                0x00000000200001cf                AccInflightCalibrationSavetoEEProm
                0x00000000200001d2                InflightcalibratingA
                0x00000000200001d4                AccInflightCalibrationActive
                0x00000000200001d8                errorAngleI.9340
                0x00000000200001e0                AltHold
                0x00000000200001e4                EstAlt
                0x00000000200001ea                rcCommand
                0x00000000200001fc                magHold
                0x00000000200001fe                headFreeModeHold
                0x0000000020000200                GPS_numSat
                0x0000000020000204                GPS_home
                0x000000002000020c                nav_mode
                0x0000000020000210                GPS_hold
                0x0000000020000218                GPS_coord
                0x0000000020000220                GPS_angle
                0x0000000020000228                nav
                0x0000000020000254                poshold_ratePID.5914
                0x000000002000027c                navPID.5916
                0x00000000200002ac                magADC
                0x000000002000039c                angle
                0x00000000200003b4                BaroAlt
                0x00000000200003c0                accSum
                0x00000000200003cc                accSumCount
                0x00000000200003d4                vario
                0x00000000200003e4                distance_ptr.4483
                0x00000000200003ec                cycleTime
                0x00000000200003f0                throttleAngleCorrection
                0x00000000200003f4                startTime.7411
                0x00000000200003f8                headerXmitIndex.7412
                0x0000000020000400                blackboxIteration.7402
                0x0000000020000404                blackboxHistory.7367
                0x0000000020000410                blackboxHistoryRing.7403
                0x000000002000053c                gpsHistory.7223
                0x0000000020000550                errorGyroI.9342
 .bss           0x000000002000055c      0x764 /tmp/cckHODuN.ltrans1.ltrans.o
                0x000000002000055c                usTicks.10550
                0x0000000020000560                stdout_putf.10962
                0x0000000020000564                stdout_putp.10963
                0x0000000020000574                adcConfig.4095
                0x000000002000057c                adcValues.4101
                0x0000000020000584                batteryWarningVoltage
                0x0000000020000588                boardRotation.11155
                0x00000000200005ac                enabledSensors.8208
                0x00000000200005b0                gyro
                0x00000000200005c0                mpuLowPassFilter.4895
                0x00000000200005c1                useFifo.4138
                0x00000000200005c4                acc
                0x00000000200005d4                accHardware
                0x00000000200005d8                bmp085.4304
                0x00000000200005fc                baro
                0x0000000020000614                ms5611_c.4409
                0x0000000020000624                mag
                0x0000000020000638                magneticDeclination
                0x000000002000063c                smallAngle
                0x0000000020000640                accVelScale
                0x0000000020000644                throttleAngleScale
                0x0000000020000648                fc_acc
                0x000000002000064c                magInit.9782
                0x0000000020000650                core
                0x0000000020000668                currentMixer.9071
                0x0000000020000728                f
                0x0000000020000739                pwmFilter.5121
                0x000000002000073c                pwmWritePtr.5119
                0x0000000020000741                numMotors.5128
                0x0000000020000744                motors.5107
                0x0000000020000774                numServos.5129
                0x0000000020000778                servos.5130
                0x0000000020000798                rcData
                0x00000000200007bc                rcReadRawFunc
                0x00000000200007c0                spek_chan_shift.11885
                0x00000000200007c1                spek_chan_mask.11898
                0x00000000200007c2                spekHiRes.11899
                0x00000000200007c4                sbusChannelData.11373
                0x00000000200007e4                gpsData
                0x000000002000080c                trigger_pin.4485
                0x000000002000080e                echo_pin.4481
                0x0000000020000810                exti_line.4484
                0x0000000020000818                last_measurement.4488
                0x000000002000081c                softSerialPorts
                0x0000000020000cb4                isTelemetryConfigurationValid.6542
                0x0000000020000cb5                blackboxState.7413
                0x0000000020000cb8                previousTime
                0x0000000020000cbc                calibratingG
                0x0000000020000cbe                calibratingB
 .bss           0x0000000020000cc0      0x200 /tmp/cckHODuN.ltrans2.ltrans.o
                0x0000000020000cc0                lookupPitchRollRC
                0x0000000020000cce                dynP8
                0x0000000020000cd4                dynD8
                0x0000000020000cd8                lookupThrottleRC
                0x0000000020000cfc                vbat
                0x0000000020000d18                buzzerIsOn.7524
                0x0000000020000d28                ports.10126
                0x0000000020000dc2                GPS_altitude
                0x0000000020000dc4                GPS_speed
                0x0000000020000dc6                GPS_update
                0x0000000020000dc7                availableBoxes.9971
                0x0000000020000ddc                numberBoxItems.10133
                0x0000000020000dde                motor_disarmed
                0x0000000020000df6                i2cErrorCount.10465
                0x0000000020000df8                accSmooth
                0x0000000020000dfe                gyroData
                0x0000000020000e04                GPS_ground_course
                0x0000000020000e06                GPS_distanceToHome
                0x0000000020000e08                GPS_directionToHome
                0x0000000020000e12                GPS_numCh
                0x0000000020000e13                GPS_svinfo_chn
                0x0000000020000e23                GPS_svinfo_svid
                0x0000000020000e33                GPS_svinfo_quality
                0x0000000020000e43                GPS_svinfo_cno
                0x0000000020000e54                numTelemetryPorts.10193
 .bss           0x0000000020000ec0      0x1f8 /tmp/cckHODuN.ltrans3.ltrans.o
                0x0000000020000ec3                string.9795.5614
                0x0000000020001024                GPS_WP.5609
                0x000000002000102c                wp_distance.5611
                0x0000000020001030                target_bearing.5612
                0x0000000020001034                error.5911
                0x000000002000103c                posholdPID_PARAM.5912
                0x000000002000104c                poshold_ratePID_PARAM.5607
                0x0000000020001060                waypoint_speed_gov.5675
                0x0000000020001064                original_target_bearing.5925
                0x000000002000106c                nav_bearing.5924
                0x0000000020001070                navPID_PARAM.5613
                0x0000000020001080                nav_takeoff_bearing.5919
                0x0000000020001084                bufferIndex.7969
                0x0000000020001088                cliBuffer.7803
 .bss           0x00000000200010b8      0x178 /tmp/cckHODuN.ltrans4.ltrans.o
                0x00000000200010d8                axisP
                0x00000000200010e4                axisI
                0x00000000200010f0                axisD
                0x0000000020001130                timerConfigs
 .bss           0x0000000020001230       0x20 /tmp/cckHODuN.ltrans5.ltrans.o
                0x0000000020001230                ms5611_ut.4410
                0x0000000020001234                ms5611_up.4411
                0x000000002000123c                bmp085_up.4331
                0x0000000020001240                bmp085_ut.4330
                0x0000000020001244                axisPID
                0x000000002000124c                mpuAccelHalf.4771
 .bss           0x0000000020001250       0xe0 /tmp/cckHODuN.ltrans6.ltrans.o
                0x0000000020001250                pwmPorts.5108
 .bss           0x0000000020001330        0x8 /tmp/cckHODuN.ltrans7.ltrans.o
 .bss           0x0000000020001338       0x10 /tmp/cckHODuN.ltrans8.ltrans.o
                0x0000000020001338                captures.5118
 .bss           0x0000000020001348       0x50 /tmp/cckHODuN.ltrans9.ltrans.o
 .bss           0x0000000020001398       0x18 /tmp/cckHODuN.ltrans10.ltrans.o
                0x0000000020001398                I2Cx.10439
                0x000000002000139d                addr.10447
                0x000000002000139e                reg.10445
                0x000000002000139f                writing.10450
                0x00000000200013a0                reading.10443
                0x00000000200013a4                read_p.10449
                0x00000000200013a8                write_p.10451
                0x00000000200013ac                bytes.10446
                0x00000000200013ad                busy.10452
 .bss           0x00000000200013b0      0x4c1 /tmp/cckHODuN.ltrans11.ltrans.o
 *fill*         0x0000000020001871        0x3 
 .bss           0x0000000020001874       0xbc /tmp/cckHODuN.ltrans12.ltrans.o
                0x0000000020001910                anglerad
 .bss           0x0000000020001930      0x588 /tmp/cckHODuN.ltrans14.ltrans.o
                0x0000000020001930                uartPort3.10858
                0x000000002000197c                uartPort2.10859
                0x00000000200019c8                uartPort1.10857
                0x0000000020001a14                sysTickUptime.10551
                0x0000000020001a18                mcfg
                0x0000000020001dd0                motor
                0x0000000020001de8                cfg
 .bss           0x0000000020001eb8        0x4 /tmp/cckHODuN.ltrans15.ltrans.o
                0x0000000020001eb8                blackboxPort.7401
 .bss           0x0000000020001ebc        0x1 /tmp/cckHODuN.ltrans16.ltrans.o
                0x0000000020001ebc                convDone.4332
 *(.bss*)
 .bss.cliMode   0x0000000020001ebd        0x1 /tmp/cckHODuN.ltrans0.ltrans.o
                0x0000000020001ebd                cliMode
 .bss.toggleBeep
                0x0000000020001ebe        0x1 /tmp/cckHODuN.ltrans0.ltrans.o
                0x0000000020001ebe                toggleBeep
 *fill*         0x0000000020001ebf        0x1 
 .bss.accTimeSum
                0x0000000020001ec0        0x4 /tmp/cckHODuN.ltrans0.ltrans.o
                0x0000000020001ec0                accTimeSum
 .bss.hw_revision
                0x0000000020001ec4        0x4 /tmp/cckHODuN.ltrans1.ltrans.o
                0x0000000020001ec4                hw_revision
 .bss.calibratingA
                0x0000000020001ec8        0x2 /tmp/cckHODuN.ltrans1.ltrans.o
                0x0000000020001ec8                calibratingA
 *fill*         0x0000000020001eca        0x2 
 .bss.systemBeepPtr
                0x0000000020001ecc        0x4 /tmp/cckHODuN.ltrans1.ltrans.o
                0x0000000020001ecc                systemBeepPtr
 .bss.numberMotor
                0x0000000020001ed0        0x1 /tmp/cckHODuN.ltrans14.ltrans.o
                0x0000000020001ed0                numberMotor
 *fill*         0x0000000020001ed1        0x3 
 .bss.__malloc_sbrk_start
                0x0000000020001ed4        0x4 /usr/bin/../lib/gcc/arm-none-eabi/4.8.4/../../../../arm-none-eabi/lib/armv7-m/libc_s.a(lib_a-nano-mallocr.o)
                0x0000000020001ed4                __malloc_sbrk_start
 .bss.__malloc_free_list
                0x0000000020001ed8        0x4 /usr/bin/../lib/gcc/arm-none-eabi/4.8.4/../../../../arm-none-eabi/lib/armv7-m/libc_s.a(lib_a-nano-mallocr.o)
                0x0000000020001ed8                __malloc_free_list
 .bss.heap_end.4246
                0x0000000020001edc        0x4 /usr/bin/../lib/gcc/arm-none-eabi/4.8.4/../../../../arm-none-eabi/lib/armv7-m/libnosys.a(sbrk.o)
 *(COMMON)
 COMMON         0x0000000020001ee0        0x4 /usr/bin/../lib/gcc/arm-none-eabi/4.8.4/../../../../arm-none-eabi/lib/armv7-m/libc_s.a(lib_a-reent.o)
                0x0000000020001ee0                errno
                0x0000000020001ee4                . = ALIGN (0x4)
                0x0000000020001ee4                _ebss = .
                0x0000000020001ee4                __bss_end__ = _ebss

._user_heap_stack
                0x0000000020001ee4      0x400 load address 0x0000000008013648
                0x0000000020001ee4                . = ALIGN (0x4)
                0x0000000020001ee4                PROVIDE (end, .)
                0x0000000020001ee4                PROVIDE (_end, .)
                0x0000000020001ee4                . = (. + _Min_Heap_Size)
                0x00000000200022e4                . = (. + _Min_Stack_Size)
 *fill*         0x0000000020001ee4      0x400 
                0x00000000200022e4                . = ALIGN (0x4)

.memory_b1_text
 *(.mb1text)
 *(.mb1text*)
 *(.mb1rodata)
 *(.mb1rodata*)

/DISCARD/
 libc.a(*)
 libm.a(*)
 libgcc.a(*)

.ARM.attributes
                0x0000000000000000       0x31
 *(.ARM.attributes)
 .ARM.attributes
                0x0000000000000000       0x31 /tmp/cckHODuN.ltrans0.ltrans.o
 .ARM.attributes
                0x0000000000000031       0x31 /tmp/cckHODuN.ltrans1.ltrans.o
 .ARM.attributes
                0x0000000000000062       0x31 /tmp/cckHODuN.ltrans2.ltrans.o
 .ARM.attributes
                0x0000000000000093       0x31 /tmp/cckHODuN.ltrans3.ltrans.o
 .ARM.attributes
                0x00000000000000c4       0x31 /tmp/cckHODuN.ltrans4.ltrans.o
 .ARM.attributes
                0x00000000000000f5       0x31 /tmp/cckHODuN.ltrans5.ltrans.o
 .ARM.attributes
                0x0000000000000126       0x31 /tmp/cckHODuN.ltrans6.ltrans.o
 .ARM.attributes
                0x0000000000000157       0x31 /tmp/cckHODuN.ltrans7.ltrans.o
 .ARM.attributes
                0x0000000000000188       0x31 /tmp/cckHODuN.ltrans8.ltrans.o
 .ARM.attributes
                0x00000000000001b9       0x31 /tmp/cckHODuN.ltrans9.ltrans.o
 .ARM.attributes
                0x00000000000001ea       0x31 /tmp/cckHODuN.ltrans10.ltrans.o
 .ARM.attributes
                0x000000000000021b       0x31 /tmp/cckHODuN.ltrans11.ltrans.o
 .ARM.attributes
                0x000000000000024c       0x31 /tmp/cckHODuN.ltrans12.ltrans.o
 .ARM.attributes
                0x000000000000027d       0x31 /tmp/cckHODuN.ltrans13.ltrans.o
 .ARM.attributes
                0x00000000000002ae       0x31 /tmp/cckHODuN.ltrans14.ltrans.o
 .ARM.attributes
                0x00000000000002df       0x31 /tmp/cckHODuN.ltrans15.ltrans.o
 .ARM.attributes
                0x0000000000000310       0x31 /tmp/cckHODuN.ltrans16.ltrans.o
 .ARM.attributes
                0x0000000000000341       0x1d /usr/bin/../lib/gcc/arm-none-eabi/4.8.4/armv7-m/libgcc.a(_arm_addsubdf3.o)
 .ARM.attributes
                0x000000000000035e       0x1d /usr/bin/../lib/gcc/arm-none-eabi/4.8.4/armv7-m/libgcc.a(_arm_muldivdf3.o)
 .ARM.attributes
                0x000000000000037b       0x1d /usr/bin/../lib/gcc/arm-none-eabi/4.8.4/armv7-m/libgcc.a(_arm_truncdfsf2.o)
 .ARM.attributes
                0x0000000000000398       0x1d /usr/bin/../lib/gcc/arm-none-eabi/4.8.4/armv7-m/libgcc.a(_arm_addsubsf3.o)
 .ARM.attributes
                0x00000000000003b5       0x1d /usr/bin/../lib/gcc/arm-none-eabi/4.8.4/armv7-m/libgcc.a(_arm_muldivsf3.o)
 .ARM.attributes
                0x00000000000003d2       0x1d /usr/bin/../lib/gcc/arm-none-eabi/4.8.4/armv7-m/libgcc.a(_arm_cmpsf2.o)
 .ARM.attributes
                0x00000000000003ef       0x1d /usr/bin/../lib/gcc/arm-none-eabi/4.8.4/armv7-m/libgcc.a(_arm_fixsfsi.o)
 .ARM.attributes
                0x000000000000040c       0x1d /usr/bin/../lib/gcc/arm-none-eabi/4.8.4/armv7-m/libgcc.a(_arm_fixunssfsi.o)
 .ARM.attributes
                0x0000000000000429       0x1d /usr/bin/../lib/gcc/arm-none-eabi/4.8.4/armv7-m/libgcc.a(_aeabi_ldivmod.o)
 .ARM.attributes
                0x0000000000000446       0x2d /usr/bin/../lib/gcc/arm-none-eabi/4.8.4/armv7-m/libgcc.a(bpabi.o)
 .ARM.attributes
                0x0000000000000473       0x1d /usr/bin/../lib/gcc/arm-none-eabi/4.8.4/armv7-m/libgcc.a(_dvmd_tls.o)
 .ARM.attributes
                0x0000000000000490       0x2d /usr/bin/../lib/gcc/arm-none-eabi/4.8.4/armv7-m/libgcc.a(_divdi3.o)
 .ARM.attributes
                0x00000000000004bd       0x2d /usr/bin/../lib/gcc/arm-none-eabi/4.8.4/armv7-m/libgcc.a(_udivdi3.o)
 .ARM.attributes
                0x00000000000004ea       0x2d /usr/bin/../lib/gcc/arm-none-eabi/4.8.4/../../../../arm-none-eabi/lib/armv7-m/libg_s.a(lib_a-memcpy-stub.o)
 .ARM.attributes
                0x0000000000000517       0x2d /usr/bin/../lib/gcc/arm-none-eabi/4.8.4/../../../../arm-none-eabi/lib/armv7-m/libg_s.a(lib_a-memset.o)
 .ARM.attributes
                0x0000000000000544       0x2d /usr/bin/../lib/gcc/arm-none-eabi/4.8.4/../../../../arm-none-eabi/lib/armv7-m/libg_s.a(lib_a-strcat.o)
 .ARM.attributes
                0x0000000000000571       0x2d /usr/bin/../lib/gcc/arm-none-eabi/4.8.4/../../../../arm-none-eabi/lib/armv7-m/libg_s.a(lib_a-strchr.o)
 .ARM.attributes
                0x000000000000059e       0x2d /usr/bin/../lib/gcc/arm-none-eabi/4.8.4/../../../../arm-none-eabi/lib/armv7-m/libg_s.a(lib_a-strlen.o)
 .ARM.attributes
                0x00000000000005cb       0x2d /usr/bin/../lib/gcc/arm-none-eabi/4.8.4/../../../../arm-none-eabi/lib/armv7-m/libg_s.a(lib_a-strncasecmp.o)
 .ARM.attributes
                0x00000000000005f8       0x2d /usr/bin/../lib/gcc/arm-none-eabi/4.8.4/../../../../arm-none-eabi/lib/armv7-m/libg_s.a(lib_a-strncpy.o)
 .ARM.attributes
                0x0000000000000625       0x2d /usr/bin/../lib/gcc/arm-none-eabi/4.8.4/../../../../arm-none-eabi/lib/armv7-m/libg_s.a(lib_a-strstr.o)
 .ARM.attributes
                0x0000000000000652       0x21 obj/NAZE/startup_stm32f10x_md_gcc.o
 .ARM.attributes
                0x0000000000000673       0x2d /usr/bin/../lib/gcc/arm-none-eabi/4.8.4/../../../../arm-none-eabi/lib/armv7-m/libc_s.a(lib_a-atoi.o)
 .ARM.attributes
                0x00000000000006a0       0x2d /usr/bin/../lib/gcc/arm-none-eabi/4.8.4/../../../../arm-none-eabi/lib/armv7-m/libc_s.a(lib_a-bsearch.o)
 .ARM.attributes
                0x00000000000006cd       0x2d /usr/bin/../lib/gcc/arm-none-eabi/4.8.4/../../../../arm-none-eabi/lib/armv7-m/libc_s.a(lib_a-ctype_.o)
 .ARM.attributes
                0x00000000000006fa       0x2d /usr/bin/../lib/gcc/arm-none-eabi/4.8.4/../../../../arm-none-eabi/lib/armv7-m/libc_s.a(lib_a-strtok.o)
 .ARM.attributes
                0x0000000000000727       0x2d /usr/bin/../lib/gcc/arm-none-eabi/4.8.4/../../../../arm-none-eabi/lib/armv7-m/libc_s.a(lib_a-strtok_r.o)
 .ARM.attributes
                0x0000000000000754       0x2d /usr/bin/../lib/gcc/arm-none-eabi/4.8.4/../../../../arm-none-eabi/lib/armv7-m/libc_s.a(lib_a-strtol.o)
 .ARM.attributes
                0x0000000000000781       0x2d /usr/bin/../lib/gcc/arm-none-eabi/4.8.4/../../../../arm-none-eabi/lib/armv7-m/libc_s.a(lib_a-impure.o)
 .ARM.attributes
                0x00000000000007ae       0x2d /usr/bin/../lib/gcc/arm-none-eabi/4.8.4/../../../../arm-none-eabi/lib/armv7-m/libc_s.a(lib_a-malloc.o)
 .ARM.attributes
                0x00000000000007db       0x2d /usr/bin/../lib/gcc/arm-none-eabi/4.8.4/../../../../arm-none-eabi/lib/armv7-m/libc_s.a(lib_a-nano-mallocr.o)
 .ARM.attributes
                0x0000000000000808       0x2d /usr/bin/../lib/gcc/arm-none-eabi/4.8.4/../../../../arm-none-eabi/lib/armv7-m/libc_s.a(lib_a-sbrkr.o)
 .ARM.attributes
                0x0000000000000835       0x2d /usr/bin/../lib/gcc/arm-none-eabi/4.8.4/../../../../arm-none-eabi/lib/armv7-m/libc_s.a(lib_a-reent.o)
 .ARM.attributes
                0x0000000000000862       0x2d /usr/bin/../lib/gcc/arm-none-eabi/4.8.4/../../../../arm-none-eabi/lib/armv7-m/libnosys.a(sbrk.o)
 .ARM.attributes
                0x000000000000088f       0x2d /usr/bin/../lib/gcc/arm-none-eabi/4.8.4/../../../../arm-none-eabi/lib/armv7-m/libm.a(lib_a-sf_cos.o)
 .ARM.attributes
                0x00000000000008bc       0x2d /usr/bin/../lib/gcc/arm-none-eabi/4.8.4/../../../../arm-none-eabi/lib/armv7-m/libm.a(lib_a-sf_lrint.o)
 .ARM.attributes
                0x00000000000008e9       0x2d /usr/bin/../lib/gcc/arm-none-eabi/4.8.4/../../../../arm-none-eabi/lib/armv7-m/libm.a(lib_a-sf_sin.o)
 .ARM.attributes
                0x0000000000000916       0x2d /usr/bin/../lib/gcc/arm-none-eabi/4.8.4/../../../../arm-none-eabi/lib/armv7-m/libm.a(lib_a-wf_acos.o)
 .ARM.attributes
                0x0000000000000943       0x2d /usr/bin/../lib/gcc/arm-none-eabi/4.8.4/../../../../arm-none-eabi/lib/armv7-m/libm.a(lib_a-wf_atan2.o)
 .ARM.attributes
                0x0000000000000970       0x2d /usr/bin/../lib/gcc/arm-none-eabi/4.8.4/../../../../arm-none-eabi/lib/armv7-m/libm.a(lib_a-wf_pow.o)
 .ARM.attributes
                0x000000000000099d       0x2d /usr/bin/../lib/gcc/arm-none-eabi/4.8.4/../../../../arm-none-eabi/lib/armv7-m/libm.a(lib_a-wf_sqrt.o)
 .ARM.attributes
                0x00000000000009ca       0x2d /usr/bin/../lib/gcc/arm-none-eabi/4.8.4/../../../../arm-none-eabi/lib/armv7-m/libm.a(lib_a-ef_acos.o)
 .ARM.attributes
                0x00000000000009f7       0x2d /usr/bin/../lib/gcc/arm-none-eabi/4.8.4/../../../../arm-none-eabi/lib/armv7-m/libm.a(lib_a-ef_atan2.o)
 .ARM.attributes
                0x0000000000000a24       0x2d /usr/bin/../lib/gcc/arm-none-eabi/4.8.4/../../../../arm-none-eabi/lib/armv7-m/libm.a(lib_a-ef_pow.o)
 .ARM.attributes
                0x0000000000000a51       0x2d /usr/bin/../lib/gcc/arm-none-eabi/4.8.4/../../../../arm-none-eabi/lib/armv7-m/libm.a(lib_a-ef_rem_pio2.o)
 .ARM.attributes
                0x0000000000000a7e       0x2d /usr/bin/../lib/gcc/arm-none-eabi/4.8.4/../../../../arm-none-eabi/lib/armv7-m/libm.a(lib_a-ef_sqrt.o)
 .ARM.attributes
                0x0000000000000aab       0x2d /usr/bin/../lib/gcc/arm-none-eabi/4.8.4/../../../../arm-none-eabi/lib/armv7-m/libm.a(lib_a-kf_cos.o)
 .ARM.attributes
                0x0000000000000ad8       0x2d /usr/bin/../lib/gcc/arm-none-eabi/4.8.4/../../../../arm-none-eabi/lib/armv7-m/libm.a(lib_a-kf_rem_pio2.o)
 .ARM.attributes
                0x0000000000000b05       0x2d /usr/bin/../lib/gcc/arm-none-eabi/4.8.4/../../../../arm-none-eabi/lib/armv7-m/libm.a(lib_a-kf_sin.o)
 .ARM.attributes
                0x0000000000000b32       0x2d /usr/bin/../lib/gcc/arm-none-eabi/4.8.4/../../../../arm-none-eabi/lib/armv7-m/libm.a(lib_a-s_lib_ver.o)
 .ARM.attributes
                0x0000000000000b5f       0x2d /usr/bin/../lib/gcc/arm-none-eabi/4.8.4/../../../../arm-none-eabi/lib/armv7-m/libm.a(lib_a-s_matherr.o)
 .ARM.attributes
                0x0000000000000b8c       0x2d /usr/bin/../lib/gcc/arm-none-eabi/4.8.4/../../../../arm-none-eabi/lib/armv7-m/libm.a(lib_a-s_nan.o)
 .ARM.attributes
                0x0000000000000bb9       0x2d /usr/bin/../lib/gcc/arm-none-eabi/4.8.4/../../../../arm-none-eabi/lib/armv7-m/libm.a(lib_a-s_rint.o)
 .ARM.attributes
                0x0000000000000be6       0x2d /usr/bin/../lib/gcc/arm-none-eabi/4.8.4/../../../../arm-none-eabi/lib/armv7-m/libm.a(lib_a-sf_atan.o)
 .ARM.attributes
                0x0000000000000c13       0x2d /usr/bin/../lib/gcc/arm-none-eabi/4.8.4/../../../../arm-none-eabi/lib/armv7-m/libm.a(lib_a-sf_fabs.o)
 .ARM.attributes
                0x0000000000000c40       0x2d /usr/bin/../lib/gcc/arm-none-eabi/4.8.4/../../../../arm-none-eabi/lib/armv7-m/libm.a(lib_a-sf_finite.o)
 .ARM.attributes
                0x0000000000000c6d       0x2d /usr/bin/../lib/gcc/arm-none-eabi/4.8.4/../../../../arm-none-eabi/lib/armv7-m/libm.a(lib_a-sf_floor.o)
 .ARM.attributes
                0x0000000000000c9a       0x2d /usr/bin/../lib/gcc/arm-none-eabi/4.8.4/../../../../arm-none-eabi/lib/armv7-m/libm.a(lib_a-sf_fpclassify.o)
 .ARM.attributes
                0x0000000000000cc7       0x2d /usr/bin/../lib/gcc/arm-none-eabi/4.8.4/../../../../arm-none-eabi/lib/armv7-m/libm.a(lib_a-sf_nan.o)
 .ARM.attributes
                0x0000000000000cf4       0x2d /usr/bin/../lib/gcc/arm-none-eabi/4.8.4/../../../../arm-none-eabi/lib/armv7-m/libm.a(lib_a-sf_scalbn.o)
 .ARM.attributes
                0x0000000000000d21       0x2d /usr/bin/../lib/gcc/arm-none-eabi/4.8.4/../../../../arm-none-eabi/lib/armv7-m/libm.a(lib_a-sf_copysign.o)
 .ARM.attributes
                0x0000000000000d4e       0x2d /usr/bin/../lib/gcc/arm-none-eabi/4.8.4/../../../../arm-none-eabi/lib/armv7-m/libc_s.a(lib_a-errno.o)
 .ARM.attributes
                0x0000000000000d7b       0x1d /usr/bin/../lib/gcc/arm-none-eabi/4.8.4/armv7-m/libgcc.a(_arm_cmpdf2.o)
OUTPUT(obj/baseflight_NAZE.elf elf32-littlearm)

.debug_info     0x0000000000000000    0x1e479
 .debug_info    0x0000000000000000     0x2606 /tmp/cckHODuN.ltrans0.ltrans.o
 .debug_info    0x0000000000002606     0x4c2a /tmp/cckHODuN.ltrans1.ltrans.o
 .debug_info    0x0000000000007230     0x2aca /tmp/cckHODuN.ltrans2.ltrans.o
 .debug_info    0x0000000000009cfa     0x1bf6 /tmp/cckHODuN.ltrans3.ltrans.o
 .debug_info    0x000000000000b8f0     0x19a0 /tmp/cckHODuN.ltrans4.ltrans.o
 .debug_info    0x000000000000d290     0x14f3 /tmp/cckHODuN.ltrans5.ltrans.o
 .debug_info    0x000000000000e783     0x2048 /tmp/cckHODuN.ltrans6.ltrans.o
 .debug_info    0x00000000000107cb     0x26bf /tmp/cckHODuN.ltrans7.ltrans.o
 .debug_info    0x0000000000012e8a     0x1cef /tmp/cckHODuN.ltrans8.ltrans.o
 .debug_info    0x0000000000014b79     0x1913 /tmp/cckHODuN.ltrans9.ltrans.o
 .debug_info    0x000000000001648c     0x1b3f /tmp/cckHODuN.ltrans10.ltrans.o
 .debug_info    0x0000000000017fcb     0x19bd /tmp/cckHODuN.ltrans11.ltrans.o
 .debug_info    0x0000000000019988     0x1969 /tmp/cckHODuN.ltrans12.ltrans.o
 .debug_info    0x000000000001b2f1     0x1618 /tmp/cckHODuN.ltrans13.ltrans.o
 .debug_info    0x000000000001c909     0x11e3 /tmp/cckHODuN.ltrans14.ltrans.o
 .debug_info    0x000000000001daec      0x4ef /tmp/cckHODuN.ltrans15.ltrans.o
 .debug_info    0x000000000001dfdb      0x49e /tmp/cckHODuN.ltrans16.ltrans.o

.debug_abbrev   0x0000000000000000     0x4dc9
 .debug_abbrev  0x0000000000000000      0x551 /tmp/cckHODuN.ltrans0.ltrans.o
 .debug_abbrev  0x0000000000000551      0x55e /tmp/cckHODuN.ltrans1.ltrans.o
 .debug_abbrev  0x0000000000000aaf      0x48f /tmp/cckHODuN.ltrans2.ltrans.o
 .debug_abbrev  0x0000000000000f3e      0x4c7 /tmp/cckHODuN.ltrans3.ltrans.o
 .debug_abbrev  0x0000000000001405      0x4a4 /tmp/cckHODuN.ltrans4.ltrans.o
 .debug_abbrev  0x00000000000018a9      0x3e7 /tmp/cckHODuN.ltrans5.ltrans.o
 .debug_abbrev  0x0000000000001c90      0x528 /tmp/cckHODuN.ltrans6.ltrans.o
 .debug_abbrev  0x00000000000021b8      0x6a3 /tmp/cckHODuN.ltrans7.ltrans.o
 .debug_abbrev  0x000000000000285b      0x60a /tmp/cckHODuN.ltrans8.ltrans.o
 .debug_abbrev  0x0000000000002e65      0x59a /tmp/cckHODuN.ltrans9.ltrans.o
 .debug_abbrev  0x00000000000033ff      0x44d /tmp/cckHODuN.ltrans10.ltrans.o
 .debug_abbrev  0x000000000000384c      0x4a3 /tmp/cckHODuN.ltrans11.ltrans.o
 .debug_abbrev  0x0000000000003cef      0x520 /tmp/cckHODuN.ltrans12.ltrans.o
 .debug_abbrev  0x000000000000420f      0x464 /tmp/cckHODuN.ltrans13.ltrans.o
 .debug_abbrev  0x0000000000004673      0x348 /tmp/cckHODuN.ltrans14.ltrans.o
 .debug_abbrev  0x00000000000049bb      0x247 /tmp/cckHODuN.ltrans15.ltrans.o
 .debug_abbrev  0x0000000000004c02      0x1c7 /tmp/cckHODuN.ltrans16.ltrans.o

.debug_loc      0x0000000000000000     0xc7c1
 .debug_loc     0x0000000000000000     0x1400 /tmp/cckHODuN.ltrans0.ltrans.o
 .debug_loc     0x0000000000001400     0x1316 /tmp/cckHODuN.ltrans1.ltrans.o
 .debug_loc     0x0000000000002716     0x1053 /tmp/cckHODuN.ltrans2.ltrans.o
 .debug_loc     0x0000000000003769      0x9cd /tmp/cckHODuN.ltrans3.ltrans.o
 .debug_loc     0x0000000000004136      0xe01 /tmp/cckHODuN.ltrans4.ltrans.o
 .debug_loc     0x0000000000004f37      0xa83 /tmp/cckHODuN.ltrans5.ltrans.o
 .debug_loc     0x00000000000059ba     0x1158 /tmp/cckHODuN.ltrans6.ltrans.o
 .debug_loc     0x0000000000006b12     0x1399 /tmp/cckHODuN.ltrans7.ltrans.o
 .debug_loc     0x0000000000007eab     0x149f /tmp/cckHODuN.ltrans8.ltrans.o
 .debug_loc     0x000000000000934a      0xc5a /tmp/cckHODuN.ltrans9.ltrans.o
 .debug_loc     0x0000000000009fa4      0xcab /tmp/cckHODuN.ltrans10.ltrans.o
 .debug_loc     0x000000000000ac4f      0x9b7 /tmp/cckHODuN.ltrans11.ltrans.o
 .debug_loc     0x000000000000b606      0x6d5 /tmp/cckHODuN.ltrans12.ltrans.o
 .debug_loc     0x000000000000bcdb      0x7d8 /tmp/cckHODuN.ltrans13.ltrans.o
 .debug_loc     0x000000000000c4b3      0x24e /tmp/cckHODuN.ltrans14.ltrans.o
 .debug_loc     0x000000000000c701       0x65 /tmp/cckHODuN.ltrans15.ltrans.o
 .debug_loc     0x000000000000c766       0x5b /tmp/cckHODuN.ltrans16.ltrans.o

.debug_aranges  0x0000000000000000      0x228
 .debug_aranges
                0x0000000000000000       0x20 /tmp/cckHODuN.ltrans0.ltrans.o
 .debug_aranges
                0x0000000000000020       0x20 /tmp/cckHODuN.ltrans1.ltrans.o
 .debug_aranges
                0x0000000000000040       0x20 /tmp/cckHODuN.ltrans2.ltrans.o
 .debug_aranges
                0x0000000000000060       0x20 /tmp/cckHODuN.ltrans3.ltrans.o
 .debug_aranges
                0x0000000000000080       0x20 /tmp/cckHODuN.ltrans4.ltrans.o
 .debug_aranges
                0x00000000000000a0       0x20 /tmp/cckHODuN.ltrans5.ltrans.o
 .debug_aranges
                0x00000000000000c0       0x28 /tmp/cckHODuN.ltrans6.ltrans.o
 .debug_aranges
                0x00000000000000e8       0x20 /tmp/cckHODuN.ltrans7.ltrans.o
 .debug_aranges
                0x0000000000000108       0x20 /tmp/cckHODuN.ltrans8.ltrans.o
 .debug_aranges
                0x0000000000000128       0x20 /tmp/cckHODuN.ltrans9.ltrans.o
 .debug_aranges
                0x0000000000000148       0x20 /tmp/cckHODuN.ltrans10.ltrans.o
 .debug_aranges
                0x0000000000000168       0x20 /tmp/cckHODuN.ltrans11.ltrans.o
 .debug_aranges
                0x0000000000000188       0x20 /tmp/cckHODuN.ltrans12.ltrans.o
 .debug_aranges
                0x00000000000001a8       0x20 /tmp/cckHODuN.ltrans13.ltrans.o
 .debug_aranges
                0x00000000000001c8       0x20 /tmp/cckHODuN.ltrans14.ltrans.o
 .debug_aranges
                0x00000000000001e8       0x20 /tmp/cckHODuN.ltrans15.ltrans.o
 .debug_aranges
                0x0000000000000208       0x20 /tmp/cckHODuN.ltrans16.ltrans.o

.debug_ranges   0x0000000000000000     0x1a00
 .debug_ranges  0x0000000000000000      0x220 /tmp/cckHODuN.ltrans0.ltrans.o
 .debug_ranges  0x0000000000000220      0x6a8 /tmp/cckHODuN.ltrans1.ltrans.o
 .debug_ranges  0x00000000000008c8      0x388 /tmp/cckHODuN.ltrans2.ltrans.o
 .debug_ranges  0x0000000000000c50      0x270 /tmp/cckHODuN.ltrans3.ltrans.o
 .debug_ranges  0x0000000000000ec0      0x150 /tmp/cckHODuN.ltrans4.ltrans.o
 .debug_ranges  0x0000000000001010       0x68 /tmp/cckHODuN.ltrans5.ltrans.o
 .debug_ranges  0x0000000000001078      0x1c0 /tmp/cckHODuN.ltrans6.ltrans.o
 .debug_ranges  0x0000000000001238       0xa8 /tmp/cckHODuN.ltrans7.ltrans.o
 .debug_ranges  0x00000000000012e0      0x100 /tmp/cckHODuN.ltrans8.ltrans.o
 .debug_ranges  0x00000000000013e0       0x70 /tmp/cckHODuN.ltrans9.ltrans.o
 .debug_ranges  0x0000000000001450      0x190 /tmp/cckHODuN.ltrans10.ltrans.o
 .debug_ranges  0x00000000000015e0      0x138 /tmp/cckHODuN.ltrans11.ltrans.o
 .debug_ranges  0x0000000000001718      0x180 /tmp/cckHODuN.ltrans12.ltrans.o
 .debug_ranges  0x0000000000001898      0x108 /tmp/cckHODuN.ltrans13.ltrans.o
 .debug_ranges  0x00000000000019a0       0x60 /tmp/cckHODuN.ltrans15.ltrans.o

.debug_line     0x0000000000000000     0x5b60
 .debug_line    0x0000000000000000      0x7fa /tmp/cckHODuN.ltrans0.ltrans.o
 .debug_line    0x00000000000007fa      0xccc /tmp/cckHODuN.ltrans1.ltrans.o
 .debug_line    0x00000000000014c6      0x827 /tmp/cckHODuN.ltrans2.ltrans.o
 .debug_line    0x0000000000001ced      0x4e1 /tmp/cckHODuN.ltrans3.ltrans.o
 .debug_line    0x00000000000021ce      0x620 /tmp/cckHODuN.ltrans4.ltrans.o
 .debug_line    0x00000000000027ee      0x579 /tmp/cckHODuN.ltrans5.ltrans.o
 .debug_line    0x0000000000002d67      0x59c /tmp/cckHODuN.ltrans6.ltrans.o
 .debug_line    0x0000000000003303      0x5b1 /tmp/cckHODuN.ltrans7.ltrans.o
 .debug_line    0x00000000000038b4      0x5c3 /tmp/cckHODuN.ltrans8.ltrans.o
 .debug_line    0x0000000000003e77      0x4ef /tmp/cckHODuN.ltrans9.ltrans.o
 .debug_line    0x0000000000004366      0x519 /tmp/cckHODuN.ltrans10.ltrans.o
 .debug_line    0x000000000000487f      0x53c /tmp/cckHODuN.ltrans11.ltrans.o
 .debug_line    0x0000000000004dbb      0x4af /tmp/cckHODuN.ltrans12.ltrans.o
 .debug_line    0x000000000000526a      0x3d5 /tmp/cckHODuN.ltrans13.ltrans.o
 .debug_line    0x000000000000563f      0x254 /tmp/cckHODuN.ltrans14.ltrans.o
 .debug_line    0x0000000000005893      0x16a /tmp/cckHODuN.ltrans15.ltrans.o
 .debug_line    0x00000000000059fd      0x163 /tmp/cckHODuN.ltrans16.ltrans.o

.debug_str      0x0000000000000000     0x75ab
 .debug_str     0x0000000000000000      0xfc0 /tmp/cckHODuN.ltrans0.ltrans.o
                                       0x1088 (size before relaxing)
 .debug_str     0x0000000000000fc0     0x221d /tmp/cckHODuN.ltrans1.ltrans.o
                                       0x26f5 (size before relaxing)
 .debug_str     0x00000000000031dd      0xbb4 /tmp/cckHODuN.ltrans2.ltrans.o
                                       0x1020 (size before relaxing)
 .debug_str     0x0000000000003d91      0x809 /tmp/cckHODuN.ltrans3.ltrans.o
                                        0xd82 (size before relaxing)
 .debug_str     0x000000000000459a      0x51d /tmp/cckHODuN.ltrans4.ltrans.o
                                        0xb98 (size before relaxing)
 .debug_str     0x0000000000004ab7      0x3a4 /tmp/cckHODuN.ltrans5.ltrans.o
                                        0x757 (size before relaxing)
 .debug_str     0x0000000000004e5b      0x4fe /tmp/cckHODuN.ltrans6.ltrans.o
                                        0xd5b (size before relaxing)
 .debug_str     0x0000000000005359      0xb44 /tmp/cckHODuN.ltrans7.ltrans.o
                                       0x158a (size before relaxing)
 .debug_str     0x0000000000005e9d      0x552 /tmp/cckHODuN.ltrans8.ltrans.o
                                        0xca9 (size before relaxing)
 .debug_str     0x00000000000063ef      0x390 /tmp/cckHODuN.ltrans9.ltrans.o
                                        0xbe8 (size before relaxing)
 .debug_str     0x000000000000677f      0x3af /tmp/cckHODuN.ltrans10.ltrans.o
                                        0xb8d (size before relaxing)
 .debug_str     0x0000000000006b2e      0x2b2 /tmp/cckHODuN.ltrans11.ltrans.o
                                        0xc85 (size before relaxing)
 .debug_str     0x0000000000006de0      0x221 /tmp/cckHODuN.ltrans12.ltrans.o
                                        0xa58 (size before relaxing)
 .debug_str     0x0000000000007001      0x23c /tmp/cckHODuN.ltrans13.ltrans.o
                                        0x554 (size before relaxing)
 .debug_str     0x000000000000723d      0x1c0 /tmp/cckHODuN.ltrans14.ltrans.o
                                        0xde0 (size before relaxing)
 .debug_str     0x00000000000073fd       0xc8 /tmp/cckHODuN.ltrans15.ltrans.o
                                        0x3ed (size before relaxing)
 .debug_str     0x00000000000074c5       0xe6 /tmp/cckHODuN.ltrans16.ltrans.o
                                        0x393 (size before relaxing)

.comment        0x0000000000000000       0x70
 .comment       0x0000000000000000       0x70 /tmp/cckHODuN.ltrans0.ltrans.o
                                         0x71 (size before relaxing)
 .comment       0x0000000000000000       0x71 /tmp/cckHODuN.ltrans1.ltrans.o
 .comment       0x0000000000000000       0x71 /tmp/cckHODuN.ltrans2.ltrans.o
 .comment       0x0000000000000000       0x71 /tmp/cckHODuN.ltrans3.ltrans.o
 .comment       0x0000000000000000       0x71 /tmp/cckHODuN.ltrans4.ltrans.o
 .comment       0x0000000000000000       0x71 /tmp/cckHODuN.ltrans5.ltrans.o
 .comment       0x0000000000000000       0x71 /tmp/cckHODuN.ltrans6.ltrans.o
 .comment       0x0000000000000000       0x71 /tmp/cckHODuN.ltrans7.ltrans.o
 .comment       0x0000000000000000       0x71 /tmp/cckHODuN.ltrans8.ltrans.o
 .comment       0x0000000000000000       0x71 /tmp/cckHODuN.ltrans9.ltrans.o
 .comment       0x0000000000000000       0x71 /tmp/cckHODuN.ltrans10.ltrans.o
 .comment       0x0000000000000000       0x71 /tmp/cckHODuN.ltrans11.ltrans.o
 .comment       0x0000000000000000       0x71 /tmp/cckHODuN.ltrans12.ltrans.o
 .comment       0x0000000000000000       0x71 /tmp/cckHODuN.ltrans13.ltrans.o
 .comment       0x0000000000000000       0x71 /tmp/cckHODuN.ltrans14.ltrans.o
 .comment       0x0000000000000000       0x71 /tmp/cckHODuN.ltrans15.ltrans.o
 .comment       0x0000000000000000       0x71 /tmp/cckHODuN.ltrans16.ltrans.o

.debug_frame    0x0000000000000000     0x1fe8
 .debug_frame   0x0000000000000000       0x38 /tmp/cckHODuN.ltrans0.ltrans.o
 .debug_frame   0x0000000000000038       0x30 /tmp/cckHODuN.ltrans1.ltrans.o
 .debug_frame   0x0000000000000068       0x38 /tmp/cckHODuN.ltrans2.ltrans.o
 .debug_frame   0x00000000000000a0       0x80 /tmp/cckHODuN.ltrans3.ltrans.o
 .debug_frame   0x0000000000000120      0x180 /tmp/cckHODuN.ltrans4.ltrans.o
 .debug_frame   0x00000000000002a0      0x244 /tmp/cckHODuN.ltrans5.ltrans.o
 .debug_frame   0x00000000000004e4      0x140 /tmp/cckHODuN.ltrans6.ltrans.o
 .debug_frame   0x0000000000000624      0x438 /tmp/cckHODuN.ltrans7.ltrans.o
 .debug_frame   0x0000000000000a5c      0x1f8 /tmp/cckHODuN.ltrans8.ltrans.o
 .debug_frame   0x0000000000000c54      0x45c /tmp/cckHODuN.ltrans9.ltrans.o
 .debug_frame   0x00000000000010b0      0x1e8 /tmp/cckHODuN.ltrans10.ltrans.o
 .debug_frame   0x0000000000001298       0xbc /tmp/cckHODuN.ltrans11.ltrans.o
 .debug_frame   0x0000000000001354       0xe4 /tmp/cckHODuN.ltrans12.ltrans.o
 .debug_frame   0x0000000000001438      0x168 /tmp/cckHODuN.ltrans13.ltrans.o
 .debug_frame   0x00000000000015a0       0xec /tmp/cckHODuN.ltrans14.ltrans.o
 .debug_frame   0x000000000000168c       0x3c /tmp/cckHODuN.ltrans15.ltrans.o
 .debug_frame   0x00000000000016c8       0x80 /tmp/cckHODuN.ltrans16.ltrans.o
 .debug_frame   0x0000000000001748       0x58 /usr/bin/../lib/gcc/arm-none-eabi/4.8.4/armv7-m/libgcc.a(bpabi.o)
 .debug_frame   0x00000000000017a0       0x34 /usr/bin/../lib/gcc/arm-none-eabi/4.8.4/armv7-m/libgcc.a(_divdi3.o)
 .debug_frame   0x00000000000017d4       0x34 /usr/bin/../lib/gcc/arm-none-eabi/4.8.4/armv7-m/libgcc.a(_udivdi3.o)
 .debug_frame   0x0000000000001808       0x28 /usr/bin/../lib/gcc/arm-none-eabi/4.8.4/../../../../arm-none-eabi/lib/armv7-m/libg_s.a(lib_a-memcpy-stub.o)
 .debug_frame   0x0000000000001830       0x20 /usr/bin/../lib/gcc/arm-none-eabi/4.8.4/../../../../arm-none-eabi/lib/armv7-m/libg_s.a(lib_a-memset.o)
 .debug_frame   0x0000000000001850       0x28 /usr/bin/../lib/gcc/arm-none-eabi/4.8.4/../../../../arm-none-eabi/lib/armv7-m/libg_s.a(lib_a-strcat.o)
 .debug_frame   0x0000000000001878       0x20 /usr/bin/../lib/gcc/arm-none-eabi/4.8.4/../../../../arm-none-eabi/lib/armv7-m/libg_s.a(lib_a-strchr.o)
 .debug_frame   0x0000000000001898       0x20 /usr/bin/../lib/gcc/arm-none-eabi/4.8.4/../../../../arm-none-eabi/lib/armv7-m/libg_s.a(lib_a-strlen.o)
 .debug_frame   0x00000000000018b8       0x30 /usr/bin/../lib/gcc/arm-none-eabi/4.8.4/../../../../arm-none-eabi/lib/armv7-m/libg_s.a(lib_a-strncasecmp.o)