Archive member included because of file (symbol)

/usr/local/gcc_arm/bin/../lib/gcc/arm-none-eabi/4.9.3/../../../../arm-none-eabi/lib/armv7-m/libc_nano.a(lib_a-atoi.o)
                              obj/NAZE/cli.o (symbol from plugin) (atoi)
/usr/local/gcc_arm/bin/../lib/gcc/arm-none-eabi/4.9.3/../../../../arm-none-eabi/lib/armv7-m/libc_nano.a(lib_a-bsearch.o)
                              obj/NAZE/cli.o (symbol from plugin) (bsearch)
/usr/local/gcc_arm/bin/../lib/gcc/arm-none-eabi/4.9.3/../../../../arm-none-eabi/lib/armv7-m/libc_nano.a(lib_a-ctype_.o)
                              obj/NAZE/gps.o (symbol from plugin) (__ctype_ptr__)
/usr/local/gcc_arm/bin/../lib/gcc/arm-none-eabi/4.9.3/../../../../arm-none-eabi/lib/armv7-m/libc_nano.a(lib_a-strtok.o)
                              obj/NAZE/cli.o (symbol from plugin) (strtok)
/usr/local/gcc_arm/bin/../lib/gcc/arm-none-eabi/4.9.3/../../../../arm-none-eabi/lib/armv7-m/libc_nano.a(lib_a-strtok_r.o)
                              /usr/local/gcc_arm/bin/../lib/gcc/arm-none-eabi/4.9.3/../../../../arm-none-eabi/lib/armv7-m/libc_nano.a(lib_a-strtok.o) (__strtok_r)
/usr/local/gcc_arm/bin/../lib/gcc/arm-none-eabi/4.9.3/../../../../arm-none-eabi/lib/armv7-m/libc_nano.a(lib_a-strtol.o)
                              /usr/local/gcc_arm/bin/../lib/gcc/arm-none-eabi/4.9.3/../../../../arm-none-eabi/lib/armv7-m/libc_nano.a(lib_a-atoi.o) (_strtol_r)
/usr/local/gcc_arm/bin/../lib/gcc/arm-none-eabi/4.9.3/../../../../arm-none-eabi/lib/armv7-m/libc_nano.a(lib_a-impure.o)
                              /usr/local/gcc_arm/bin/../lib/gcc/arm-none-eabi/4.9.3/../../../../arm-none-eabi/lib/armv7-m/libc_nano.a(lib_a-strtok.o) (_impure_ptr)
/usr/local/gcc_arm/bin/../lib/gcc/arm-none-eabi/4.9.3/../../../../arm-none-eabi/lib/armv7-m/libc_nano.a(lib_a-malloc.o)
                              /usr/local/gcc_arm/bin/../lib/gcc/arm-none-eabi/4.9.3/../../../../arm-none-eabi/lib/armv7-m/libc_nano.a(lib_a-strtok.o) (malloc)
/usr/local/gcc_arm/bin/../lib/gcc/arm-none-eabi/4.9.3/../../../../arm-none-eabi/lib/armv7-m/libc_nano.a(lib_a-nano-freer.o)
                              /usr/local/gcc_arm/bin/../lib/gcc/arm-none-eabi/4.9.3/../../../../arm-none-eabi/lib/armv7-m/libc_nano.a(lib_a-malloc.o) (_free_r)
/usr/local/gcc_arm/bin/../lib/gcc/arm-none-eabi/4.9.3/../../../../arm-none-eabi/lib/armv7-m/libc_nano.a(lib_a-nano-mallocr.o)
                              /usr/local/gcc_arm/bin/../lib/gcc/arm-none-eabi/4.9.3/../../../../arm-none-eabi/lib/armv7-m/libc_nano.a(lib_a-malloc.o) (_malloc_r)
/usr/local/gcc_arm/bin/../lib/gcc/arm-none-eabi/4.9.3/../../../../arm-none-eabi/lib/armv7-m/libc_nano.a(lib_a-sbrkr.o)
                              /usr/local/gcc_arm/bin/../lib/gcc/arm-none-eabi/4.9.3/../../../../arm-none-eabi/lib/armv7-m/libc_nano.a(lib_a-nano-mallocr.o) (_sbrk_r)
/usr/local/gcc_arm/bin/../lib/gcc/arm-none-eabi/4.9.3/../../../../arm-none-eabi/lib/armv7-m/libc_nano.a(lib_a-reent.o)
                              /usr/local/gcc_arm/bin/../lib/gcc/arm-none-eabi/4.9.3/../../../../arm-none-eabi/lib/armv7-m/libc_nano.a(lib_a-sbrkr.o) (errno)
/usr/local/gcc_arm/bin/../lib/gcc/arm-none-eabi/4.9.3/../../../../arm-none-eabi/lib/armv7-m/libnosys.a(sbrk.o)
                              /usr/local/gcc_arm/bin/../lib/gcc/arm-none-eabi/4.9.3/../../../../arm-none-eabi/lib/armv7-m/libc_nano.a(lib_a-sbrkr.o) (_sbrk)
/usr/local/gcc_arm/bin/../lib/gcc/arm-none-eabi/4.9.3/armv7-m/libgcc.a(_arm_addsubdf3.o)
                              /var/folders/gp/fgd5hg_54vn_nr6y3_bk3x_00000gn/T//ccRV9Vru.ltrans8.ltrans.o (__aeabi_dadd)
/usr/local/gcc_arm/bin/../lib/gcc/arm-none-eabi/4.9.3/armv7-m/libgcc.a(_arm_muldivdf3.o)
                              /var/folders/gp/fgd5hg_54vn_nr6y3_bk3x_00000gn/T//ccRV9Vru.ltrans1.ltrans.o (__aeabi_dmul)
/usr/local/gcc_arm/bin/../lib/gcc/arm-none-eabi/4.9.3/armv7-m/libgcc.a(_arm_truncdfsf2.o)
                              /var/folders/gp/fgd5hg_54vn_nr6y3_bk3x_00000gn/T//ccRV9Vru.ltrans1.ltrans.o (__aeabi_d2f)
/usr/local/gcc_arm/bin/../lib/gcc/arm-none-eabi/4.9.3/armv7-m/libgcc.a(_arm_addsubsf3.o)
                              /var/folders/gp/fgd5hg_54vn_nr6y3_bk3x_00000gn/T//ccRV9Vru.ltrans0.ltrans.o (__aeabi_fsub)
/usr/local/gcc_arm/bin/../lib/gcc/arm-none-eabi/4.9.3/armv7-m/libgcc.a(_arm_muldivsf3.o)
                              /var/folders/gp/fgd5hg_54vn_nr6y3_bk3x_00000gn/T//ccRV9Vru.ltrans0.ltrans.o (__aeabi_fmul)
/usr/local/gcc_arm/bin/../lib/gcc/arm-none-eabi/4.9.3/armv7-m/libgcc.a(_arm_cmpsf2.o)
                              /var/folders/gp/fgd5hg_54vn_nr6y3_bk3x_00000gn/T//ccRV9Vru.ltrans1.ltrans.o (__aeabi_fcmpeq)
/usr/local/gcc_arm/bin/../lib/gcc/arm-none-eabi/4.9.3/armv7-m/libgcc.a(_arm_fixsfsi.o)
                              /var/folders/gp/fgd5hg_54vn_nr6y3_bk3x_00000gn/T//ccRV9Vru.ltrans0.ltrans.o (__aeabi_f2iz)
/usr/local/gcc_arm/bin/../lib/gcc/arm-none-eabi/4.9.3/armv7-m/libgcc.a(_arm_fixunssfsi.o)
[...]
Memory Configuration

Name             Origin             Length             Attributes
FLASH            0x0000000008000000 0x000000000001f800 xr
RAM              0x0000000020000000 0x0000000000005000 xrw
MEMORY_B1        0x0000000060000000 0x0000000000000000 xr
*default*        0x0000000000000000 0xffffffffffffffff

Linker script and memory map

LOAD obj/NAZE/drv_adc.o
LOAD /var/folders/gp/fgd5hg_54vn_nr6y3_bk3x_00000gn/T//ccRV9Vru.ltrans0.ltrans.o
LOAD /var/folders/gp/fgd5hg_54vn_nr6y3_bk3x_00000gn/T//ccRV9Vru.ltrans1.ltrans.o
LOAD /var/folders/gp/fgd5hg_54vn_nr6y3_bk3x_00000gn/T//ccRV9Vru.ltrans2.ltrans.o
LOAD /var/folders/gp/fgd5hg_54vn_nr6y3_bk3x_00000gn/T//ccRV9Vru.ltrans3.ltrans.o
LOAD /var/folders/gp/fgd5hg_54vn_nr6y3_bk3x_00000gn/T//ccRV9Vru.ltrans4.ltrans.o
LOAD /var/folders/gp/fgd5hg_54vn_nr6y3_bk3x_00000gn/T//ccRV9Vru.ltrans5.ltrans.o
LOAD /var/folders/gp/fgd5hg_54vn_nr6y3_bk3x_00000gn/T//ccRV9Vru.ltrans6.ltrans.o
LOAD /var/folders/gp/fgd5hg_54vn_nr6y3_bk3x_00000gn/T//ccRV9Vru.ltrans7.ltrans.o
LOAD /var/folders/gp/fgd5hg_54vn_nr6y3_bk3x_00000gn/T//ccRV9Vru.ltrans8.ltrans.o
LOAD /var/folders/gp/fgd5hg_54vn_nr6y3_bk3x_00000gn/T//ccRV9Vru.ltrans9.ltrans.o
LOAD /var/folders/gp/fgd5hg_54vn_nr6y3_bk3x_00000gn/T//ccRV9Vru.ltrans10.ltrans.o
LOAD /var/folders/gp/fgd5hg_54vn_nr6y3_bk3x_00000gn/T//ccRV9Vru.ltrans11.ltrans.o
LOAD /var/folders/gp/fgd5hg_54vn_nr6y3_bk3x_00000gn/T//ccRV9Vru.ltrans12.ltrans.o
LOAD /var/folders/gp/fgd5hg_54vn_nr6y3_bk3x_00000gn/T//ccRV9Vru.ltrans13.ltrans.o
LOAD /var/folders/gp/fgd5hg_54vn_nr6y3_bk3x_00000gn/T//ccRV9Vru.ltrans14.ltrans.o
LOAD /var/folders/gp/fgd5hg_54vn_nr6y3_bk3x_00000gn/T//ccRV9Vru.ltrans15.ltrans.o
LOAD /var/folders/gp/fgd5hg_54vn_nr6y3_bk3x_00000gn/T//ccRV9Vru.ltrans16.ltrans.o
LOAD /usr/local/gcc_arm/bin/../lib/gcc/arm-none-eabi/4.9.3/armv7-m/libgcc.a
LOAD /usr/local/gcc_arm/bin/../lib/gcc/arm-none-eabi/4.9.3/../../../../arm-none-eabi/lib/armv7-m/libg_nano.a
LOAD /usr/local/gcc_arm/bin/../lib/gcc/arm-none-eabi/4.9.3/../../../../arm-none-eabi/lib/armv7-m/libc_nano.a
LOAD /usr/local/gcc_arm/bin/../lib/gcc/arm-none-eabi/4.9.3/armv7-m/libgcc.a
LOAD /usr/local/gcc_arm/bin/../lib/gcc/arm-none-eabi/4.9.3/../../../../arm-none-eabi/lib/armv7-m/libc_nano.a
LOAD obj/NAZE/drv_adxl345.o
LOAD obj/NAZE/drv_ak8975.o
LOAD obj/NAZE/drv_bma280.o
LOAD obj/NAZE/drv_bmp085.o
LOAD obj/NAZE/drv_ms5611.o
LOAD obj/NAZE/drv_hcsr04.o
LOAD obj/NAZE/drv_hmc5883l.o
LOAD obj/NAZE/drv_ledring.o
LOAD obj/NAZE/drv_mma845x.o
LOAD obj/NAZE/drv_mpu3050.o
LOAD obj/NAZE/drv_mpu6050.o
LOAD obj/NAZE/drv_mpu6500.o
LOAD obj/NAZE/drv_l3g4200d.o
LOAD obj/NAZE/drv_pwm.o
LOAD obj/NAZE/drv_spi.o
LOAD obj/NAZE/drv_timer.o
LOAD obj/NAZE/gps.o
LOAD obj/NAZE/drv_softserial.o
LOAD obj/NAZE/telemetry_common.o
LOAD obj/NAZE/telemetry_frsky.o
LOAD obj/NAZE/telemetry_hott.o
LOAD obj/NAZE/blackbox.o
LOAD obj/NAZE/buzzer.o
LOAD obj/NAZE/cli.o
LOAD obj/NAZE/config.o
LOAD obj/NAZE/imu.o
LOAD obj/NAZE/main.o
LOAD obj/NAZE/mixer.o
LOAD obj/NAZE/mw.o
LOAD obj/NAZE/sensors.o
LOAD obj/NAZE/serial.o
LOAD obj/NAZE/rxmsp.o
LOAD obj/NAZE/drv_gpio.o
LOAD obj/NAZE/drv_i2c.o
LOAD obj/NAZE/drv_i2c_soft.o
LOAD obj/NAZE/drv_system.o
LOAD obj/NAZE/drv_serial.o
LOAD obj/NAZE/drv_uart.o
LOAD obj/NAZE/printf.o
LOAD obj/NAZE/utils.o
LOAD obj/NAZE/sbus.o
LOAD obj/NAZE/sumd.o
LOAD obj/NAZE/spektrum.o
LOAD obj/NAZE/startup_stm32f10x_md_gcc.o
LOAD obj/NAZE/core_cm3.o
LOAD obj/NAZE/system_stm32f10x.o
LOAD obj/NAZE/misc.o
LOAD obj/NAZE/stm32f10x_adc.o
LOAD obj/NAZE/stm32f10x_bkp.o
LOAD obj/NAZE/stm32f10x_can.o
LOAD obj/NAZE/stm32f10x_cec.o
LOAD obj/NAZE/stm32f10x_crc.o
LOAD obj/NAZE/stm32f10x_dac.o
LOAD obj/NAZE/stm32f10x_dbgmcu.o
LOAD obj/NAZE/stm32f10x_dma.o
LOAD obj/NAZE/stm32f10x_exti.o
LOAD obj/NAZE/stm32f10x_flash.o
LOAD obj/NAZE/stm32f10x_fsmc.o
LOAD obj/NAZE/stm32f10x_gpio.o
LOAD obj/NAZE/stm32f10x_i2c.o
LOAD obj/NAZE/stm32f10x_iwdg.o
LOAD obj/NAZE/stm32f10x_pwr.o
LOAD obj/NAZE/stm32f10x_rcc.o
LOAD obj/NAZE/stm32f10x_rtc.o
LOAD obj/NAZE/stm32f10x_sdio.o
LOAD obj/NAZE/stm32f10x_spi.o
LOAD obj/NAZE/stm32f10x_tim.o
LOAD obj/NAZE/stm32f10x_usart.o
LOAD obj/NAZE/stm32f10x_wwdg.o
LOAD /usr/local/gcc_arm/bin/../lib/gcc/arm-none-eabi/4.9.3/../../../../arm-none-eabi/lib/armv7-m/libm.a
LOAD /usr/local/gcc_arm/bin/../lib/gcc/arm-none-eabi/4.9.3/../../../../arm-none-eabi/lib/armv7-m/libc_nano.a
LOAD /usr/local/gcc_arm/bin/../lib/gcc/arm-none-eabi/4.9.3/../../../../arm-none-eabi/lib/armv7-m/libnosys.a
START GROUP
LOAD /usr/local/gcc_arm/bin/../lib/gcc/arm-none-eabi/4.9.3/armv7-m/libgcc.a
LOAD /usr/local/gcc_arm/bin/../lib/gcc/arm-none-eabi/4.9.3/../../../../arm-none-eabi/lib/armv7-m/libg_nano.a
LOAD /usr/local/gcc_arm/bin/../lib/gcc/arm-none-eabi/4.9.3/../../../../arm-none-eabi/lib/armv7-m/libc_nano.a
END GROUP
START GROUP
LOAD /usr/local/gcc_arm/bin/../lib/gcc/arm-none-eabi/4.9.3/armv7-m/libgcc.a
LOAD /usr/local/gcc_arm/bin/../lib/gcc/arm-none-eabi/4.9.3/../../../../arm-none-eabi/lib/armv7-m/libc_nano.a
END GROUP
                0x0000000020005000                _estack = 0x20005000
                0x0000000000000000                _Min_Heap_Size = 0x0
                0x0000000000000400                _Min_Stack_Size = 0x400

.isr_vector     0x0000000008000000      0x10c
                0x0000000008000000                . = ALIGN (0x4)
 *(.isr_vector)
 .isr_vector    0x0000000008000000      0x10c obj/NAZE/startup_stm32f10x_md_gcc.o
                0x0000000008000000                g_pfnVectors
                0x000000000800010c                . = ALIGN (0x4)

.text           0x0000000008000110    0x137c8
                0x0000000008000110                . = ALIGN (0x4)
 *(.text)
 .text          0x0000000008000110     0x20b0 /var/folders/gp/fgd5hg_54vn_nr6y3_bk3x_00000gn/T//ccRV9Vru.ltrans0.ltrans.o
                0x0000000008000110                loop
 .text          0x00000000080021c0     0x1a60 /var/folders/gp/fgd5hg_54vn_nr6y3_bk3x_00000gn/T//ccRV9Vru.ltrans2.ltrans.o
                0x00000000080021c0                annexCode
 .text          0x0000000008003c20      0xadc /var/folders/gp/fgd5hg_54vn_nr6y3_bk3x_00000gn/T//ccRV9Vru.ltrans3.ltrans.o
                0x0000000008003cc8                pwmWriteStandard.lto_priv.163
                0x0000000008003cd8                pwmWriteBrushed.lto_priv.164
                0x0000000008003d44                ppmCallback.lto_priv.159
                0x0000000008003d90                mpu6500AccInit.lto_priv.85
                0x0000000008003da8                mpu6050AccInit.lto_priv.79
                0x0000000008003e00                pwmCallback.lto_priv.160
                0x0000000008003e6c                l3g4200dRead.lto_priv.189
                0x0000000008003ed4                mpu6050GyroRead.lto_priv.82
                0x0000000008003f3c                mpu6050AccRead.lto_priv.80
                0x0000000008003f90                mpu3050ReadTemp.lto_priv.185
                0x0000000008003fc2                mpu6050GyroInit.lto_priv.81
                0x0000000008004054                l3g4200dInit.lto_priv.188
                0x0000000008004098                timCCxHandler.lto_priv.249
                0x00000000080040e8                timerConfigure
                0x000000000800411c                configureTimerCaptureCompareInterrupt
                0x00000000080041d4                spiTransfer
                0x0000000008004214                spiTransferByte
                0x000000000800423c                mpu6500GyroRead.lto_priv.88
                0x00000000080042b8                mpu6500AccRead.lto_priv.86
                0x0000000008004340                mpu6500GyroInit.lto_priv.87
                0x00000000080043cc                pwmWriteServo
                0x00000000080043e8                pwmInConfig.lto_priv.198
                0x0000000008004450                pwmOutConfig.lto_priv.197
 .text          0x00000000080046fc      0x8a8 /var/folders/gp/fgd5hg_54vn_nr6y3_bk3x_00000gn/T//ccRV9Vru.ltrans4.ltrans.o
                0x00000000080048aa                beepRev5.lto_priv.194
                0x00000000080048c0                beepRev4.lto_priv.195
                0x0000000008004922                tfp_format
                0x0000000008004acc                USART3_IRQHandler
                0x0000000008004b00                USART2_IRQHandler
                0x0000000008004b70                USART1_IRQHandler
                0x0000000008004bb4                DMA1_Channel2_IRQHandler
                0x0000000008004be4                DMA1_Channel4_IRQHandler
                0x0000000008004c1c                uartOpen
                0x0000000008004f7c                serialSetMode
                0x0000000008004f82                serialSetBaudRate
                0x0000000008004f88                serialRead
                0x0000000008004f8e                serialTotalBytesWaiting
                0x0000000008004f94                serialWrite
                0x0000000008004f9a                systemBeep
 .text          0x0000000008004fa4      0x718 /var/folders/gp/fgd5hg_54vn_nr6y3_bk3x_00000gn/T//ccRV9Vru.ltrans5.ltrans.o
                0x00000000080051e8                mspReadRawRC.lto_priv.149
                0x00000000080051f8                micros
                0x0000000008005228                delayMicroseconds
                0x000000000800523e                delay
                0x0000000008005252                failureMode
                0x0000000008005298                SysTick_Handler
                0x00000000080052a8                I2C2_EV_IRQHandler
                0x00000000080052aa                I2C1_EV_IRQHandler
                0x00000000080052ac                gpioInit
                0x0000000008005310                i2cInit
                0x000000000800558c                I2C2_ER_IRQHandler
                0x000000000800558e                I2C1_ER_IRQHandler
                0x00000000080055b0                i2cRead
                0x000000000800562c                i2cWriteBuffer
                0x00000000080056a8                i2cWrite
 .text          0x00000000080056bc      0xc20 /var/folders/gp/fgd5hg_54vn_nr6y3_bk3x_00000gn/T//ccRV9Vru.ltrans6.ltrans.o
                0x00000000080056bc                TIM_GetCapture4
                0x00000000080056c4                TIM_GetCapture3
                0x00000000080056ca                TIM_GetCapture2
                0x00000000080056d0                TIM_GetCapture1
                0x0000000008005700                spektrumReadRawRC.lto_priv.158
                0x0000000008005788                sumdReadRawRC.lto_priv.151
                0x00000000080057a4                sbusReadRawRC.lto_priv.153
                0x00000000080057c4                spektrumDataReceive.lto_priv.157
                0x0000000008005818                sumdDataReceive.lto_priv.150
                0x0000000008005888                sbusDataReceive.lto_priv.152
                0x00000000080058e0                EXTI_Init.part.0.constprop.61
                0x0000000008005934                mpu6050Detect.constprop.48
                0x0000000008005a38                mpu6500Detect.constprop.44
                0x0000000008005ad8                TIM_ICInit.constprop.34
                0x0000000008005d04                grab_fields.constprop.26
                0x0000000008005d50                GPS_coord_to_degrees.constprop.23
                0x0000000008005e00                RCC_GetClocksFreq
                0x0000000008005e90                USART_Init
                0x0000000008005f3c                FLASH_WaitForLastOperation
                0x0000000008005f5e                FLASH_ErasePage
                0x0000000008005f9c                DMA_Init
                0x0000000008005fd8                DMA_DeInit
                0x00000000080060c8                NVIC_Init.part.0.lto_priv.89
                0x0000000008006110                SystemInit
                0x000000000800615c                alignSensors
                0x00000000080062a8                tfp_printf
 .text          0x00000000080062dc      0x830 /var/folders/gp/fgd5hg_54vn_nr6y3_bk3x_00000gn/T//ccRV9Vru.ltrans7.ltrans.o
                0x00000000080062dc                isSoftSerialTransmitBufferEmpty
                0x00000000080062e8                softSerialSetMode
                0x00000000080062ec                softSerialSetBaudRate
                0x00000000080062ee                softSerialWriteByte
                0x000000000800630c                softSerialTotalBytesWaiting
                0x0000000008006332                softSerialReadByte
                0x000000000800639c                onSerialRxPinChange
                0x0000000008006460                testBlackboxCondition.lto_priv.90
                0x0000000008006500                blackboxPrint.lto_priv.231
                0x0000000008006520                blackboxPrintf.lto_priv.111
                0x0000000008006544                blackboxWrite.lto_priv.108
                0x0000000008006554                writeUnsignedVB.lto_priv.110
                0x0000000008006572                writeSignedVB.lto_priv.109
                0x000000000800657a                writeInterframe.lto_priv.105
                0x00000000080069e8                hottV4Respond.lto_priv.139
                0x0000000008006a40                serialize16.lto_priv.137
                0x0000000008006a54                sendTelemetryTail.lto_priv.136
                0x0000000008006a64                sendDataHead.lto_priv.138
                0x0000000008006a84                checkTelemetryState.part.2.lto_priv.140
 *fill*         0x0000000008006b0c        0x4 
 .text          0x0000000008006b10     0x10c0 /var/folders/gp/fgd5hg_54vn_nr6y3_bk3x_00000gn/T//ccRV9Vru.ltrans8.ltrans.o
                0x0000000008006b10                _putc.lto_priv.143
                0x0000000008006d80                applyDeadband
                0x0000000008006d9e                activateConfig
                0x0000000008006e88                readEEPROM
                0x0000000008006ed4                writeEEPROM
                0x0000000008007008                computeIMU
                0x0000000008007924                checkFirstTime
 .text          0x0000000008007bd0      0xc30 /var/folders/gp/fgd5hg_54vn_nr6y3_bk3x_00000gn/T//ccRV9Vru.ltrans9.ltrans.o
                0x0000000008007bd0                gpsNewData.lto_priv.113
                0x00000000080087b4                gpsSetState.lto_priv.112
                0x00000000080087d0                TIM4_IRQHandler
                0x00000000080087dc                TIM3_IRQHandler
                0x00000000080087e8                TIM2_IRQHandler
                0x00000000080087f2                TIM1_CC_IRQHandler
 .text          0x0000000008008800      0xbb8 /var/folders/gp/fgd5hg_54vn_nr6y3_bk3x_00000gn/T//ccRV9Vru.ltrans10.ltrans.o
                0x0000000008008828                cliFeature.lto_priv.207
                0x0000000008008920                cliCompare.lto_priv.201
                0x000000000800893a                cliExit.lto_priv.206
                0x0000000008008970                cliDefaults.lto_priv.204
                0x00000000080089a4                cliAux.lto_priv.202
                0x0000000008008a08                ftoa.lto_priv.209
                0x0000000008008adc                cliDump.lto_priv.205
                0x0000000008008c98                _atof.lto_priv.208
                0x0000000008008dc4                cliCMix.lto_priv.203
                0x000000000800904c                beep.lto_priv.141
                0x00000000080090a8                beep_code.lto_priv.142
                0x0000000008009148                sendFieldDefinition.lto_priv.107
                0x0000000008009278                loadBlackboxState.lto_priv.106
                0x000000000800935c                writeGPSFrame.lto_priv.104
 .text          0x00000000080093b8      0x8c8 /var/folders/gp/fgd5hg_54vn_nr6y3_bk3x_00000gn/T//ccRV9Vru.ltrans11.ltrans.o
                0x00000000080094ac                validEEPROM.lto_priv.200
                0x00000000080094f0                parseRcChannels
                0x0000000008009520                cliPrintVar.lto_priv.230
                0x00000000080095c0                cliPrint.lto_priv.228
                0x00000000080095dc                cliProcess
                0x0000000008009a5c                cliSave.lto_priv.229
 .text          0x0000000008009c80      0xa18 /var/folders/gp/fgd5hg_54vn_nr6y3_bk3x_00000gn/T//ccRV9Vru.ltrans12.ltrans.o
                0x0000000008009c80                ms5611_calculate.lto_priv.171
                0x0000000008009ddc                bmp085_calculate.lto_priv.176
                0x0000000008009eb8                mpu3050Read.lto_priv.184
                0x0000000008009f20                mma8452Read.lto_priv.180
                0x0000000008009f90                hmc5883lRead
                0x000000000800a040                ms5611_get_up.lto_priv.170
                0x000000000800a050                ms5611_get_ut.lto_priv.168
                0x000000000800a060                bmp085_get_up.lto_priv.175
                0x000000000800a0a8                bmp085_get_ut.lto_priv.173
                0x000000000800a0d8                bma280Read.lto_priv.178
                0x000000000800a134                adxl345Read.lto_priv.182
                0x000000000800a214                ms5611_start_up.lto_priv.169
                0x000000000800a21e                ms5611_start_ut.lto_priv.167
                0x000000000800a228                bmp085_start_up.lto_priv.174
                0x000000000800a24c                bmp085_start_ut.lto_priv.172
                0x000000000800a260                bma280Init.lto_priv.177
                0x000000000800a290                ak8975Read
                0x000000000800a300                ak8975Init
                0x000000000800a314                adxl345Init.lto_priv.181
                0x000000000800a378                mpu3050Init.lto_priv.183
                0x000000000800a3d4                mma8452Init.lto_priv.179
                0x000000000800a464                hmc5883lInit
                0x000000000800a66c                EXTI9_5_IRQHandler
                0x000000000800a66e                EXTI1_IRQHandler
                0x000000000800a670                EXTI15_10_IRQHandler
 .text          0x000000000800a698      0x56c /var/folders/gp/fgd5hg_54vn_nr6y3_bk3x_00000gn/T//ccRV9Vru.ltrans13.ltrans.o
                0x000000000800a698                pidRewrite.lto_priv.199
                0x000000000800a82c                pidMultiWii.lto_priv.101
                0x000000000800aa9c                pwmReadRawRC
                0x000000000800aab8                mwDisarm.lto_priv.103
                0x000000000800aaec                mwArm.lto_priv.102
 .text          0x000000000800ac04      0x3dc /var/folders/gp/fgd5hg_54vn_nr6y3_bk3x_00000gn/T//ccRV9Vru.ltrans14.ltrans.o
                0x000000000800ac5c                applyChangedBits
                0x000000000800ac86                serialICConfig
                0x000000000800ade8                GPS_distance_cm_bearing.isra.3.lto_priv.248
                0x000000000800ae6c                wrap_18000
                0x000000000800ae90                GPS_set_next_wp
                0x000000000800af00                gpsSetPIDs
                0x000000000800af98                GPS_reset_home_position
 .text          0x000000000800afe0      0x224 /var/folders/gp/fgd5hg_54vn_nr6y3_bk3x_00000gn/T//ccRV9Vru.ltrans15.ltrans.o
                0x000000000800afe0                serialInit
                0x000000000800b134                read8
                0x000000000800b148                read16
                0x000000000800b15c                read32
                0x000000000800b16e                serialize8
                0x000000000800b18c                headSerialResponse
                0x000000000800b1c8                headSerialReply
                0x000000000800b1ce                serialize16
                0x000000000800b1e2                serialize32
 .text          0x000000000800b204      0x108 /var/folders/gp/fgd5hg_54vn_nr6y3_bk3x_00000gn/T//ccRV9Vru.ltrans16.ltrans.o
                0x000000000800b204                blinkLED
                0x000000000800b24c                writeMotors
                0x000000000800b280                mixerResetMotors
                0x000000000800b2b4                servoMiddle
                0x000000000800b2dc                HardFault_Handler
 .text          0x000000000800b30c      0x370 /usr/local/gcc_arm/bin/../lib/gcc/arm-none-eabi/4.9.3/armv7-m/libgcc.a(_arm_addsubdf3.o)
                0x000000000800b30c                __aeabi_drsub
                0x000000000800b314                __subdf3
                0x000000000800b314                __aeabi_dsub
                0x000000000800b318                __aeabi_dadd
                0x000000000800b318                __adddf3
                0x000000000800b590                __aeabi_ui2d
                0x000000000800b590                __floatunsidf
                0x000000000800b5b0                __floatsidf
                0x000000000800b5b0                __aeabi_i2d
                0x000000000800b5d4                __extendsfdf2
                0x000000000800b5d4                __aeabi_f2d
                0x000000000800b610                __aeabi_ul2d
                0x000000000800b610                __floatundidf
                0x000000000800b620                __aeabi_l2d
                0x000000000800b620                __floatdidf
 .text          0x000000000800b67c      0x424 /usr/local/gcc_arm/bin/../lib/gcc/arm-none-eabi/4.9.3/armv7-m/libgcc.a(_arm_muldivdf3.o)
                0x000000000800b67c                __aeabi_dmul
                0x000000000800b67c                __muldf3
                0x000000000800b8d0                __aeabi_ddiv
                0x000000000800b8d0                __divdf3
 .text          0x000000000800baa0       0xa0 /usr/local/gcc_arm/bin/../lib/gcc/arm-none-eabi/4.9.3/armv7-m/libgcc.a(_arm_truncdfsf2.o)
                0x000000000800baa0                __aeabi_d2f
                0x000000000800baa0                __truncdfsf2
 .text          0x000000000800bb40      0x21c /usr/local/gcc_arm/bin/../lib/gcc/arm-none-eabi/4.9.3/armv7-m/libgcc.a(_arm_addsubsf3.o)
                0x000000000800bb40                __aeabi_frsub
                0x000000000800bb48                __aeabi_fsub
                0x000000000800bb48                __subsf3
                0x000000000800bb4c                __aeabi_fadd
                0x000000000800bb4c                __addsf3
                0x000000000800bcac                __aeabi_ui2f
                0x000000000800bcac                __floatunsisf
                0x000000000800bcb4                __floatsisf
                0x000000000800bcb4                __aeabi_i2f
                0x000000000800bcd0                __aeabi_ul2f
                0x000000000800bcd0                __floatundisf
                0x000000000800bce0                __aeabi_l2f
                0x000000000800bce0                __floatdisf
 .text          0x000000000800bd5c      0x2a0 /usr/local/gcc_arm/bin/../lib/gcc/arm-none-eabi/4.9.3/armv7-m/libgcc.a(_arm_muldivsf3.o)
                0x000000000800bd5c                __mulsf3
                0x000000000800bd5c                __aeabi_fmul
                0x000000000800bec4                __divsf3
                0x000000000800bec4                __aeabi_fdiv
 .text          0x000000000800bffc       0xec /usr/local/gcc_arm/bin/../lib/gcc/arm-none-eabi/4.9.3/armv7-m/libgcc.a(_arm_cmpsf2.o)
                0x000000000800bffc                __gesf2
                0x000000000800bffc                __gtsf2
                0x000000000800c004                __ltsf2
                0x000000000800c004                __lesf2
                0x000000000800c00c                __nesf2
                0x000000000800c00c                __eqsf2
                0x000000000800c00c                __cmpsf2
                0x000000000800c06c                __aeabi_cfrcmple
                0x000000000800c074                __aeabi_cfcmpeq
                0x000000000800c074                __aeabi_cfcmple
                0x000000000800c084                __aeabi_fcmpeq
                0x000000000800c098                __aeabi_fcmplt
                0x000000000800c0ac                __aeabi_fcmple
                0x000000000800c0c0                __aeabi_fcmpge
                0x000000000800c0d4                __aeabi_fcmpgt
 .text          0x000000000800c0e8       0x4c /usr/local/gcc_arm/bin/../lib/gcc/arm-none-eabi/4.9.3/armv7-m/libgcc.a(_arm_fixsfsi.o)
                0x000000000800c0e8                __fixsfsi
                0x000000000800c0e8                __aeabi_f2iz
 .text          0x000000000800c134       0x40 /usr/local/gcc_arm/bin/../lib/gcc/arm-none-eabi/4.9.3/armv7-m/libgcc.a(_arm_fixunssfsi.o)
                0x000000000800c134                __aeabi_f2uiz
                0x000000000800c134                __fixunssfsi
 .text          0x000000000800c174       0x38 /usr/local/gcc_arm/bin/../lib/gcc/arm-none-eabi/4.9.3/armv7-m/libgcc.a(_aeabi_ldivmod.o)
                0x000000000800c174                __aeabi_ldivmod
 .text          0x000000000800c1ac       0x60 /usr/local/gcc_arm/bin/../lib/gcc/arm-none-eabi/4.9.3/armv7-m/libgcc.a(bpabi.o)
                0x000000000800c1ac                __gnu_ldivmod_helper
                0x000000000800c1dc                __gnu_uldivmod_helper
 .text          0x000000000800c20c        0x4 /usr/local/gcc_arm/bin/../lib/gcc/arm-none-eabi/4.9.3/armv7-m/libgcc.a(_dvmd_tls.o)
                0x000000000800c20c                __aeabi_ldiv0
                0x000000000800c20c                __aeabi_idiv0
 .text          0x000000000800c210      0x2ac /usr/local/gcc_arm/bin/../lib/gcc/arm-none-eabi/4.9.3/armv7-m/libgcc.a(_divdi3.o)
                0x000000000800c210                __divdi3
 .text          0x000000000800c4bc      0x270 /usr/local/gcc_arm/bin/../lib/gcc/arm-none-eabi/4.9.3/armv7-m/libgcc.a(_udivdi3.o)
                0x000000000800c4bc                __udivdi3
 .text          0x000000000800c72c      0x110 /usr/local/gcc_arm/bin/../lib/gcc/arm-none-eabi/4.9.3/armv7-m/libgcc.a(_arm_cmpdf2.o)
                0x000000000800c72c                __gtdf2
                0x000000000800c72c                __gedf2
                0x000000000800c734                __ltdf2
                0x000000000800c734                __ledf2
                0x000000000800c73c                __eqdf2
                0x000000000800c73c                __nedf2
                0x000000000800c73c                __cmpdf2
                0x000000000800c7b8                __aeabi_cdrcmple
                0x000000000800c7c8                __aeabi_cdcmple
                0x000000000800c7c8                __aeabi_cdcmpeq
                0x000000000800c7d8                __aeabi_dcmpeq
                0x000000000800c7ec                __aeabi_dcmplt
                0x000000000800c800                __aeabi_dcmple
                0x000000000800c814                __aeabi_dcmpge
                0x000000000800c828                __aeabi_dcmpgt
 *(.text*)
 *fill*         0x000000000800c83c        0x4 
 .text.startup  0x000000000800c840     0x17c0 /var/folders/gp/fgd5hg_54vn_nr6y3_bk3x_00000gn/T//ccRV9Vru.ltrans1.ltrans.o
                0x000000000800c840                main
 .text.unlikely
                0x000000000800e000      0x100 /var/folders/gp/fgd5hg_54vn_nr6y3_bk3x_00000gn/T//ccRV9Vru.ltrans14.ltrans.o
                0x000000000800e000                initialiseSoftSerial
 .text.memcpy   0x000000000800e100       0x16 /usr/local/gcc_arm/bin/../lib/gcc/arm-none-eabi/4.9.3/../../../../arm-none-eabi/lib/armv7-m/libg_nano.a(lib_a-memcpy.o)
                0x000000000800e100                memcpy
 .text.memset   0x000000000800e116       0x10 /usr/local/gcc_arm/bin/../lib/gcc/arm-none-eabi/4.9.3/../../../../arm-none-eabi/lib/armv7-m/libg_nano.a(lib_a-memset.o)
                0x000000000800e116                memset
 .text.strcat   0x000000000800e126       0x1e /usr/local/gcc_arm/bin/../lib/gcc/arm-none-eabi/4.9.3/../../../../arm-none-eabi/lib/armv7-m/libg_nano.a(lib_a-strcat.o)
                0x000000000800e126                strcat
 .text.strchr   0x000000000800e144       0x1c /usr/local/gcc_arm/bin/../lib/gcc/arm-none-eabi/4.9.3/../../../../arm-none-eabi/lib/armv7-m/libg_nano.a(lib_a-strchr.o)
                0x000000000800e144                strchr
 .text.strlen   0x000000000800e160       0x10 /usr/local/gcc_arm/bin/../lib/gcc/arm-none-eabi/4.9.3/../../../../arm-none-eabi/lib/armv7-m/libg_nano.a(lib_a-strlen.o)
                0x000000000800e160                strlen
 .text.strncasecmp
                0x000000000800e170       0x44 /usr/local/gcc_arm/bin/../lib/gcc/arm-none-eabi/4.9.3/../../../../arm-none-eabi/lib/armv7-m/libg_nano.a(lib_a-strncasecmp.o)
                0x000000000800e170                strncasecmp
 .text.strncpy  0x000000000800e1b4       0x24 /usr/local/gcc_arm/bin/../lib/gcc/arm-none-eabi/4.9.3/../../../../arm-none-eabi/lib/armv7-m/libg_nano.a(lib_a-strncpy.o)
                0x000000000800e1b4                strncpy
 .text.strstr   0x000000000800e1d8       0x30 /usr/local/gcc_arm/bin/../lib/gcc/arm-none-eabi/4.9.3/../../../../arm-none-eabi/lib/armv7-m/libg_nano.a(lib_a-strstr.o)
                0x000000000800e1d8                strstr
 .text.Reset_Handler
                0x000000000800e208       0xa0 obj/NAZE/startup_stm32f10x_md_gcc.o
                0x000000000800e208                Reset_Handler
 .text.Default_Handler
                0x000000000800e2a8        0x2 obj/NAZE/startup_stm32f10x_md_gcc.o
                0x000000000800e2a8                USBWakeUp_IRQHandler
                0x000000000800e2a8                DebugMon_Handler
                0x000000000800e2a8                PVD_IRQHandler
                0x000000000800e2a8                PendSV_Handler
                0x000000000800e2a8                NMI_Handler
                0x000000000800e2a8                EXTI3_IRQHandler
                0x000000000800e2a8                EXTI0_IRQHandler
                0x000000000800e2a8                UsageFault_Handler
                0x000000000800e2a8                ADC1_2_IRQHandler
                0x000000000800e2a8                SPI1_IRQHandler
                0x000000000800e2a8                TAMPER_IRQHandler
                0x000000000800e2a8                RTC_IRQHandler
                0x000000000800e2a8                DMA1_Channel7_IRQHandler
                0x000000000800e2a8                CAN1_RX1_IRQHandler
                0x000000000800e2a8                DMA1_Channel6_IRQHandler
                0x000000000800e2a8                RCC_IRQHandler
                0x000000000800e2a8                TIM1_TRG_COM_IRQHandler
                0x000000000800e2a8                DMA1_Channel1_IRQHandler
                0x000000000800e2a8                Default_Handler
                0x000000000800e2a8                SPI2_IRQHandler
                0x000000000800e2a8                MemManage_Handler
                0x000000000800e2a8                SVC_Handler
                0x000000000800e2a8                DMA1_Channel5_IRQHandler
                0x000000000800e2a8                EXTI4_IRQHandler
                0x000000000800e2a8                USB_LP_CAN1_RX0_IRQHandler
                0x000000000800e2a8                USB_HP_CAN1_TX_IRQHandler
                0x000000000800e2a8                DMA1_Channel3_IRQHandler
                0x000000000800e2a8                TIM1_UP_IRQHandler
                0x000000000800e2a8                WWDG_IRQHandler
                0x000000000800e2a8                TIM1_BRK_IRQHandler
                0x000000000800e2a8                RTCAlarm_IRQHandler
                0x000000000800e2a8                CAN1_SCE_IRQHandler
                0x000000000800e2a8                FLASH_IRQHandler
                0x000000000800e2a8                BusFault_Handler
                0x000000000800e2a8                EXTI2_IRQHandler
 .text.atoi     0x000000000800e2aa        0x8 /usr/local/gcc_arm/bin/../lib/gcc/arm-none-eabi/4.9.3/../../../../arm-none-eabi/lib/armv7-m/libc_nano.a(lib_a-atoi.o)
                0x000000000800e2aa                atoi
 .text.bsearch  0x000000000800e2b2       0x48 /usr/local/gcc_arm/bin/../lib/gcc/arm-none-eabi/4.9.3/../../../../arm-none-eabi/lib/armv7-m/libc_nano.a(lib_a-bsearch.o)
                0x000000000800e2b2                bsearch
 *fill*         0x000000000800e2fa        0x2 
 .text.strtok   0x000000000800e2fc       0x64 /usr/local/gcc_arm/bin/../lib/gcc/arm-none-eabi/4.9.3/../../../../arm-none-eabi/lib/armv7-m/libc_nano.a(lib_a-strtok.o)
                0x000000000800e2fc                strtok
 .text.__strtok_r
                0x000000000800e360       0x56 /usr/local/gcc_arm/bin/../lib/gcc/arm-none-eabi/4.9.3/../../../../arm-none-eabi/lib/armv7-m/libc_nano.a(lib_a-strtok_r.o)
                0x000000000800e360                __strtok_r
 *fill*         0x000000000800e3b6        0x2 
 .text._strtol_r
                0x000000000800e3b8      0x10c /usr/local/gcc_arm/bin/../lib/gcc/arm-none-eabi/4.9.3/../../../../arm-none-eabi/lib/armv7-m/libc_nano.a(lib_a-strtol.o)
                0x000000000800e3b8                _strtol_r
 .text.strtol   0x000000000800e4c4       0x1c /usr/local/gcc_arm/bin/../lib/gcc/arm-none-eabi/4.9.3/../../../../arm-none-eabi/lib/armv7-m/libc_nano.a(lib_a-strtol.o)
                0x000000000800e4c4                strtol
 .text.malloc   0x000000000800e4e0       0x10 /usr/local/gcc_arm/bin/../lib/gcc/arm-none-eabi/4.9.3/../../../../arm-none-eabi/lib/armv7-m/libc_nano.a(lib_a-malloc.o)
                0x000000000800e4e0                malloc
 .text._malloc_r
                0x000000000800e4f0       0xac /usr/local/gcc_arm/bin/../lib/gcc/arm-none-eabi/4.9.3/../../../../arm-none-eabi/lib/armv7-m/libc_nano.a(lib_a-nano-mallocr.o)
                0x000000000800e4f0                _malloc_r
 .text._sbrk_r  0x000000000800e59c       0x20 /usr/local/gcc_arm/bin/../lib/gcc/arm-none-eabi/4.9.3/../../../../arm-none-eabi/lib/armv7-m/libc_nano.a(lib_a-sbrkr.o)
                0x000000000800e59c                _sbrk_r
 .text._sbrk    0x000000000800e5bc       0x1c /usr/local/gcc_arm/bin/../lib/gcc/arm-none-eabi/4.9.3/../../../../arm-none-eabi/lib/armv7-m/libnosys.a(sbrk.o)
                0x000000000800e5bc                _sbrk
 .text.cosf     0x000000000800e5d8       0x6c /usr/local/gcc_arm/bin/../lib/gcc/arm-none-eabi/4.9.3/../../../../arm-none-eabi/lib/armv7-m/libm.a(lib_a-sf_cos.o)
                0x000000000800e5d8                cosf
 .text.lrintf   0x000000000800e644       0x78 /usr/local/gcc_arm/bin/../lib/gcc/arm-none-eabi/4.9.3/../../../../arm-none-eabi/lib/armv7-m/libm.a(lib_a-sf_lrint.o)
                0x000000000800e644                lrintf
 .text.sinf     0x000000000800e6bc       0x7c /usr/local/gcc_arm/bin/../lib/gcc/arm-none-eabi/4.9.3/../../../../arm-none-eabi/lib/armv7-m/libm.a(lib_a-sf_sin.o)
                0x000000000800e6bc                sinf
 .text.acosf    0x000000000800e738       0xa0 /usr/local/gcc_arm/bin/../lib/gcc/arm-none-eabi/4.9.3/../../../../arm-none-eabi/lib/armv7-m/libm.a(lib_a-wf_acos.o)
                0x000000000800e738                acosf
 .text.atan2f   0x000000000800e7d8        0x4 /usr/local/gcc_arm/bin/../lib/gcc/arm-none-eabi/4.9.3/../../../../arm-none-eabi/lib/armv7-m/libm.a(lib_a-wf_atan2.o)
                0x000000000800e7d8                atan2f
 .text.powf     0x000000000800e7dc      0x314 /usr/local/gcc_arm/bin/../lib/gcc/arm-none-eabi/4.9.3/../../../../arm-none-eabi/lib/armv7-m/libm.a(lib_a-wf_pow.o)
                0x000000000800e7dc                powf
 .text.sqrtf    0x000000000800eaf0       0x9c /usr/local/gcc_arm/bin/../lib/gcc/arm-none-eabi/4.9.3/../../../../arm-none-eabi/lib/armv7-m/libm.a(lib_a-wf_sqrt.o)
                0x000000000800eaf0                sqrtf
 .text.__ieee754_acosf
                0x000000000800eb8c      0x2d0 /usr/local/gcc_arm/bin/../lib/gcc/arm-none-eabi/4.9.3/../../../../arm-none-eabi/lib/armv7-m/libm.a(lib_a-ef_acos.o)
                0x000000000800eb8c                __ieee754_acosf
 .text.__ieee754_atan2f
                0x000000000800ee5c      0x120 /usr/local/gcc_arm/bin/../lib/gcc/arm-none-eabi/4.9.3/../../../../arm-none-eabi/lib/armv7-m/libm.a(lib_a-ef_atan2.o)
                0x000000000800ee5c                __ieee754_atan2f
 .text.__ieee754_powf
                0x000000000800ef7c      0x6ec /usr/local/gcc_arm/bin/../lib/gcc/arm-none-eabi/4.9.3/../../../../arm-none-eabi/lib/armv7-m/libm.a(lib_a-ef_pow.o)
                0x000000000800ef7c                __ieee754_powf
 .text.__ieee754_rem_pio2f
                0x000000000800f668      0x2e4 /usr/local/gcc_arm/bin/../lib/gcc/arm-none-eabi/4.9.3/../../../../arm-none-eabi/lib/armv7-m/libm.a(lib_a-ef_rem_pio2.o)
                0x000000000800f668                __ieee754_rem_pio2f
 .text.__ieee754_sqrtf
                0x000000000800f94c       0xa8 /usr/local/gcc_arm/bin/../lib/gcc/arm-none-eabi/4.9.3/../../../../arm-none-eabi/lib/armv7-m/libm.a(lib_a-ef_sqrt.o)
                0x000000000800f94c                __ieee754_sqrtf
 .text.__kernel_cosf
                0x000000000800f9f4      0x188 /usr/local/gcc_arm/bin/../lib/gcc/arm-none-eabi/4.9.3/../../../../arm-none-eabi/lib/armv7-m/libm.a(lib_a-kf_cos.o)
                0x000000000800f9f4                __kernel_cosf
 .text.__kernel_rem_pio2f
                0x000000000800fb7c      0x674 /usr/local/gcc_arm/bin/../lib/gcc/arm-none-eabi/4.9.3/../../../../arm-none-eabi/lib/armv7-m/libm.a(lib_a-kf_rem_pio2.o)
                0x000000000800fb7c                __kernel_rem_pio2f
 .text.__kernel_sinf
                0x00000000080101f0       0xec /usr/local/gcc_arm/bin/../lib/gcc/arm-none-eabi/4.9.3/../../../../arm-none-eabi/lib/armv7-m/libm.a(lib_a-kf_sin.o)
                0x00000000080101f0                __kernel_sinf
 .text.matherr  0x00000000080102dc        0x4 /usr/local/gcc_arm/bin/../lib/gcc/arm-none-eabi/4.9.3/../../../../arm-none-eabi/lib/armv7-m/libm.a(lib_a-s_matherr.o)
                0x00000000080102dc                matherr
 .text.nan      0x00000000080102e0        0xc /usr/local/gcc_arm/bin/../lib/gcc/arm-none-eabi/4.9.3/../../../../arm-none-eabi/lib/armv7-m/libm.a(lib_a-s_nan.o)
                0x00000000080102e0                nan
 .text.rint     0x00000000080102ec      0x11c /usr/local/gcc_arm/bin/../lib/gcc/arm-none-eabi/4.9.3/../../../../arm-none-eabi/lib/armv7-m/libm.a(lib_a-s_rint.o)
                0x00000000080102ec                rint
 .text.atanf    0x0000000008010408      0x22c /usr/local/gcc_arm/bin/../lib/gcc/arm-none-eabi/4.9.3/../../../../arm-none-eabi/lib/armv7-m/libm.a(lib_a-sf_atan.o)
                0x0000000008010408                atanf
 .text.fabsf    0x0000000008010634        0x8 /usr/local/gcc_arm/bin/../lib/gcc/arm-none-eabi/4.9.3/../../../../arm-none-eabi/lib/armv7-m/libm.a(lib_a-sf_fabs.o)
                0x0000000008010634                fabsf
 .text.finitef  0x000000000801063c       0x10 /usr/local/gcc_arm/bin/../lib/gcc/arm-none-eabi/4.9.3/../../../../arm-none-eabi/lib/armv7-m/libm.a(lib_a-sf_finite.o)
                0x000000000801063c                finitef
 .text.floorf   0x000000000801064c       0x8c /usr/local/gcc_arm/bin/../lib/gcc/arm-none-eabi/4.9.3/../../../../arm-none-eabi/lib/armv7-m/libm.a(lib_a-sf_floor.o)
                0x000000000801064c                floorf
 .text.__fpclassifyf
                0x00000000080106d8       0x34 /usr/local/gcc_arm/bin/../lib/gcc/arm-none-eabi/4.9.3/../../../../arm-none-eabi/lib/armv7-m/libm.a(lib_a-sf_fpclassify.o)
                0x00000000080106d8                __fpclassifyf
 .text.nanf     0x000000000801070c        0x8 /usr/local/gcc_arm/bin/../lib/gcc/arm-none-eabi/4.9.3/../../../../arm-none-eabi/lib/armv7-m/libm.a(lib_a-sf_nan.o)
                0x000000000801070c                nanf
 .text.scalbnf  0x0000000008010714       0xb0 /usr/local/gcc_arm/bin/../lib/gcc/arm-none-eabi/4.9.3/../../../../arm-none-eabi/lib/armv7-m/libm.a(lib_a-sf_scalbn.o)
                0x0000000008010714                scalbnf
 .text.copysignf
                0x00000000080107c4        0xc /usr/local/gcc_arm/bin/../lib/gcc/arm-none-eabi/4.9.3/../../../../arm-none-eabi/lib/armv7-m/libm.a(lib_a-sf_copysign.o)
                0x00000000080107c4                copysignf
 .text.__errno  0x00000000080107d0        0xc /usr/local/gcc_arm/bin/../lib/gcc/arm-none-eabi/4.9.3/../../../../arm-none-eabi/lib/armv7-m/libc_nano.a(lib_a-errno.o)
                0x00000000080107d0                __errno
 *(.rodata)
 .rodata        0x00000000080107dc      0x36c /var/folders/gp/fgd5hg_54vn_nr6y3_bk3x_00000gn/T//ccRV9Vru.ltrans0.ltrans.o
                0x00000000080107dc                gpsInitData.lto_priv.147
 .rodata        0x0000000008010b48      0x5b0 /var/folders/gp/fgd5hg_54vn_nr6y3_bk3x_00000gn/T//ccRV9Vru.ltrans1.ltrans.o
                0x0000000008010b68                mixers
                0x0000000008010c50                mixerDualcopter.lto_priv.227
                0x0000000008010c70                mixerHex6H.lto_priv.226
                0x0000000008010cd0                mixerVtail4.lto_priv.225
                0x0000000008010d10                mixerOctoFlatX.lto_priv.224
                0x0000000008010d90                mixerOctoFlatP.lto_priv.223
                0x0000000008010e10                mixerOctoX8.lto_priv.222
                0x0000000008010e90                mixerHex6X.lto_priv.221
                0x0000000008010ef0                mixerY4.lto_priv.220
                0x0000000008010f30                mixerHex6P.lto_priv.219
                0x0000000008010f90                mixerY6.lto_priv.218
                0x0000000008010ff0                mixerBi.lto_priv.217
                0x0000000008011010                mixerQuadX.lto_priv.216
                0x0000000008011050                mixerQuadP.lto_priv.215
                0x0000000008011090                mixerTri.lto_priv.214
 .rodata        0x00000000080110f8      0x138 /var/folders/gp/fgd5hg_54vn_nr6y3_bk3x_00000gn/T//ccRV9Vru.ltrans2.ltrans.o
 .rodata        0x0000000008011230       0x20 /var/folders/gp/fgd5hg_54vn_nr6y3_bk3x_00000gn/T//ccRV9Vru.ltrans3.ltrans.o
 .rodata        0x0000000008011250       0x18 /var/folders/gp/fgd5hg_54vn_nr6y3_bk3x_00000gn/T//ccRV9Vru.ltrans4.ltrans.o
 .rodata        0x0000000008011268       0x28 /var/folders/gp/fgd5hg_54vn_nr6y3_bk3x_00000gn/T//ccRV9Vru.ltrans5.ltrans.o
 .rodata        0x0000000008011290        0x8 /var/folders/gp/fgd5hg_54vn_nr6y3_bk3x_00000gn/T//ccRV9Vru.ltrans8.ltrans.o
 .rodata        0x0000000008011298       0x5c /var/folders/gp/fgd5hg_54vn_nr6y3_bk3x_00000gn/T//ccRV9Vru.ltrans10.ltrans.o
 .rodata        0x00000000080112f4      0xb6c /var/folders/gp/fgd5hg_54vn_nr6y3_bk3x_00000gn/T//ccRV9Vru.ltrans11.ltrans.o
                0x0000000008011404                valueTable
                0x0000000008011e04                mixerNames.lto_priv.212
 .rodata        0x0000000008011e60       0x18 /var/folders/gp/fgd5hg_54vn_nr6y3_bk3x_00000gn/T//ccRV9Vru.ltrans14.ltrans.o
 *(.rodata*)
 .rodata.str1.1
                0x0000000008011e78      0x400 /var/folders/gp/fgd5hg_54vn_nr6y3_bk3x_00000gn/T//ccRV9Vru.ltrans0.ltrans.o
                                        0x406 (size before relaxing)
 .rodata.timerHardware
                0x0000000008012278       0xe0 /var/folders/gp/fgd5hg_54vn_nr6y3_bk3x_00000gn/T//ccRV9Vru.ltrans1.ltrans.o
                0x0000000008012278                timerHardware
 .rodata.str1.1
                0x0000000008012358       0xaf /var/folders/gp/fgd5hg_54vn_nr6y3_bk3x_00000gn/T//ccRV9Vru.ltrans2.ltrans.o
                                         0xbb (size before relaxing)
 .rodata.str1.1
                0x0000000008012407        0x9 /var/folders/gp/fgd5hg_54vn_nr6y3_bk3x_00000gn/T//ccRV9Vru.ltrans8.ltrans.o
 .rodata.str1.1
                0x0000000008012410      0x30a /var/folders/gp/fgd5hg_54vn_nr6y3_bk3x_00000gn/T//ccRV9Vru.ltrans10.ltrans.o
                                        0x32c (size before relaxing)
 .rodata.str1.1
                0x000000000801271a      0xc75 /var/folders/gp/fgd5hg_54vn_nr6y3_bk3x_00000gn/T//ccRV9Vru.ltrans11.ltrans.o
                                        0xd2c (size before relaxing)
 .rodata.rcChannelLetters
                0x000000000801338f        0x9 /var/folders/gp/fgd5hg_54vn_nr6y3_bk3x_00000gn/T//ccRV9Vru.ltrans11.ltrans.o
                0x000000000801338f                rcChannelLetters
 .rodata._ctype_
                0x0000000008013398      0x101 /usr/local/gcc_arm/bin/../lib/gcc/arm-none-eabi/4.9.3/../../../../arm-none-eabi/lib/armv7-m/libc_nano.a(lib_a-ctype_.o)
                0x0000000008013398                _ctype_
 .rodata.str1.1
                0x0000000000000000        0x0 /usr/local/gcc_arm/bin/../lib/gcc/arm-none-eabi/4.9.3/../../../../arm-none-eabi/lib/armv7-m/libc_nano.a(lib_a-impure.o)
                                          0x2 (size before relaxing)
 *fill*         0x0000000008013499        0x3 
 .rodata.TWO23  0x000000000801349c        0x8 /usr/local/gcc_arm/bin/../lib/gcc/arm-none-eabi/4.9.3/../../../../arm-none-eabi/lib/armv7-m/libm.a(lib_a-sf_lrint.o)
 .rodata.str1.4
                0x00000000080134a4        0x6 /usr/local/gcc_arm/bin/../lib/gcc/arm-none-eabi/4.9.3/../../../../arm-none-eabi/lib/armv7-m/libm.a(lib_a-wf_acos.o)
                                          0xc (size before relaxing)
 *fill*         0x00000000080134aa        0x2 
 .rodata.str1.4
                0x00000000080134ac        0x5 /usr/local/gcc_arm/bin/../lib/gcc/arm-none-eabi/4.9.3/../../../../arm-none-eabi/lib/armv7-m/libm.a(lib_a-wf_pow.o)
                                          0x8 (size before relaxing)
 *fill*         0x00000000080134b1        0x3 
 .rodata.str1.4
                0x00000000080134b4        0x8 /usr/local/gcc_arm/bin/../lib/gcc/arm-none-eabi/4.9.3/../../../../arm-none-eabi/lib/armv7-m/libm.a(lib_a-wf_sqrt.o)
 .rodata.dp_h   0x00000000080134bc        0x8 /usr/local/gcc_arm/bin/../lib/gcc/arm-none-eabi/4.9.3/../../../../arm-none-eabi/lib/armv7-m/libm.a(lib_a-ef_pow.o)
 .rodata.dp_l   0x00000000080134c4        0x8 /usr/local/gcc_arm/bin/../lib/gcc/arm-none-eabi/4.9.3/../../../../arm-none-eabi/lib/armv7-m/libm.a(lib_a-ef_pow.o)
 .rodata.bp     0x00000000080134cc        0x8 /usr/local/gcc_arm/bin/../lib/gcc/arm-none-eabi/4.9.3/../../../../arm-none-eabi/lib/armv7-m/libm.a(lib_a-ef_pow.o)
 .rodata.str1.4
                0x0000000000000000        0x4 /usr/local/gcc_arm/bin/../lib/gcc/arm-none-eabi/4.9.3/../../../../arm-none-eabi/lib/armv7-m/libm.a(lib_a-ef_pow.o)
 .rodata.npio2_hw
                0x00000000080134d4       0x80 /usr/local/gcc_arm/bin/../lib/gcc/arm-none-eabi/4.9.3/../../../../arm-none-eabi/lib/armv7-m/libm.a(lib_a-ef_rem_pio2.o)
 .rodata.two_over_pi
                0x0000000008013554      0x318 /usr/local/gcc_arm/bin/../lib/gcc/arm-none-eabi/4.9.3/../../../../arm-none-eabi/lib/armv7-m/libm.a(lib_a-ef_rem_pio2.o)
 .rodata.init_jk
                0x000000000801386c        0xc /usr/local/gcc_arm/bin/../lib/gcc/arm-none-eabi/4.9.3/../../../../arm-none-eabi/lib/armv7-m/libm.a(lib_a-kf_rem_pio2.o)
 .rodata.PIo2   0x0000000008013878       0x2c /usr/local/gcc_arm/bin/../lib/gcc/arm-none-eabi/4.9.3/../../../../arm-none-eabi/lib/armv7-m/libm.a(lib_a-kf_rem_pio2.o)
 *fill*         0x00000000080138a4        0x4 
 .rodata.TWO52  0x00000000080138a8       0x10 /usr/local/gcc_arm/bin/../lib/gcc/arm-none-eabi/4.9.3/../../../../arm-none-eabi/lib/armv7-m/libm.a(lib_a-s_rint.o)
 .rodata.atanlo
                0x00000000080138b8       0x10 /usr/local/gcc_arm/bin/../lib/gcc/arm-none-eabi/4.9.3/../../../../arm-none-eabi/lib/armv7-m/libm.a(lib_a-sf_atan.o)
 .rodata.atanhi
                0x00000000080138c8       0x10 /usr/local/gcc_arm/bin/../lib/gcc/arm-none-eabi/4.9.3/../../../../arm-none-eabi/lib/armv7-m/libm.a(lib_a-sf_atan.o)
 *(.glue_7)
 .glue_7        0x0000000000000000        0x0 linker stubs
 *(.glue_7t)
 .glue_7t       0x0000000000000000        0x0 linker stubs
 *(.eh_frame)
 *(.init)
 *(.fini)
                0x00000000080138d8                . = ALIGN (0x4)
                0x00000000080138d8                _etext = .

.vfp11_veneer   0x00000000080138d8        0x0
 .vfp11_veneer  0x0000000000000000        0x0 linker stubs

.v4_bx          0x00000000080138d8        0x0
 .v4_bx         0x0000000000000000        0x0 linker stubs

.iplt           0x00000000080138d8        0x0
 .iplt          0x0000000000000000        0x0 obj/NAZE/startup_stm32f10x_md_gcc.o

.ARM.extab
 *(.ARM.extab* .gnu.linkonce.armextab.*)

.ARM            0x00000000080138d8        0x8
                0x00000000080138d8                __exidx_start = .
 *(.ARM.exidx*)
 .ARM.exidx     0x00000000080138d8        0x8 /usr/local/gcc_arm/bin/../lib/gcc/arm-none-eabi/4.9.3/armv7-m/libgcc.a(_divdi3.o)
 .ARM.exidx     0x00000000080138e0        0x0 /usr/local/gcc_arm/bin/../lib/gcc/arm-none-eabi/4.9.3/armv7-m/libgcc.a(_udivdi3.o)
                                          0x8 (size before relaxing)
                0x00000000080138e0                __exidx_end = .

.rel.dyn        0x00000000080138e0        0x0
 .rel.iplt      0x0000000000000000        0x0 obj/NAZE/startup_stm32f10x_md_gcc.o

.preinit_array  0x00000000080138e0        0x0
                0x00000000080138e0                PROVIDE (__preinit_array_start, .)
 *(.preinit_array*)
                0x00000000080138e0                PROVIDE (__preinit_array_end, .)

.init_array     0x00000000080138e0        0x0
                0x00000000080138e0                PROVIDE (__init_array_start, .)
 *(SORT(.init_array.*))
 *(.init_array*)
                0x00000000080138e0                PROVIDE (__init_array_end, .)

.fini_array     0x00000000080138e0        0x0
                0x00000000080138e0                PROVIDE (__fini_array_start, .)
 *(.fini_array*)
 *(SORT(.fini_array.*))
                0x00000000080138e0                PROVIDE (__fini_array_end, .)
                0x00000000080138e0                _sidata = .

.data           0x0000000020000000      0x104 load address 0x00000000080138e0
                0x0000000020000000                . = ALIGN (0x4)
                0x0000000020000000                _sdata = .
 *(.data)
 .data          0x0000000020000000       0x30 /var/folders/gp/fgd5hg_54vn_nr6y3_bk3x_00000gn/T//ccRV9Vru.ltrans0.ltrans.o
                0x0000000020000004                sonarAlt
                0x0000000020000008                pid_controller
                0x000000002000000c                servo
                0x000000002000001c                acc_1G
                0x000000002000001e                ubloxSbasInit.lto_priv.148
 .data          0x0000000020000030       0x14 /var/folders/gp/fgd5hg_54vn_nr6y3_bk3x_00000gn/T//ccRV9Vru.ltrans1.ltrans.o
                0x0000000020000040                mpuLowPassFilter.lto_priv.186
                0x0000000020000042                failsafeThreshold.lto_priv.254
 .data          0x0000000020000044        0x1 /var/folders/gp/fgd5hg_54vn_nr6y3_bk3x_00000gn/T//ccRV9Vru.ltrans2.ltrans.o
                0x0000000020000044                batteryCellCount
 .data          0x0000000020000045        0x5 /var/folders/gp/fgd5hg_54vn_nr6y3_bk3x_00000gn/T//ccRV9Vru.ltrans3.ltrans.o
 *fill*         0x000000002000004a        0x2 
 .data          0x000000002000004c       0x20 /var/folders/gp/fgd5hg_54vn_nr6y3_bk3x_00000gn/T//ccRV9Vru.ltrans6.ltrans.o
                0x000000002000004c                mpuLowPassFilter.lto_priv.83
                0x000000002000004d                mpuLowPassFilter.lto_priv.84
                0x0000000020000050                hse_value
                0x0000000020000068                standardBoardAlignment.lto_priv.190
 .data          0x000000002000006c        0xc /var/folders/gp/fgd5hg_54vn_nr6y3_bk3x_00000gn/T//ccRV9Vru.ltrans8.ltrans.o
 .data          0x0000000020000078       0x14 /var/folders/gp/fgd5hg_54vn_nr6y3_bk3x_00000gn/T//ccRV9Vru.ltrans12.ltrans.o
 .data          0x000000002000008c        0x4 /var/folders/gp/fgd5hg_54vn_nr6y3_bk3x_00000gn/T//ccRV9Vru.ltrans14.ltrans.o
                0x000000002000008c                GPS_scaleLonDown.lto_priv.246
 .data          0x0000000020000090        0x4 /var/folders/gp/fgd5hg_54vn_nr6y3_bk3x_00000gn/T//ccRV9Vru.ltrans15.ltrans.o
                0x0000000020000090                currentPortState.lto_priv.128
 *(.data*)
 .data.SystemCoreClock
                0x0000000020000094        0x4 /var/folders/gp/fgd5hg_54vn_nr6y3_bk3x_00000gn/T//ccRV9Vru.ltrans2.ltrans.o
                0x0000000020000094                SystemCoreClock
 .data.__ctype_ptr__
                0x0000000020000098        0x4 /usr/local/gcc_arm/bin/../lib/gcc/arm-none-eabi/4.9.3/../../../../arm-none-eabi/lib/armv7-m/libc_nano.a(lib_a-ctype_.o)
                0x0000000020000098                __ctype_ptr__
 .data.impure_data
                0x000000002000009c       0x60 /usr/local/gcc_arm/bin/../lib/gcc/arm-none-eabi/4.9.3/../../../../arm-none-eabi/lib/armv7-m/libc_nano.a(lib_a-impure.o)
 .data._impure_ptr
                0x00000000200000fc        0x4 /usr/local/gcc_arm/bin/../lib/gcc/arm-none-eabi/4.9.3/../../../../arm-none-eabi/lib/armv7-m/libc_nano.a(lib_a-impure.o)
                0x00000000200000fc                _impure_ptr
 .data.__fdlib_version
                0x0000000020000100        0x1 /usr/local/gcc_arm/bin/../lib/gcc/arm-none-eabi/4.9.3/../../../../arm-none-eabi/lib/armv7-m/libm.a(lib_a-s_lib_ver.o)
                0x0000000020000100                __fdlib_version
                0x0000000020000104                . = ALIGN (0x4)
 *fill*         0x0000000020000101        0x3 
                0x0000000020000104                _edata = .

.igot.plt       0x0000000020000104        0x0 load address 0x00000000080139e4
 .igot.plt      0x0000000000000000        0x0 obj/NAZE/startup_stm32f10x_md_gcc.o
                0x0000000020000104                . = ALIGN (0x4)

.bss            0x0000000020000108     0x1e28 load address 0x00000000080139e4
                0x0000000020000108                _sbss = .
                0x0000000020000108                __bss_start__ = _sbss
 *(.bss)
 .bss           0x0000000020000108      0x690 /var/folders/gp/fgd5hg_54vn_nr6y3_bk3x_00000gn/T//ccRV9Vru.ltrans0.ltrans.o
                0x0000000020000108                rxMspFrameDone.lto_priv.133
                0x000000002000010c                currentTime
                0x0000000020000154                rcReadRawFunc
                0x000000002000015c                rcOptions
                0x0000000020000171                adcConfig.lto_priv.134
                0x000000002000017a                adcValues.lto_priv.135
                0x0000000020000182                rssi
                0x0000000020000184                cfg
                0x0000000020000254                f
                0x000000002000026a                calibratingG
                0x000000002000026c                calibratingB
                0x000000002000026e                heading
                0x0000000020000270                AccInflightCalibrationMeasurementDone
                0x0000000020000271                AccInflightCalibrationSavetoEEProm
                0x0000000020000274                InflightcalibratingA
                0x0000000020000276                AccInflightCalibrationActive
                0x0000000020000278                errorAngleI.lto_priv.115
                0x0000000020000280                AltHold
                0x0000000020000284                EstAlt
                0x000000002000028a                rcCommand
                0x000000002000029c                magHold
                0x000000002000029e                headFreeModeHold
                0x00000000200002a0                GPS_numSat
                0x00000000200002a4                GPS_home
                0x00000000200002ac                nav_mode
                0x00000000200002b0                GPS_hold
                0x00000000200002b8                GPS_coord
                0x00000000200002c0                GPS_angle
                0x00000000200002c8                nav
                0x00000000200002f4                poshold_ratePID.lto_priv.241
                0x000000002000031c                navPID.lto_priv.240
                0x000000002000034c                mag
                0x000000002000035c                magADC
                0x0000000020000374                magInit.lto_priv.166
                0x0000000020000380                baro
                0x0000000020000468                angle
                0x0000000020000480                BaroAlt
                0x000000002000048c                accSum
                0x0000000020000498                accSumCount
                0x000000002000049c                accVelScale
                0x00000000200004a4                vario
                0x00000000200004b4                gpsData
                0x00000000200004dc                last_measurement.lto_priv.146
                0x00000000200004e0                distance_ptr.lto_priv.268
                0x00000000200004e4                trigger_pin.lto_priv.145
                0x00000000200004ec                cycleTime
                0x00000000200004f0                previousTime
                0x00000000200004f6                throttleAngleCorrection
                0x00000000200004f8                axisPID
                0x0000000020000500                currentMixer.lto_priv.165
                0x00000000200005c0                motor
                0x00000000200005da                motor_disarmed
                0x00000000200005f2                blackboxState.lto_priv.116
                0x00000000200005f4                startTime.lto_priv.117
                0x00000000200005f8                headerXmitIndex.lto_priv.118
                0x00000000200005fc                fieldXmitIndex.lto_priv.119
                0x0000000020000600                vbatReference.lto_priv.126
                0x0000000020000604                blackboxIteration.lto_priv.120
                0x0000000020000608                blackboxPFrameIndex.lto_priv.121
                0x000000002000060c                blackboxIFrameIndex.lto_priv.122
                0x0000000020000610                blackboxHistory.lto_priv.124
                0x000000002000061c                blackboxHistoryRing.lto_priv.125
                0x0000000020000778                gpsHistory.lto_priv.123
                0x000000002000078c                errorGyroI.lto_priv.114
 .bss           0x0000000020000798      0x558 /var/folders/gp/fgd5hg_54vn_nr6y3_bk3x_00000gn/T//ccRV9Vru.ltrans1.ltrans.o
                0x00000000200007a4                mpuLowPassFilter.lto_priv.187
                0x00000000200007a5                useFifo.lto_priv.272
                0x00000000200007a6                accHardware
                0x00000000200007ac                bmp085.lto_priv.271
                0x00000000200007d0                ms5611_c.lto_priv.270
                0x00000000200007e4                magneticDeclination
                0x00000000200007e8                smallAngle
                0x00000000200007ec                throttleAngleScale
                0x00000000200007f0                fc_acc
                0x00000000200007f4                pwmFilter.lto_priv.255
                0x00000000200007f8                motors.lto_priv.252
                0x0000000020000828                numServos.lto_priv.250
                0x000000002000082c                servos.lto_priv.251
                0x000000002000084c                echo_pin.lto_priv.267
                0x0000000020000850                exti_line.lto_priv.269
                0x0000000020000858                softSerialPorts
 .bss           0x0000000020000cf0      0x130 /var/folders/gp/fgd5hg_54vn_nr6y3_bk3x_00000gn/T//ccRV9Vru.ltrans2.ltrans.o
                0x0000000020000cf0                lookupPitchRollRC
                0x0000000020000d02                lookupThrottleRC
                0x0000000020000d28                vbat
                0x0000000020000d44                batteryWarningVoltage
                0x0000000020000d4a                buzzerIsOn.lto_priv.213
                0x0000000020000d4b                isTelemetryConfigurationValid.lto_priv.144
                0x0000000020000d5a                GPS_altitude
                0x0000000020000d5c                GPS_speed
                0x0000000020000d5e                GPS_update
                0x0000000020000d60                accSmooth
                0x0000000020000d66                GPS_ground_course
                0x0000000020000d68                GPS_distanceToHome
                0x0000000020000d6a                GPS_directionToHome
                0x0000000020000d74                GPS_numCh
                0x0000000020000d75                GPS_svinfo_chn
                0x0000000020000d85                GPS_svinfo_svid
                0x0000000020000d95                GPS_svinfo_quality
                0x0000000020000da5                GPS_svinfo_cno
 .bss           0x0000000020000e20      0x1e8 /var/folders/gp/fgd5hg_54vn_nr6y3_bk3x_00000gn/T//ccRV9Vru.ltrans3.ltrans.o
 .bss           0x0000000020001008      0x5a4 /var/folders/gp/fgd5hg_54vn_nr6y3_bk3x_00000gn/T//ccRV9Vru.ltrans4.ltrans.o
 .bss           0x00000000200015ac       0x4c /var/folders/gp/fgd5hg_54vn_nr6y3_bk3x_00000gn/T//ccRV9Vru.ltrans5.ltrans.o
                0x00000000200015c6                rcData
                0x00000000200015ec                sysTickUptime.lto_priv.92
                0x00000000200015f0                usTicks.lto_priv.196
                0x00000000200015f6                i2cErrorCount.lto_priv.132
 .bss           0x00000000200015f8      0x4f4 /var/folders/gp/fgd5hg_54vn_nr6y3_bk3x_00000gn/T//ccRV9Vru.ltrans6.ltrans.o
                0x00000000200015f8                rcFrameComplete.lto_priv.100
                0x00000000200015f9                spek_chan_shift.lto_priv.154
                0x00000000200015fc                core
                0x0000000020001614                spek_chan_mask.lto_priv.155
                0x000000002000164c                mcfg
                0x0000000020001a04                spekHiRes.lto_priv.156
                0x0000000020001a08                sumdChannelData.lto_priv.96
                0x0000000020001a28                sbusChannelData.lto_priv.99
                0x0000000020001a52                failsafeCnt
                0x0000000020001a59                sumdFrameDone.lto_priv.93
                0x0000000020001a5a                sumdSize.lto_priv.95
                0x0000000020001a5b                sumd.lto_priv.94
                0x0000000020001a75                sbusFrameDone.lto_priv.97
                0x0000000020001a76                sbus.lto_priv.98
                0x0000000020001a8f                mpuAccelHalf.lto_priv.261
                0x0000000020001a90                acc
                0x0000000020001aa0                gyro
                0x0000000020001ab0                string.9796.lto_priv.247
                0x0000000020001ac0                boardRotation.lto_priv.191
                0x0000000020001ae4                stdout_putp.lto_priv.193
                0x0000000020001ae8                stdout_putf.lto_priv.192
 .bss           0x0000000020001aec        0x1 /var/folders/gp/fgd5hg_54vn_nr6y3_bk3x_00000gn/T//ccRV9Vru.ltrans7.ltrans.o
 *fill*         0x0000000020001aed        0x3 
 .bss           0x0000000020001af0       0xbc /var/folders/gp/fgd5hg_54vn_nr6y3_bk3x_00000gn/T//ccRV9Vru.ltrans8.ltrans.o
 .bss           0x0000000020001bac      0x15c /var/folders/gp/fgd5hg_54vn_nr6y3_bk3x_00000gn/T//ccRV9Vru.ltrans9.ltrans.o
 .bss           0x0000000020001d08        0x8 /var/folders/gp/fgd5hg_54vn_nr6y3_bk3x_00000gn/T//ccRV9Vru.ltrans10.ltrans.o
 .bss           0x0000000020001d10       0x34 /var/folders/gp/fgd5hg_54vn_nr6y3_bk3x_00000gn/T//ccRV9Vru.ltrans11.ltrans.o
                0x0000000020001d10                bufferIndex.lto_priv.211
                0x0000000020001d14                cliBuffer.lto_priv.210
 .bss           0x0000000020001d44       0x1c /var/folders/gp/fgd5hg_54vn_nr6y3_bk3x_00000gn/T//ccRV9Vru.ltrans12.ltrans.o
 .bss           0x0000000020001d60       0x90 /var/folders/gp/fgd5hg_54vn_nr6y3_bk3x_00000gn/T//ccRV9Vru.ltrans13.ltrans.o
                0x0000000020001d60                gyroData
                0x0000000020001d8c                axisPID_P
                0x0000000020001d98                axisPID_I
                0x0000000020001da4                axisPID_D
                0x0000000020001db0                dynP8
                0x0000000020001dd4                dynD8
                0x0000000020001dd8                captures.lto_priv.253
                0x0000000020001de8                blackboxPort.lto_priv.232
                0x0000000020001dec                vbatLatest
 .bss           0x0000000020001df0       0x58 /var/folders/gp/fgd5hg_54vn_nr6y3_bk3x_00000gn/T//ccRV9Vru.ltrans14.ltrans.o
                0x0000000020001df0                GPS_WP.lto_priv.233
                0x0000000020001df8                wp_distance.lto_priv.234
                0x0000000020001dfc                target_bearing.lto_priv.235
                0x0000000020001e00                nav_bearing.lto_priv.236
                0x0000000020001e04                error.lto_priv.243
                0x0000000020001e0c                original_target_bearing.lto_priv.238
                0x0000000020001e10                waypoint_speed_gov.lto_priv.242
                0x0000000020001e14                posholdPID_PARAM.lto_priv.244
                0x0000000020001e24                poshold_ratePID_PARAM.lto_priv.245
                0x0000000020001e34                navPID_PARAM.lto_priv.239
                0x0000000020001e44                nav_takeoff_bearing.lto_priv.237
 .bss           0x0000000020001e48       0xbc /var/folders/gp/fgd5hg_54vn_nr6y3_bk3x_00000gn/T//ccRV9Vru.ltrans15.ltrans.o
                0x0000000020001e48                ports.lto_priv.127
                0x0000000020001ee0                numTelemetryPorts.lto_priv.129
                0x0000000020001ee4                availableBoxes.lto_priv.130
                0x0000000020001efc                enabledSensors.lto_priv.91
                0x0000000020001f00                numberBoxItems.lto_priv.131
 .bss           0x0000000020001f04        0x8 /var/folders/gp/fgd5hg_54vn_nr6y3_bk3x_00000gn/T//ccRV9Vru.ltrans16.ltrans.o
                0x0000000020001f04                numMotors.lto_priv.161
                0x0000000020001f08                pwmWritePtr.lto_priv.162
 *(.bss*)
 .bss.cliMode   0x0000000020001f0c        0x1 /var/folders/gp/fgd5hg_54vn_nr6y3_bk3x_00000gn/T//ccRV9Vru.ltrans0.ltrans.o
                0x0000000020001f0c                cliMode
 .bss.toggleBeep
                0x0000000020001f0d        0x1 /var/folders/gp/fgd5hg_54vn_nr6y3_bk3x_00000gn/T//ccRV9Vru.ltrans0.ltrans.o
                0x0000000020001f0d                toggleBeep
 .bss.calibratingA
                0x0000000020001f0e        0x2 /var/folders/gp/fgd5hg_54vn_nr6y3_bk3x_00000gn/T//ccRV9Vru.ltrans0.ltrans.o
                0x0000000020001f0e                calibratingA
 .bss.accTimeSum
                0x0000000020001f10        0x4 /var/folders/gp/fgd5hg_54vn_nr6y3_bk3x_00000gn/T//ccRV9Vru.ltrans0.ltrans.o
                0x0000000020001f10                accTimeSum
 .bss.numberMotor
                0x0000000020001f14        0x1 /var/folders/gp/fgd5hg_54vn_nr6y3_bk3x_00000gn/T//ccRV9Vru.ltrans0.ltrans.o
                0x0000000020001f14                numberMotor
 *fill*         0x0000000020001f15        0x3 
 .bss.systemBeepPtr
                0x0000000020001f18        0x4 /var/folders/gp/fgd5hg_54vn_nr6y3_bk3x_00000gn/T//ccRV9Vru.ltrans4.ltrans.o
                0x0000000020001f18                systemBeepPtr
 .bss.hw_revision
                0x0000000020001f1c        0x4 /var/folders/gp/fgd5hg_54vn_nr6y3_bk3x_00000gn/T//ccRV9Vru.ltrans15.ltrans.o
                0x0000000020001f1c                hw_revision
 .bss.__malloc_sbrk_start
                0x0000000020001f20        0x4 /usr/local/gcc_arm/bin/../lib/gcc/arm-none-eabi/4.9.3/../../../../arm-none-eabi/lib/armv7-m/libc_nano.a(lib_a-nano-mallocr.o)
                0x0000000020001f20                __malloc_sbrk_start
 .bss.__malloc_free_list
                0x0000000020001f24        0x4 /usr/local/gcc_arm/bin/../lib/gcc/arm-none-eabi/4.9.3/../../../../arm-none-eabi/lib/armv7-m/libc_nano.a(lib_a-nano-mallocr.o)
                0x0000000020001f24                __malloc_free_list
 .bss.heap_end.4079
                0x0000000020001f28        0x4 /usr/local/gcc_arm/bin/../lib/gcc/arm-none-eabi/4.9.3/../../../../arm-none-eabi/lib/armv7-m/libnosys.a(sbrk.o)
 *(COMMON)
 COMMON         0x0000000020001f2c        0x4 /usr/local/gcc_arm/bin/../lib/gcc/arm-none-eabi/4.9.3/../../../../arm-none-eabi/lib/armv7-m/libc_nano.a(lib_a-reent.o)
                0x0000000020001f2c                errno
                0x0000000020001f30                . = ALIGN (0x4)
                0x0000000020001f30                _ebss = .
                0x0000000020001f30                __bss_end__ = _ebss

._user_heap_stack
                0x0000000020001f30      0x400 load address 0x00000000080139e4
                0x0000000020001f30                . = ALIGN (0x4)
                0x0000000020001f30                PROVIDE (end, .)
                0x0000000020001f30                PROVIDE (_end, .)
                0x0000000020001f30                . = (. + _Min_Heap_Size)
                0x0000000020002330                . = (. + _Min_Stack_Size)
 *fill*         0x0000000020001f30      0x400 
                0x0000000020002330                . = ALIGN (0x4)

.memory_b1_text
 *(.mb1text)
 *(.mb1text*)
 *(.mb1rodata)
 *(.mb1rodata*)

/DISCARD/
 libc.a(*)
 libm.a(*)
 libgcc.a(*)

.ARM.attributes
                0x0000000000000000       0x31
 *(.ARM.attributes)
 .ARM.attributes
                0x0000000000000000       0x31 /var/folders/gp/fgd5hg_54vn_nr6y3_bk3x_00000gn/T//ccRV9Vru.ltrans0.ltrans.o
 .ARM.attributes
                0x0000000000000031       0x31 /var/folders/gp/fgd5hg_54vn_nr6y3_bk3x_00000gn/T//ccRV9Vru.ltrans1.ltrans.o
 .ARM.attributes
                0x0000000000000062       0x31 /var/folders/gp/fgd5hg_54vn_nr6y3_bk3x_00000gn/T//ccRV9Vru.ltrans2.ltrans.o
 .ARM.attributes
                0x0000000000000093       0x31 /var/folders/gp/fgd5hg_54vn_nr6y3_bk3x_00000gn/T//ccRV9Vru.ltrans3.ltrans.o
 .ARM.attributes
                0x00000000000000c4       0x31 /var/folders/gp/fgd5hg_54vn_nr6y3_bk3x_00000gn/T//ccRV9Vru.ltrans4.ltrans.o
 .ARM.attributes
                0x00000000000000f5       0x31 /var/folders/gp/fgd5hg_54vn_nr6y3_bk3x_00000gn/T//ccRV9Vru.ltrans5.ltrans.o
 .ARM.attributes
                0x0000000000000126       0x31 /var/folders/gp/fgd5hg_54vn_nr6y3_bk3x_00000gn/T//ccRV9Vru.ltrans6.ltrans.o
 .ARM.attributes
                0x0000000000000157       0x31 /var/folders/gp/fgd5hg_54vn_nr6y3_bk3x_00000gn/T//ccRV9Vru.ltrans7.ltrans.o
 .ARM.attributes
                0x0000000000000188       0x31 /var/folders/gp/fgd5hg_54vn_nr6y3_bk3x_00000gn/T//ccRV9Vru.ltrans8.ltrans.o
 .ARM.attributes
                0x00000000000001b9       0x31 /var/folders/gp/fgd5hg_54vn_nr6y3_bk3x_00000gn/T//ccRV9Vru.ltrans9.ltrans.o
 .ARM.attributes
                0x00000000000001ea       0x31 /var/folders/gp/fgd5hg_54vn_nr6y3_bk3x_00000gn/T//ccRV9Vru.ltrans10.ltrans.o
 .ARM.attributes
                0x000000000000021b       0x31 /var/folders/gp/fgd5hg_54vn_nr6y3_bk3x_00000gn/T//ccRV9Vru.ltrans11.ltrans.o
 .ARM.attributes
                0x000000000000024c       0x31 /var/folders/gp/fgd5hg_54vn_nr6y3_bk3x_00000gn/T//ccRV9Vru.ltrans12.ltrans.o
 .ARM.attributes
                0x000000000000027d       0x31 /var/folders/gp/fgd5hg_54vn_nr6y3_bk3x_00000gn/T//ccRV9Vru.ltrans13.ltrans.o
 .ARM.attributes
                0x00000000000002ae       0x31 /var/folders/gp/fgd5hg_54vn_nr6y3_bk3x_00000gn/T//ccRV9Vru.ltrans14.ltrans.o
 .ARM.attributes
                0x00000000000002df       0x31 /var/folders/gp/fgd5hg_54vn_nr6y3_bk3x_00000gn/T//ccRV9Vru.ltrans15.ltrans.o
 .ARM.attributes
                0x0000000000000310       0x31 /var/folders/gp/fgd5hg_54vn_nr6y3_bk3x_00000gn/T//ccRV9Vru.ltrans16.ltrans.o
 .ARM.attributes
                0x0000000000000341       0x1d /usr/local/gcc_arm/bin/../lib/gcc/arm-none-eabi/4.9.3/armv7-m/libgcc.a(_arm_addsubdf3.o)
 .ARM.attributes
                0x000000000000035e       0x1d /usr/local/gcc_arm/bin/../lib/gcc/arm-none-eabi/4.9.3/armv7-m/libgcc.a(_arm_muldivdf3.o)
 .ARM.attributes
                0x000000000000037b       0x1d /usr/local/gcc_arm/bin/../lib/gcc/arm-none-eabi/4.9.3/armv7-m/libgcc.a(_arm_truncdfsf2.o)
 .ARM.attributes
                0x0000000000000398       0x1d /usr/local/gcc_arm/bin/../lib/gcc/arm-none-eabi/4.9.3/armv7-m/libgcc.a(_arm_addsubsf3.o)
 .ARM.attributes
                0x00000000000003b5       0x1d /usr/local/gcc_arm/bin/../lib/gcc/arm-none-eabi/4.9.3/armv7-m/libgcc.a(_arm_muldivsf3.o)
 .ARM.attributes
                0x00000000000003d2       0x1d /usr/local/gcc_arm/bin/../lib/gcc/arm-none-eabi/4.9.3/armv7-m/libgcc.a(_arm_cmpsf2.o)
 .ARM.attributes
                0x00000000000003ef       0x1d /usr/local/gcc_arm/bin/../lib/gcc/arm-none-eabi/4.9.3/armv7-m/libgcc.a(_arm_fixsfsi.o)
 .ARM.attributes
                0x000000000000040c       0x1d /usr/local/gcc_arm/bin/../lib/gcc/arm-none-eabi/4.9.3/armv7-m/libgcc.a(_arm_fixunssfsi.o)
 .ARM.attributes
                0x0000000000000429       0x1d /usr/local/gcc_arm/bin/../lib/gcc/arm-none-eabi/4.9.3/armv7-m/libgcc.a(_aeabi_ldivmod.o)
 .ARM.attributes
                0x0000000000000446       0x2d /usr/local/gcc_arm/bin/../lib/gcc/arm-none-eabi/4.9.3/armv7-m/libgcc.a(bpabi.o)
 .ARM.attributes
                0x0000000000000473       0x1d /usr/local/gcc_arm/bin/../lib/gcc/arm-none-eabi/4.9.3/armv7-m/libgcc.a(_dvmd_tls.o)
 .ARM.attributes
                0x0000000000000490       0x2d /usr/local/gcc_arm/bin/../lib/gcc/arm-none-eabi/4.9.3/armv7-m/libgcc.a(_divdi3.o)
 .ARM.attributes
                0x00000000000004bd       0x2d /usr/local/gcc_arm/bin/../lib/gcc/arm-none-eabi/4.9.3/armv7-m/libgcc.a(_udivdi3.o)
 .ARM.attributes
                0x00000000000004ea       0x2d /usr/local/gcc_arm/bin/../lib/gcc/arm-none-eabi/4.9.3/../../../../arm-none-eabi/lib/armv7-m/libg_nano.a(lib_a-memcpy.o)
 .ARM.attributes
                0x0000000000000517       0x2d /usr/local/gcc_arm/bin/../lib/gcc/arm-none-eabi/4.9.3/../../../../arm-none-eabi/lib/armv7-m/libg_nano.a(lib_a-memset.o)
 .ARM.attributes
                0x0000000000000544       0x2d /usr/local/gcc_arm/bin/../lib/gcc/arm-none-eabi/4.9.3/../../../../arm-none-eabi/lib/armv7-m/libg_nano.a(lib_a-strcat.o)
 .ARM.attributes
                0x0000000000000571       0x2d /usr/local/gcc_arm/bin/../lib/gcc/arm-none-eabi/4.9.3/../../../../arm-none-eabi/lib/armv7-m/libg_nano.a(lib_a-strchr.o)
 .ARM.attributes
                0x000000000000059e       0x2d /usr/local/gcc_arm/bin/../lib/gcc/arm-none-eabi/4.9.3/../../../../arm-none-eabi/lib/armv7-m/libg_nano.a(lib_a-strlen.o)
 .ARM.attributes
                0x00000000000005cb       0x2d /usr/local/gcc_arm/bin/../lib/gcc/arm-none-eabi/4.9.3/../../../../arm-none-eabi/lib/armv7-m/libg_nano.a(lib_a-strncasecmp.o)
 .ARM.attributes
                0x00000000000005f8       0x2d /usr/local/gcc_arm/bin/../lib/gcc/arm-none-eabi/4.9.3/../../../../arm-none-eabi/lib/armv7-m/libg_nano.a(lib_a-strncpy.o)
 .ARM.attributes
                0x0000000000000625       0x2d /usr/local/gcc_arm/bin/../lib/gcc/arm-none-eabi/4.9.3/../../../../arm-none-eabi/lib/armv7-m/libg_nano.a(lib_a-strstr.o)
 .ARM.attributes
                0x0000000000000652       0x21 obj/NAZE/startup_stm32f10x_md_gcc.o
 .ARM.attributes
                0x0000000000000673       0x2d /usr/local/gcc_arm/bin/../lib/gcc/arm-none-eabi/4.9.3/../../../../arm-none-eabi/lib/armv7-m/libc_nano.a(lib_a-atoi.o)
 .ARM.attributes
                0x00000000000006a0       0x2d /usr/local/gcc_arm/bin/../lib/gcc/arm-none-eabi/4.9.3/../../../../arm-none-eabi/lib/armv7-m/libc_nano.a(lib_a-bsearch.o)
 .ARM.attributes
                0x00000000000006cd       0x2d /usr/local/gcc_arm/bin/../lib/gcc/arm-none-eabi/4.9.3/../../../../arm-none-eabi/lib/armv7-m/libc_nano.a(lib_a-ctype_.o)
 .ARM.attributes
                0x00000000000006fa       0x2d /usr/local/gcc_arm/bin/../lib/gcc/arm-none-eabi/4.9.3/../../../../arm-none-eabi/lib/armv7-m/libc_nano.a(lib_a-strtok.o)
 .ARM.attributes
                0x0000000000000727       0x2d /usr/local/gcc_arm/bin/../lib/gcc/arm-none-eabi/4.9.3/../../../../arm-none-eabi/lib/armv7-m/libc_nano.a(lib_a-strtok_r.o)
 .ARM.attributes
                0x0000000000000754       0x2d /usr/local/gcc_arm/bin/../lib/gcc/arm-none-eabi/4.9.3/../../../../arm-none-eabi/lib/armv7-m/libc_nano.a(lib_a-strtol.o)
 .ARM.attributes
                0x0000000000000781       0x2d /usr/local/gcc_arm/bin/../lib/gcc/arm-none-eabi/4.9.3/../../../../arm-none-eabi/lib/armv7-m/libc_nano.a(lib_a-impure.o)
 .ARM.attributes
                0x00000000000007ae       0x2d /usr/local/gcc_arm/bin/../lib/gcc/arm-none-eabi/4.9.3/../../../../arm-none-eabi/lib/armv7-m/libc_nano.a(lib_a-malloc.o)
 .ARM.attributes
                0x00000000000007db       0x2d /usr/local/gcc_arm/bin/../lib/gcc/arm-none-eabi/4.9.3/../../../../arm-none-eabi/lib/armv7-m/libc_nano.a(lib_a-nano-mallocr.o)
 .ARM.attributes
                0x0000000000000808       0x2d /usr/local/gcc_arm/bin/../lib/gcc/arm-none-eabi/4.9.3/../../../../arm-none-eabi/lib/armv7-m/libc_nano.a(lib_a-sbrkr.o)
 .ARM.attributes
                0x0000000000000835       0x2d /usr/local/gcc_arm/bin/../lib/gcc/arm-none-eabi/4.9.3/../../../../arm-none-eabi/lib/armv7-m/libc_nano.a(lib_a-reent.o)
 .ARM.attributes
                0x0000000000000862       0x2d /usr/local/gcc_arm/bin/../lib/gcc/arm-none-eabi/4.9.3/../../../../arm-none-eabi/lib/armv7-m/libnosys.a(sbrk.o)
 .ARM.attributes
                0x000000000000088f       0x2d /usr/local/gcc_arm/bin/../lib/gcc/arm-none-eabi/4.9.3/../../../../arm-none-eabi/lib/armv7-m/libm.a(lib_a-sf_cos.o)
 .ARM.attributes
                0x00000000000008bc       0x2d /usr/local/gcc_arm/bin/../lib/gcc/arm-none-eabi/4.9.3/../../../../arm-none-eabi/lib/armv7-m/libm.a(lib_a-sf_lrint.o)
 .ARM.attributes
                0x00000000000008e9       0x2d /usr/local/gcc_arm/bin/../lib/gcc/arm-none-eabi/4.9.3/../../../../arm-none-eabi/lib/armv7-m/libm.a(lib_a-sf_sin.o)
 .ARM.attributes
                0x0000000000000916       0x2d /usr/local/gcc_arm/bin/../lib/gcc/arm-none-eabi/4.9.3/../../../../arm-none-eabi/lib/armv7-m/libm.a(lib_a-wf_acos.o)
 .ARM.attributes
                0x0000000000000943       0x2d /usr/local/gcc_arm/bin/../lib/gcc/arm-none-eabi/4.9.3/../../../../arm-none-eabi/lib/armv7-m/libm.a(lib_a-wf_atan2.o)
 .ARM.attributes
                0x0000000000000970       0x2d /usr/local/gcc_arm/bin/../lib/gcc/arm-none-eabi/4.9.3/../../../../arm-none-eabi/lib/armv7-m/libm.a(lib_a-wf_pow.o)
 .ARM.attributes
                0x000000000000099d       0x2d /usr/local/gcc_arm/bin/../lib/gcc/arm-none-eabi/4.9.3/../../../../arm-none-eabi/lib/armv7-m/libm.a(lib_a-wf_sqrt.o)
 .ARM.attributes
                0x00000000000009ca       0x2d /usr/local/gcc_arm/bin/../lib/gcc/arm-none-eabi/4.9.3/../../../../arm-none-eabi/lib/armv7-m/libm.a(lib_a-ef_acos.o)
 .ARM.attributes
                0x00000000000009f7       0x2d /usr/local/gcc_arm/bin/../lib/gcc/arm-none-eabi/4.9.3/../../../../arm-none-eabi/lib/armv7-m/libm.a(lib_a-ef_atan2.o)
 .ARM.attributes
                0x0000000000000a24       0x2d /usr/local/gcc_arm/bin/../lib/gcc/arm-none-eabi/4.9.3/../../../../arm-none-eabi/lib/armv7-m/libm.a(lib_a-ef_pow.o)
 .ARM.attributes
                0x0000000000000a51       0x2d /usr/local/gcc_arm/bin/../lib/gcc/arm-none-eabi/4.9.3/../../../../arm-none-eabi/lib/armv7-m/libm.a(lib_a-ef_rem_pio2.o)
 .ARM.attributes
                0x0000000000000a7e       0x2d /usr/local/gcc_arm/bin/../lib/gcc/arm-none-eabi/4.9.3/../../../../arm-none-eabi/lib/armv7-m/libm.a(lib_a-ef_sqrt.o)
 .ARM.attributes
                0x0000000000000aab       0x2d /usr/local/gcc_arm/bin/../lib/gcc/arm-none-eabi/4.9.3/../../../../arm-none-eabi/lib/armv7-m/libm.a(lib_a-kf_cos.o)
 .ARM.attributes
                0x0000000000000ad8       0x2d /usr/local/gcc_arm/bin/../lib/gcc/arm-none-eabi/4.9.3/../../../../arm-none-eabi/lib/armv7-m/libm.a(lib_a-kf_rem_pio2.o)
 .ARM.attributes
                0x0000000000000b05       0x2d /usr/local/gcc_arm/bin/../lib/gcc/arm-none-eabi/4.9.3/../../../../arm-none-eabi/lib/armv7-m/libm.a(lib_a-kf_sin.o)
 .ARM.attributes
                0x0000000000000b32       0x2d /usr/local/gcc_arm/bin/../lib/gcc/arm-none-eabi/4.9.3/../../../../arm-none-eabi/lib/armv7-m/libm.a(lib_a-s_lib_ver.o)
 .ARM.attributes
                0x0000000000000b5f       0x2d /usr/local/gcc_arm/bin/../lib/gcc/arm-none-eabi/4.9.3/../../../../arm-none-eabi/lib/armv7-m/libm.a(lib_a-s_matherr.o)
 .ARM.attributes
                0x0000000000000b8c       0x2d /usr/local/gcc_arm/bin/../lib/gcc/arm-none-eabi/4.9.3/../../../../arm-none-eabi/lib/armv7-m/libm.a(lib_a-s_nan.o)
 .ARM.attributes
                0x0000000000000bb9       0x2d /usr/local/gcc_arm/bin/../lib/gcc/arm-none-eabi/4.9.3/../../../../arm-none-eabi/lib/armv7-m/libm.a(lib_a-s_rint.o)
 .ARM.attributes
                0x0000000000000be6       0x2d /usr/local/gcc_arm/bin/../lib/gcc/arm-none-eabi/4.9.3/../../../../arm-none-eabi/lib/armv7-m/libm.a(lib_a-sf_atan.o)
 .ARM.attributes
                0x0000000000000c13       0x2d /usr/local/gcc_arm/bin/../lib/gcc/arm-none-eabi/4.9.3/../../../../arm-none-eabi/lib/armv7-m/libm.a(lib_a-sf_fabs.o)
 .ARM.attributes
                0x0000000000000c40       0x2d /usr/local/gcc_arm/bin/../lib/gcc/arm-none-eabi/4.9.3/../../../../arm-none-eabi/lib/armv7-m/libm.a(lib_a-sf_finite.o)
 .ARM.attributes
                0x0000000000000c6d       0x2d /usr/local/gcc_arm/bin/../lib/gcc/arm-none-eabi/4.9.3/../../../../arm-none-eabi/lib/armv7-m/libm.a(lib_a-sf_floor.o)
 .ARM.attributes
                0x0000000000000c9a       0x2d /usr/local/gcc_arm/bin/../lib/gcc/arm-none-eabi/4.9.3/../../../../arm-none-eabi/lib/armv7-m/libm.a(lib_a-sf_fpclassify.o)
 .ARM.attributes
                0x0000000000000cc7       0x2d /usr/local/gcc_arm/bin/../lib/gcc/arm-none-eabi/4.9.3/../../../../arm-none-eabi/lib/armv7-m/libm.a(lib_a-sf_nan.o)
 .ARM.attributes
                0x0000000000000cf4       0x2d /usr/local/gcc_arm/bin/../lib/gcc/arm-none-eabi/4.9.3/../../../../arm-none-eabi/lib/armv7-m/libm.a(lib_a-sf_scalbn.o)
 .ARM.attributes
                0x0000000000000d21       0x2d /usr/local/gcc_arm/bin/../lib/gcc/arm-none-eabi/4.9.3/../../../../arm-none-eabi/lib/armv7-m/libm.a(lib_a-sf_copysign.o)
 .ARM.attributes
                0x0000000000000d4e       0x2d /usr/local/gcc_arm/bin/../lib/gcc/arm-none-eabi/4.9.3/../../../../arm-none-eabi/lib/armv7-m/libc_nano.a(lib_a-errno.o)
 .ARM.attributes
                0x0000000000000d7b       0x1d /usr/local/gcc_arm/bin/../lib/gcc/arm-none-eabi/4.9.3/armv7-m/libgcc.a(_arm_cmpdf2.o)
OUTPUT(obj/baseflight_NAZE.elf elf32-littlearm)

.debug_info     0x0000000000000000    0x1d493
 .debug_info    0x0000000000000000     0x32ce /var/folders/gp/fgd5hg_54vn_nr6y3_bk3x_00000gn/T//ccRV9Vru.ltrans0.ltrans.o
 .debug_info    0x00000000000032ce     0x444f /var/folders/gp/fgd5hg_54vn_nr6y3_bk3x_00000gn/T//ccRV9Vru.ltrans1.ltrans.o
 .debug_info    0x000000000000771d     0x28b4 /var/folders/gp/fgd5hg_54vn_nr6y3_bk3x_00000gn/T//ccRV9Vru.ltrans2.ltrans.o
 .debug_info    0x0000000000009fd1     0x2501 /var/folders/gp/fgd5hg_54vn_nr6y3_bk3x_00000gn/T//ccRV9Vru.ltrans3.ltrans.o
 .debug_info    0x000000000000c4d2     0x1d6c /var/folders/gp/fgd5hg_54vn_nr6y3_bk3x_00000gn/T//ccRV9Vru.ltrans4.ltrans.o
 .debug_info    0x000000000000e23e     0x14c7 /var/folders/gp/fgd5hg_54vn_nr6y3_bk3x_00000gn/T//ccRV9Vru.ltrans5.ltrans.o
 .debug_info    0x000000000000f705     0x275b /var/folders/gp/fgd5hg_54vn_nr6y3_bk3x_00000gn/T//ccRV9Vru.ltrans6.ltrans.o
 .debug_info    0x0000000000011e60     0x179f /var/folders/gp/fgd5hg_54vn_nr6y3_bk3x_00000gn/T//ccRV9Vru.ltrans7.ltrans.o
 .debug_info    0x00000000000135ff     0x1523 /var/folders/gp/fgd5hg_54vn_nr6y3_bk3x_00000gn/T//ccRV9Vru.ltrans8.ltrans.o
 .debug_info    0x0000000000014b22     0x143a /var/folders/gp/fgd5hg_54vn_nr6y3_bk3x_00000gn/T//ccRV9Vru.ltrans9.ltrans.o
 .debug_info    0x0000000000015f5c     0x1831 /var/folders/gp/fgd5hg_54vn_nr6y3_bk3x_00000gn/T//ccRV9Vru.ltrans10.ltrans.o
 .debug_info    0x000000000001778d     0x1fff /var/folders/gp/fgd5hg_54vn_nr6y3_bk3x_00000gn/T//ccRV9Vru.ltrans11.ltrans.o
 .debug_info    0x000000000001978c     0x1333 /var/folders/gp/fgd5hg_54vn_nr6y3_bk3x_00000gn/T//ccRV9Vru.ltrans12.ltrans.o
 .debug_info    0x000000000001aabf      0x948 /var/folders/gp/fgd5hg_54vn_nr6y3_bk3x_00000gn/T//ccRV9Vru.ltrans13.ltrans.o
 .debug_info    0x000000000001b407     0x1459 /var/folders/gp/fgd5hg_54vn_nr6y3_bk3x_00000gn/T//ccRV9Vru.ltrans14.ltrans.o
 .debug_info    0x000000000001c860      0x8bd /var/folders/gp/fgd5hg_54vn_nr6y3_bk3x_00000gn/T//ccRV9Vru.ltrans15.ltrans.o
 .debug_info    0x000000000001d11d      0x376 /var/folders/gp/fgd5hg_54vn_nr6y3_bk3x_00000gn/T//ccRV9Vru.ltrans16.ltrans.o

.debug_abbrev   0x0000000000000000     0x4b5a
 .debug_abbrev  0x0000000000000000      0x54f /var/folders/gp/fgd5hg_54vn_nr6y3_bk3x_00000gn/T//ccRV9Vru.ltrans0.ltrans.o
 .debug_abbrev  0x000000000000054f      0x529 /var/folders/gp/fgd5hg_54vn_nr6y3_bk3x_00000gn/T//ccRV9Vru.ltrans1.ltrans.o
 .debug_abbrev  0x0000000000000a78      0x494 /var/folders/gp/fgd5hg_54vn_nr6y3_bk3x_00000gn/T//ccRV9Vru.ltrans2.ltrans.o
 .debug_abbrev  0x0000000000000f0c      0x50a /var/folders/gp/fgd5hg_54vn_nr6y3_bk3x_00000gn/T//ccRV9Vru.ltrans3.ltrans.o
 .debug_abbrev  0x0000000000001416      0x5a6 /var/folders/gp/fgd5hg_54vn_nr6y3_bk3x_00000gn/T//ccRV9Vru.ltrans4.ltrans.o
 .debug_abbrev  0x00000000000019bc      0x450 /var/folders/gp/fgd5hg_54vn_nr6y3_bk3x_00000gn/T//ccRV9Vru.ltrans5.ltrans.o
 .debug_abbrev  0x0000000000001e0c      0x5ef /var/folders/gp/fgd5hg_54vn_nr6y3_bk3x_00000gn/T//ccRV9Vru.ltrans6.ltrans.o
 .debug_abbrev  0x00000000000023fb      0x51a /var/folders/gp/fgd5hg_54vn_nr6y3_bk3x_00000gn/T//ccRV9Vru.ltrans7.ltrans.o
 .debug_abbrev  0x0000000000002915      0x48b /var/folders/gp/fgd5hg_54vn_nr6y3_bk3x_00000gn/T//ccRV9Vru.ltrans8.ltrans.o
 .debug_abbrev  0x0000000000002da0      0x3c7 /var/folders/gp/fgd5hg_54vn_nr6y3_bk3x_00000gn/T//ccRV9Vru.ltrans9.ltrans.o
 .debug_abbrev  0x0000000000003167      0x4e6 /var/folders/gp/fgd5hg_54vn_nr6y3_bk3x_00000gn/T//ccRV9Vru.ltrans10.ltrans.o
 .debug_abbrev  0x000000000000364d      0x54b /var/folders/gp/fgd5hg_54vn_nr6y3_bk3x_00000gn/T//ccRV9Vru.ltrans11.ltrans.o
 .debug_abbrev  0x0000000000003b98      0x380 /var/folders/gp/fgd5hg_54vn_nr6y3_bk3x_00000gn/T//ccRV9Vru.ltrans12.ltrans.o
 .debug_abbrev  0x0000000000003f18      0x33d /var/folders/gp/fgd5hg_54vn_nr6y3_bk3x_00000gn/T//ccRV9Vru.ltrans13.ltrans.o
 .debug_abbrev  0x0000000000004255      0x4a9 /var/folders/gp/fgd5hg_54vn_nr6y3_bk3x_00000gn/T//ccRV9Vru.ltrans14.ltrans.o
 .debug_abbrev  0x00000000000046fe      0x275 /var/folders/gp/fgd5hg_54vn_nr6y3_bk3x_00000gn/T//ccRV9Vru.ltrans15.ltrans.o
 .debug_abbrev  0x0000000000004973      0x1e7 /var/folders/gp/fgd5hg_54vn_nr6y3_bk3x_00000gn/T//ccRV9Vru.ltrans16.ltrans.o

.debug_loc      0x0000000000000000     0xd5d8
 .debug_loc     0x0000000000000000     0x1f2c /var/folders/gp/fgd5hg_54vn_nr6y3_bk3x_00000gn/T//ccRV9Vru.ltrans0.ltrans.o
 .debug_loc     0x0000000000001f2c     0x128e /var/folders/gp/fgd5hg_54vn_nr6y3_bk3x_00000gn/T//ccRV9Vru.ltrans1.ltrans.o
 .debug_loc     0x00000000000031ba     0x148e /var/folders/gp/fgd5hg_54vn_nr6y3_bk3x_00000gn/T//ccRV9Vru.ltrans2.ltrans.o
 .debug_loc     0x0000000000004648     0x128f /var/folders/gp/fgd5hg_54vn_nr6y3_bk3x_00000gn/T//ccRV9Vru.ltrans3.ltrans.o
 .debug_loc     0x00000000000058d7     0x1371 /var/folders/gp/fgd5hg_54vn_nr6y3_bk3x_00000gn/T//ccRV9Vru.ltrans4.ltrans.o
 .debug_loc     0x0000000000006c48      0xbe6 /var/folders/gp/fgd5hg_54vn_nr6y3_bk3x_00000gn/T//ccRV9Vru.ltrans5.ltrans.o
 .debug_loc     0x000000000000782e     0x100c /var/folders/gp/fgd5hg_54vn_nr6y3_bk3x_00000gn/T//ccRV9Vru.ltrans6.ltrans.o
 .debug_loc     0x000000000000883a      0xa1d /var/folders/gp/fgd5hg_54vn_nr6y3_bk3x_00000gn/T//ccRV9Vru.ltrans7.ltrans.o
 .debug_loc     0x0000000000009257      0xbad /var/folders/gp/fgd5hg_54vn_nr6y3_bk3x_00000gn/T//ccRV9Vru.ltrans8.ltrans.o
 .debug_loc     0x0000000000009e04      0x5a0 /var/folders/gp/fgd5hg_54vn_nr6y3_bk3x_00000gn/T//ccRV9Vru.ltrans9.ltrans.o
 .debug_loc     0x000000000000a3a4      0xfe1 /var/folders/gp/fgd5hg_54vn_nr6y3_bk3x_00000gn/T//ccRV9Vru.ltrans10.ltrans.o
 .debug_loc     0x000000000000b385      0xabb /var/folders/gp/fgd5hg_54vn_nr6y3_bk3x_00000gn/T//ccRV9Vru.ltrans11.ltrans.o
 .debug_loc     0x000000000000be40      0x6da /var/folders/gp/fgd5hg_54vn_nr6y3_bk3x_00000gn/T//ccRV9Vru.ltrans12.ltrans.o
 .debug_loc     0x000000000000c51a      0x4e1 /var/folders/gp/fgd5hg_54vn_nr6y3_bk3x_00000gn/T//ccRV9Vru.ltrans13.ltrans.o
 .debug_loc     0x000000000000c9fb      0x77d /var/folders/gp/fgd5hg_54vn_nr6y3_bk3x_00000gn/T//ccRV9Vru.ltrans14.ltrans.o
 .debug_loc     0x000000000000d178      0x27a /var/folders/gp/fgd5hg_54vn_nr6y3_bk3x_00000gn/T//ccRV9Vru.ltrans15.ltrans.o
 .debug_loc     0x000000000000d3f2      0x1e6 /var/folders/gp/fgd5hg_54vn_nr6y3_bk3x_00000gn/T//ccRV9Vru.ltrans16.ltrans.o

.debug_aranges  0x0000000000000000      0x228
 .debug_aranges
                0x0000000000000000       0x20 /var/folders/gp/fgd5hg_54vn_nr6y3_bk3x_00000gn/T//ccRV9Vru.ltrans0.ltrans.o
 .debug_aranges
                0x0000000000000020       0x20 /var/folders/gp/fgd5hg_54vn_nr6y3_bk3x_00000gn/T//ccRV9Vru.ltrans1.ltrans.o
 .debug_aranges
                0x0000000000000040       0x20 /var/folders/gp/fgd5hg_54vn_nr6y3_bk3x_00000gn/T//ccRV9Vru.ltrans2.ltrans.o
 .debug_aranges
                0x0000000000000060       0x20 /var/folders/gp/fgd5hg_54vn_nr6y3_bk3x_00000gn/T//ccRV9Vru.ltrans3.ltrans.o
 .debug_aranges
                0x0000000000000080       0x20 /var/folders/gp/fgd5hg_54vn_nr6y3_bk3x_00000gn/T//ccRV9Vru.ltrans4.ltrans.o
 .debug_aranges
                0x00000000000000a0       0x20 /var/folders/gp/fgd5hg_54vn_nr6y3_bk3x_00000gn/T//ccRV9Vru.ltrans5.ltrans.o
 .debug_aranges
                0x00000000000000c0       0x20 /var/folders/gp/fgd5hg_54vn_nr6y3_bk3x_00000gn/T//ccRV9Vru.ltrans6.ltrans.o
 .debug_aranges
                0x00000000000000e0       0x20 /var/folders/gp/fgd5hg_54vn_nr6y3_bk3x_00000gn/T//ccRV9Vru.ltrans7.ltrans.o
 .debug_aranges
                0x0000000000000100       0x20 /var/folders/gp/fgd5hg_54vn_nr6y3_bk3x_00000gn/T//ccRV9Vru.ltrans8.ltrans.o
 .debug_aranges
                0x0000000000000120       0x20 /var/folders/gp/fgd5hg_54vn_nr6y3_bk3x_00000gn/T//ccRV9Vru.ltrans9.ltrans.o
 .debug_aranges
                0x0000000000000140       0x20 /var/folders/gp/fgd5hg_54vn_nr6y3_bk3x_00000gn/T//ccRV9Vru.ltrans10.ltrans.o
 .debug_aranges
                0x0000000000000160       0x20 /var/folders/gp/fgd5hg_54vn_nr6y3_bk3x_00000gn/T//ccRV9Vru.ltrans11.ltrans.o
 .debug_aranges
                0x0000000000000180       0x20 /var/folders/gp/fgd5hg_54vn_nr6y3_bk3x_00000gn/T//ccRV9Vru.ltrans12.ltrans.o
 .debug_aranges
                0x00000000000001a0       0x20 /var/folders/gp/fgd5hg_54vn_nr6y3_bk3x_00000gn/T//ccRV9Vru.ltrans13.ltrans.o
 .debug_aranges
                0x00000000000001c0       0x28 /var/folders/gp/fgd5hg_54vn_nr6y3_bk3x_00000gn/T//ccRV9Vru.ltrans14.ltrans.o
 .debug_aranges
                0x00000000000001e8       0x20 /var/folders/gp/fgd5hg_54vn_nr6y3_bk3x_00000gn/T//ccRV9Vru.ltrans15.ltrans.o
 .debug_aranges
                0x0000000000000208       0x20 /var/folders/gp/fgd5hg_54vn_nr6y3_bk3x_00000gn/T//ccRV9Vru.ltrans16.ltrans.o

.debug_ranges   0x0000000000000000     0x1b68
 .debug_ranges  0x0000000000000000      0x328 /var/folders/gp/fgd5hg_54vn_nr6y3_bk3x_00000gn/T//ccRV9Vru.ltrans0.ltrans.o
 .debug_ranges  0x0000000000000328      0x640 /var/folders/gp/fgd5hg_54vn_nr6y3_bk3x_00000gn/T//ccRV9Vru.ltrans1.ltrans.o
 .debug_ranges  0x0000000000000968      0x3b8 /var/folders/gp/fgd5hg_54vn_nr6y3_bk3x_00000gn/T//ccRV9Vru.ltrans2.ltrans.o
 .debug_ranges  0x0000000000000d20      0x140 /var/folders/gp/fgd5hg_54vn_nr6y3_bk3x_00000gn/T//ccRV9Vru.ltrans3.ltrans.o
 .debug_ranges  0x0000000000000e60      0x1b0 /var/folders/gp/fgd5hg_54vn_nr6y3_bk3x_00000gn/T//ccRV9Vru.ltrans4.ltrans.o
 .debug_ranges  0x0000000000001010      0x190 /var/folders/gp/fgd5hg_54vn_nr6y3_bk3x_00000gn/T//ccRV9Vru.ltrans5.ltrans.o
 .debug_ranges  0x00000000000011a0       0x48 /var/folders/gp/fgd5hg_54vn_nr6y3_bk3x_00000gn/T//ccRV9Vru.ltrans6.ltrans.o
 .debug_ranges  0x00000000000011e8       0xf8 /var/folders/gp/fgd5hg_54vn_nr6y3_bk3x_00000gn/T//ccRV9Vru.ltrans7.ltrans.o
 .debug_ranges  0x00000000000012e0      0x1b0 /var/folders/gp/fgd5hg_54vn_nr6y3_bk3x_00000gn/T//ccRV9Vru.ltrans8.ltrans.o
 .debug_ranges  0x0000000000001490      0x200 /var/folders/gp/fgd5hg_54vn_nr6y3_bk3x_00000gn/T//ccRV9Vru.ltrans9.ltrans.o
 .debug_ranges  0x0000000000001690       0xe0 /var/folders/gp/fgd5hg_54vn_nr6y3_bk3x_00000gn/T//ccRV9Vru.ltrans10.ltrans.o
 .debug_ranges  0x0000000000001770      0x140 /var/folders/gp/fgd5hg_54vn_nr6y3_bk3x_00000gn/T//ccRV9Vru.ltrans11.ltrans.o
 .debug_ranges  0x00000000000018b0       0x80 /var/folders/gp/fgd5hg_54vn_nr6y3_bk3x_00000gn/T//ccRV9Vru.ltrans12.ltrans.o
 .debug_ranges  0x0000000000001930       0x90 /var/folders/gp/fgd5hg_54vn_nr6y3_bk3x_00000gn/T//ccRV9Vru.ltrans13.ltrans.o
 .debug_ranges  0x00000000000019c0      0x188 /var/folders/gp/fgd5hg_54vn_nr6y3_bk3x_00000gn/T//ccRV9Vru.ltrans14.ltrans.o
 .debug_ranges  0x0000000000001b48       0x20 /var/folders/gp/fgd5hg_54vn_nr6y3_bk3x_00000gn/T//ccRV9Vru.ltrans16.ltrans.o

.debug_line     0x0000000000000000     0x5a18
 .debug_line    0x0000000000000000      0x9f1 /var/folders/gp/fgd5hg_54vn_nr6y3_bk3x_00000gn/T//ccRV9Vru.ltrans0.ltrans.o
 .debug_line    0x00000000000009f1      0xc91 /var/folders/gp/fgd5hg_54vn_nr6y3_bk3x_00000gn/T//ccRV9Vru.ltrans1.ltrans.o