Archive member included because of file (symbol)

/usr/bin/../lib/gcc/arm-none-eabi/4.8.4/../../../../arm-none-eabi/lib/armv7-m/libc_s.a(lib_a-atoi.o)
                              obj/NAZE/cli.o (symbol from plugin) (atoi)
/usr/bin/../lib/gcc/arm-none-eabi/4.8.4/../../../../arm-none-eabi/lib/armv7-m/libc_s.a(lib_a-bsearch.o)
                              obj/NAZE/cli.o (symbol from plugin) (bsearch)
/usr/bin/../lib/gcc/arm-none-eabi/4.8.4/../../../../arm-none-eabi/lib/armv7-m/libc_s.a(lib_a-ctype_.o)
                              obj/NAZE/gps.o (symbol from plugin) (__ctype_ptr__)
/usr/bin/../lib/gcc/arm-none-eabi/4.8.4/../../../../arm-none-eabi/lib/armv7-m/libc_s.a(lib_a-strtok.o)
                              obj/NAZE/cli.o (symbol from plugin) (strtok)
/usr/bin/../lib/gcc/arm-none-eabi/4.8.4/../../../../arm-none-eabi/lib/armv7-m/libc_s.a(lib_a-strtok_r.o)
                              /usr/bin/../lib/gcc/arm-none-eabi/4.8.4/../../../../arm-none-eabi/lib/armv7-m/libc_s.a(lib_a-strtok.o) (__strtok_r)
/usr/bin/../lib/gcc/arm-none-eabi/4.8.4/../../../../arm-none-eabi/lib/armv7-m/libc_s.a(lib_a-strtol.o)
                              /usr/bin/../lib/gcc/arm-none-eabi/4.8.4/../../../../arm-none-eabi/lib/armv7-m/libc_s.a(lib_a-atoi.o) (_strtol_r)
/usr/bin/../lib/gcc/arm-none-eabi/4.8.4/../../../../arm-none-eabi/lib/armv7-m/libc_s.a(lib_a-impure.o)
                              /usr/bin/../lib/gcc/arm-none-eabi/4.8.4/../../../../arm-none-eabi/lib/armv7-m/libc_s.a(lib_a-strtok.o) (_impure_ptr)
/usr/bin/../lib/gcc/arm-none-eabi/4.8.4/../../../../arm-none-eabi/lib/armv7-m/libc_s.a(lib_a-malloc.o)
                              /usr/bin/../lib/gcc/arm-none-eabi/4.8.4/../../../../arm-none-eabi/lib/armv7-m/libc_s.a(lib_a-strtok.o) (malloc)
/usr/bin/../lib/gcc/arm-none-eabi/4.8.4/../../../../arm-none-eabi/lib/armv7-m/libc_s.a(lib_a-nano-freer.o)
                              /usr/bin/../lib/gcc/arm-none-eabi/4.8.4/../../../../arm-none-eabi/lib/armv7-m/libc_s.a(lib_a-malloc.o) (_free_r)
/usr/bin/../lib/gcc/arm-none-eabi/4.8.4/../../../../arm-none-eabi/lib/armv7-m/libc_s.a(lib_a-nano-mallocr.o)
                              /usr/bin/../lib/gcc/arm-none-eabi/4.8.4/../../../../arm-none-eabi/lib/armv7-m/libc_s.a(lib_a-malloc.o) (_malloc_r)
/usr/bin/../lib/gcc/arm-none-eabi/4.8.4/../../../../arm-none-eabi/lib/armv7-m/libc_s.a(lib_a-sbrkr.o)
                              /usr/bin/../lib/gcc/arm-none-eabi/4.8.4/../../../../arm-none-eabi/lib/armv7-m/libc_s.a(lib_a-nano-mallocr.o) (_sbrk_r)
/usr/bin/../lib/gcc/arm-none-eabi/4.8.4/../../../../arm-none-eabi/lib/armv7-m/libc_s.a(lib_a-reent.o)
                              /usr/bin/../lib/gcc/arm-none-eabi/4.8.4/../../../../arm-none-eabi/lib/armv7-m/libc_s.a(lib_a-sbrkr.o) (errno)
/usr/bin/../lib/gcc/arm-none-eabi/4.8.4/../../../../arm-none-eabi/lib/armv7-m/libnosys.a(sbrk.o)
                              /usr/bin/../lib/gcc/arm-none-eabi/4.8.4/../../../../arm-none-eabi/lib/armv7-m/libc_s.a(lib_a-sbrkr.o) (_sbrk)
/usr/bin/../lib/gcc/arm-none-eabi/4.8.4/armv7-m/libgcc.a(_arm_addsubdf3.o)
                              /tmp/ccICNrh3.ltrans4.ltrans.o (__aeabi_dadd)
/usr/bin/../lib/gcc/arm-none-eabi/4.8.4/armv7-m/libgcc.a(_arm_muldivdf3.o)
                              /tmp/ccICNrh3.ltrans0.ltrans.o (__aeabi_dmul)
/usr/bin/../lib/gcc/arm-none-eabi/4.8.4/armv7-m/libgcc.a(_arm_truncdfsf2.o)
                              /tmp/ccICNrh3.ltrans0.ltrans.o (__aeabi_d2f)
/usr/bin/../lib/gcc/arm-none-eabi/4.8.4/armv7-m/libgcc.a(_arm_addsubsf3.o)
                              /tmp/ccICNrh3.ltrans0.ltrans.o (__aeabi_fsub)
/usr/bin/../lib/gcc/arm-none-eabi/4.8.4/armv7-m/libgcc.a(_arm_muldivsf3.o)
                              /tmp/ccICNrh3.ltrans0.ltrans.o (__aeabi_fmul)
/usr/bin/../lib/gcc/arm-none-eabi/4.8.4/armv7-m/libgcc.a(_arm_cmpsf2.o)
                              /tmp/ccICNrh3.ltrans0.ltrans.o (__aeabi_fcmpeq)
/usr/bin/../lib/gcc/arm-none-eabi/4.8.4/armv7-m/libgcc.a(_arm_fixsfsi.o)
                              /tmp/ccICNrh3.ltrans0.ltrans.o (__aeabi_f2iz)
/usr/bin/../lib/gcc/arm-none-eabi/4.8.4/armv7-m/libgcc.a(_arm_fixunssfsi.o)
                              /tmp/ccICNrh3.ltrans0.ltrans.o (__aeabi_f2uiz)
/usr/bin/../lib/gcc/arm-none-eabi/4.8.4/armv7-m/libgcc.a(_aeabi_ldivmod.o)
                              /tmp/ccICNrh3.ltrans2.ltrans.o (__aeabi_ldivmod)
/usr/bin/../lib/gcc/arm-none-eabi/4.8.4/armv7-m/libgcc.a(bpabi.o)
                              /usr/bin/../lib/gcc/arm-none-eabi/4.8.4/armv7-m/libgcc.a(_aeabi_ldivmod.o) (__gnu_ldivmod_helper)
/usr/bin/../lib/gcc/arm-none-eabi/4.8.4/armv7-m/libgcc.a(_dvmd_tls.o)
                              /usr/bin/../lib/gcc/arm-none-eabi/4.8.4/armv7-m/libgcc.a(_aeabi_ldivmod.o) (__aeabi_ldiv0)
/usr/bin/../lib/gcc/arm-none-eabi/4.8.4/armv7-m/libgcc.a(_divdi3.o)
                              /usr/bin/../lib/gcc/arm-none-eabi/4.8.4/armv7-m/libgcc.a(bpabi.o) (__divdi3)
/usr/bin/../lib/gcc/arm-none-eabi/4.8.4/armv7-m/libgcc.a(_udivdi3.o)
[...]
Memory Configuration

Name             Origin             Length             Attributes
FLASH            0x0000000008000000 0x000000000001f800 xr
RAM              0x0000000020000000 0x0000000000005000 xrw
MEMORY_B1        0x0000000060000000 0x0000000000000000 xr
*default*        0x0000000000000000 0xffffffffffffffff

Linker script and memory map

LOAD obj/NAZE/drv_adc.o
LOAD /tmp/ccICNrh3.ltrans0.ltrans.o
LOAD /tmp/ccICNrh3.ltrans1.ltrans.o
LOAD /tmp/ccICNrh3.ltrans2.ltrans.o
LOAD /tmp/ccICNrh3.ltrans3.ltrans.o
LOAD /tmp/ccICNrh3.ltrans4.ltrans.o
LOAD /tmp/ccICNrh3.ltrans5.ltrans.o
LOAD /tmp/ccICNrh3.ltrans6.ltrans.o
LOAD /tmp/ccICNrh3.ltrans7.ltrans.o
LOAD /tmp/ccICNrh3.ltrans8.ltrans.o
LOAD /tmp/ccICNrh3.ltrans9.ltrans.o
LOAD /tmp/ccICNrh3.ltrans10.ltrans.o
LOAD /tmp/ccICNrh3.ltrans11.ltrans.o
LOAD /tmp/ccICNrh3.ltrans12.ltrans.o
LOAD /tmp/ccICNrh3.ltrans13.ltrans.o
LOAD /tmp/ccICNrh3.ltrans14.ltrans.o
LOAD /tmp/ccICNrh3.ltrans15.ltrans.o
LOAD /usr/bin/../lib/gcc/arm-none-eabi/4.8.4/armv7-m/libgcc.a
LOAD /usr/bin/../lib/gcc/arm-none-eabi/4.8.4/../../../../arm-none-eabi/lib/armv7-m/libg_s.a
LOAD /usr/bin/../lib/gcc/arm-none-eabi/4.8.4/../../../../arm-none-eabi/lib/armv7-m/libc_s.a
LOAD /usr/bin/../lib/gcc/arm-none-eabi/4.8.4/armv7-m/libgcc.a
LOAD /usr/bin/../lib/gcc/arm-none-eabi/4.8.4/../../../../arm-none-eabi/lib/armv7-m/libc_s.a
LOAD obj/NAZE/drv_adxl345.o
LOAD obj/NAZE/drv_ak8975.o
LOAD obj/NAZE/drv_bma280.o
LOAD obj/NAZE/drv_bmp085.o
LOAD obj/NAZE/drv_ms5611.o
LOAD obj/NAZE/drv_hcsr04.o
LOAD obj/NAZE/drv_hmc5883l.o
LOAD obj/NAZE/drv_ledring.o
LOAD obj/NAZE/drv_mma845x.o
LOAD obj/NAZE/drv_mpu3050.o
LOAD obj/NAZE/drv_mpu6050.o
LOAD obj/NAZE/drv_mpu6500.o
LOAD obj/NAZE/drv_l3g4200d.o
LOAD obj/NAZE/drv_pwm.o
LOAD obj/NAZE/drv_spi.o
LOAD obj/NAZE/drv_timer.o
LOAD obj/NAZE/gps.o
LOAD obj/NAZE/drv_softserial.o
LOAD obj/NAZE/telemetry_common.o
LOAD obj/NAZE/telemetry_frsky.o
LOAD obj/NAZE/telemetry_hott.o
LOAD obj/NAZE/blackbox.o
LOAD obj/NAZE/buzzer.o
LOAD obj/NAZE/cli.o
LOAD obj/NAZE/config.o
LOAD obj/NAZE/imu.o
LOAD obj/NAZE/main.o
LOAD obj/NAZE/mixer.o
LOAD obj/NAZE/mw.o
LOAD obj/NAZE/sensors.o
LOAD obj/NAZE/serial.o
LOAD obj/NAZE/rxmsp.o
LOAD obj/NAZE/drv_gpio.o
LOAD obj/NAZE/drv_i2c.o
LOAD obj/NAZE/drv_i2c_soft.o
LOAD obj/NAZE/drv_system.o
LOAD obj/NAZE/drv_serial.o
LOAD obj/NAZE/drv_uart.o
LOAD obj/NAZE/printf.o
LOAD obj/NAZE/utils.o
LOAD obj/NAZE/sbus.o
LOAD obj/NAZE/sumd.o
LOAD obj/NAZE/spektrum.o
LOAD obj/NAZE/startup_stm32f10x_md_gcc.o
LOAD obj/NAZE/core_cm3.o
LOAD obj/NAZE/system_stm32f10x.o
LOAD obj/NAZE/misc.o
LOAD obj/NAZE/stm32f10x_adc.o
LOAD obj/NAZE/stm32f10x_bkp.o
LOAD obj/NAZE/stm32f10x_can.o
LOAD obj/NAZE/stm32f10x_cec.o
LOAD obj/NAZE/stm32f10x_crc.o
LOAD obj/NAZE/stm32f10x_dac.o
LOAD obj/NAZE/stm32f10x_dbgmcu.o
LOAD obj/NAZE/stm32f10x_dma.o
LOAD obj/NAZE/stm32f10x_exti.o
LOAD obj/NAZE/stm32f10x_flash.o
LOAD obj/NAZE/stm32f10x_fsmc.o
LOAD obj/NAZE/stm32f10x_gpio.o
LOAD obj/NAZE/stm32f10x_i2c.o
LOAD obj/NAZE/stm32f10x_iwdg.o
LOAD obj/NAZE/stm32f10x_pwr.o
LOAD obj/NAZE/stm32f10x_rcc.o
LOAD obj/NAZE/stm32f10x_rtc.o
LOAD obj/NAZE/stm32f10x_sdio.o
LOAD obj/NAZE/stm32f10x_spi.o
LOAD obj/NAZE/stm32f10x_tim.o
LOAD obj/NAZE/stm32f10x_usart.o
LOAD obj/NAZE/stm32f10x_wwdg.o
LOAD /usr/bin/../lib/gcc/arm-none-eabi/4.8.4/../../../../arm-none-eabi/lib/armv7-m/libm.a
LOAD /usr/bin/../lib/gcc/arm-none-eabi/4.8.4/../../../../arm-none-eabi/lib/armv7-m/libc_s.a
LOAD /usr/bin/../lib/gcc/arm-none-eabi/4.8.4/../../../../arm-none-eabi/lib/armv7-m/libnosys.a
START GROUP
LOAD /usr/bin/../lib/gcc/arm-none-eabi/4.8.4/armv7-m/libgcc.a
LOAD /usr/bin/../lib/gcc/arm-none-eabi/4.8.4/../../../../arm-none-eabi/lib/armv7-m/libg_s.a
LOAD /usr/bin/../lib/gcc/arm-none-eabi/4.8.4/../../../../arm-none-eabi/lib/armv7-m/libc_s.a
END GROUP
START GROUP
LOAD /usr/bin/../lib/gcc/arm-none-eabi/4.8.4/armv7-m/libgcc.a
LOAD /usr/bin/../lib/gcc/arm-none-eabi/4.8.4/../../../../arm-none-eabi/lib/armv7-m/libc_s.a
END GROUP
                0x0000000020005000                _estack = 0x20005000
                0x0000000000000000                _Min_Heap_Size = 0x0
                0x0000000000000400                _Min_Stack_Size = 0x400

.isr_vector     0x0000000008000000      0x10c
                0x0000000008000000                . = ALIGN (0x4)
 *(.isr_vector)
 .isr_vector    0x0000000008000000      0x10c obj/NAZE/startup_stm32f10x_md_gcc.o
                0x0000000008000000                g_pfnVectors
                0x000000000800010c                . = ALIGN (0x4)

.text           0x0000000008000110    0x13330
                0x0000000008000110                . = ALIGN (0x4)
 *(.text)
 .text          0x0000000008000110     0x2588 /tmp/ccICNrh3.ltrans0.ltrans.o
                0x0000000008000110                loop
 .text          0x0000000008002698     0x1a68 /tmp/ccICNrh3.ltrans2.ltrans.o
                0x0000000008002698                annexCode
 .text          0x0000000008004100      0x9cc /tmp/ccICNrh3.ltrans3.ltrans.o
                0x00000000080042f4                uartWrite
                0x000000000800432a                tfp_printf
                0x0000000008004368                cliPrintVar.7715
                0x0000000008004408                cliCMix.7728
                0x0000000008004698                GPS_set_next_wp
                0x0000000008004724                pwmOutConfig.4991
                0x00000000080049b4                hottV4Respond.7020
                0x0000000008004a10                spiTransfer
                0x0000000008004a50                mpu6500GyroRead.4815
 *fill*         0x0000000008004acc        0x4 
 .text          0x0000000008004ad0      0xe98 /tmp/ccICNrh3.ltrans4.ltrans.o
                0x0000000008004ad0                gpsNewData.5555
                0x00000000080056c4                cliProcess
                0x00000000080058c8                mpu6500Detect.constprop.44
 .text          0x0000000008005968      0xb1c /tmp/ccICNrh3.ltrans5.ltrans.o
                0x0000000008005968                pidMultiWii.9084
                0x0000000008005bf0                pidRewrite.9086
                0x0000000008005d94                cliSave.7667
                0x0000000008005de8                mpu6500GyroInit.4807
                0x0000000008005e74                i2c_ev_handler.10320
                0x0000000008006150                beep.7495
                0x00000000080061ac                beep_code.7498
                0x0000000008006258                gpsSetState.5453
                0x0000000008006274                ECHO_EXTI_IRQHandler
                0x00000000080062d0                configureTimerCaptureCompareInterrupt
                0x0000000008006388                EXTI_Init.part.0.12980.constprop.62
                0x00000000080063dc                configTimeBase
 .text          0x0000000008006484      0x9e4 /tmp/ccICNrh3.ltrans6.ltrans.o
                0x0000000008006484                i2cInit
                0x0000000008006674                i2cRead
                0x00000000080066f0                hmc5883lRead
                0x00000000080067a4                ms5611_get_ut.4370
                0x00000000080067b4                ms5611_get_up.4368
                0x00000000080067c4                bmp085_get_up.4244
                0x0000000008006814                bmp085_get_ut.4246
                0x000000000800684c                bma280Read.4179
                0x00000000080068a8                adxl345Read.4108
                0x000000000800698c                i2cWriteBuffer
                0x0000000008006a08                i2cWrite
                0x0000000008006a1c                ak8975Read
                0x0000000008006a8c                l3g4200dInit.4869
                0x0000000008006ad0                mpu6050GyroInit.4742
                0x0000000008006b64                mpu3050Init.4676
                0x0000000008006bc0                mma8452Init.4631
                0x0000000008006c50                ms5611_start_up.4375
                0x0000000008006c58                ms5611_start_ut.4377
                0x0000000008006c60                bmp085_start_up.4250
                0x0000000008006c84                bmp085_start_ut.4252
                0x0000000008006c98                bma280Init.4184
                0x0000000008006cc8                ak8975Init
                0x0000000008006cdc                adxl345Init.4113
                0x0000000008006d40                i2c_er_handler.10331
                0x0000000008006dd0                timerConfigure
                0x0000000008006e04                pwmInConfig.5023
 .text          0x0000000008006e68      0xd3c /tmp/ccICNrh3.ltrans7.ltrans.o
                0x0000000008006e68                mpu3050ReadTemp.4668
                0x0000000008006f58                l3g4200dRead.4864
                0x0000000008006fc0                mpu3050Read.4673
                0x0000000008007028                mma8452Read.4626
                0x0000000008007098                hmc5883lInit
                0x0000000008007244                mixerResetMotors
                0x0000000008007274                cliExit.7679
                0x00000000080072ac                handleBlackbox
                0x0000000008007a94                mpu6050Detect.constprop.48
 .text          0x0000000008007ba4      0x95c /tmp/ccICNrh3.ltrans8.ltrans.o
                0x0000000008007ba4                TIM_GetCapture4
                0x0000000008007bac                TIM_GetCapture3
                0x0000000008007bb2                TIM_GetCapture2
                0x0000000008007bb8                TIM_GetCapture1
                0x0000000008007bbe                TIM_ICInit.constprop.34
                0x0000000008007de4                pwmICConfig
                0x0000000008007e14                pwmCallback.4912
                0x0000000008007e78                grab_fields.5444.constprop.26
                0x0000000008007eb8                GPS_coord_to_degrees.constprop.18
                0x0000000008007f64                tfp_format
                0x00000000080080ee                blackboxPrintf.7165
                0x0000000008008110                writeEEPROM
                0x0000000008008248                ftoa.7711
                0x000000000800831c                timCCxHandler.5282
                0x0000000008008368                RCC_GetClocksFreq
                0x00000000080083fc                USART_Init
                0x00000000080084a4                uartSetBaudRate
                0x00000000080084ee                RCC_APB1PeriphResetCmd.part.6.13744
 .text          0x0000000008008500      0xd30 /tmp/ccICNrh3.ltrans9.ltrans.o
                0x0000000008008500                beepRev5.10480
                0x0000000008008514                beepRev4.10477
                0x0000000008008528                mspReadRawRC.10244
                0x0000000008008534                pwmReadRawRC
                0x000000000800854c                softSerialWriteByte
                0x000000000800856a                softSerialTotalBytesWaiting
                0x000000000800858e                softSerialReadByte
                0x00000000080085bc                isSoftSerialTransmitBufferEmpty
                0x00000000080085c8                softSerialSetMode
                0x00000000080085cc                softSerialSetBaudRate
                0x00000000080085ce                pwmWriteStandard.4924
                0x00000000080085e0                pwmWriteBrushed.4920
                0x0000000008008604                mpu6500AccInit.4800
                0x000000000800861c                mpu6050AccInit.4731
                0x0000000008008644                ms5611_calculate.4362
                0x000000000800879c                bmp085_calculate.4240
                0x0000000008008878                cliCompare.7621
                0x0000000008008892                systemBeep
                0x00000000080088a0                micros
                0x00000000080088d4                delayMicroseconds
                0x00000000080088ea                delay
                0x00000000080088fe                gpioInit
                0x0000000008008970                read8
                0x0000000008008984                read16
                0x0000000008008998                read32
                0x00000000080089aa                writeMotors
                0x00000000080089e4                servoMiddle
                0x0000000008008a0c                rotateV
                0x0000000008008b7c                calculateHeading.8214
                0x0000000008008c70                applyDeadband
                0x0000000008008c8e                parseRcChannels
                0x0000000008008cc0                validEEPROM.8130
                0x0000000008008d04                _atof.7630
                0x0000000008008e30                i2a.7625
                0x0000000008008e58                applyChangedBits
                0x0000000008008e82                setTxSignal
                0x0000000008008ea2                GPS_distance_cm_bearing.isra.3.5484
                0x0000000008008f28                GPS_calc_longitude_scaling.5456
                0x0000000008008f64                GPS_reset_home_position
                0x0000000008008fac                wrap_18000
                0x0000000008008fd0                gpsSetPIDs
                0x0000000008009074                activateConfig
                0x0000000008009158                spiTransferByte
                0x0000000008009180                pwmWriteServo
                0x000000000800919c                failsafeCheck.5008
                0x00000000080091e4                ppmCallback.4916
 .text          0x0000000008009230      0xa08 /tmp/ccICNrh3.ltrans10.ltrans.o
                0x0000000008009258                spektrumReadRawRC.11642
                0x00000000080092f8                sumdReadRawRC.11426
                0x0000000008009314                sbusReadRawRC.11173
                0x0000000008009338                uartRead
                0x000000000800936a                isUartTransmitBufferEmpty
                0x0000000008009380                uartTotalBytesWaiting
                0x0000000008009396                uartSetMode
                0x0000000008009398                spektrumDataReceive.11636
                0x00000000080093f0                sumdDataReceive.11423
                0x0000000008009464                sbusDataReceive.11170
                0x00000000080094c0                FLASH_WaitForLastOperation
                0x00000000080094e2                FLASH_ErasePage
                0x0000000008009520                uartStartTxDMA.10740
                0x0000000008009552                DMA_Init
                0x000000000800958e                DMA_DeInit
                0x000000000800967c                NVIC_Init.part.0.12037
                0x00000000080096c8                alignSensors
                0x0000000008009800                putchw.10883
                0x0000000008009848                ui2a.10864
                0x0000000008009898                uli2a.10854
                0x00000000080098e8                serialSetMode
                0x00000000080098f2                serialSetBaudRate
                0x00000000080098fc                serialRead
                0x0000000008009906                serialTotalBytesWaiting
                0x0000000008009910                serialWrite
                0x000000000800991a                serialize8
                0x0000000008009938                headSerialResponse
                0x0000000008009974                headSerialReply
                0x000000000800997a                serialize16
                0x000000000800998e                serialize32
                0x00000000080099b0                _putc.8497
                0x00000000080099bc                cliPrint.7650
                0x00000000080099d8                cliGpsPassthrough.7673
                0x0000000008009a4c                cliVersion.7653
                0x0000000008009a54                blackboxWrite.7142
                0x0000000008009a60                writeUnsignedVB.7145
                0x0000000008009a7e                writeSignedVB.7148
                0x0000000008009a86                writeGPSFrame.7163
                0x0000000008009ae0                _putc.7132
                0x0000000008009aec                sendDataHead.6669
                0x0000000008009b08                sendTelemetryTail.6672
                0x0000000008009b44                serialize16.6679
                0x0000000008009b5a                failureMode
                0x0000000008009ba0                readEEPROM
                0x0000000008009bec                blinkLED
 .text          0x0000000008009c38      0x66c /tmp/ccICNrh3.ltrans11.ltrans.o
                0x0000000008009c38                mpu6500AccRead.4820
                0x0000000008009ca0                cliFeature.7676
                0x0000000008009d98                uartOpen
                0x000000000800a0e8                serialInit
                0x000000000800a218                checkTelemetryState.part.2.6357
 .text          0x000000000800a2a4      0x9b8 /tmp/ccICNrh3.ltrans12.ltrans.o
                0x000000000800a2a4                cliHelp.7661
                0x000000000800a2d0                cliStatus.7664
                0x000000000800a3c8                cliMap.7670
                0x000000000800a46c                cliMixer.7687
                0x000000000800a510                cliProfile.7692
                0x000000000800a55c                cliAux.7703
                0x000000000800a5c0                cliMotor.7698
                0x000000000800a668                cliDump.7725
                0x000000000800a824                cliSet.7722
                0x000000000800a984                checkFirstTime
                0x000000000800ac28                cliDefaults.7682
 .text          0x000000000800ac5c      0x1fc /tmp/ccICNrh3.ltrans13.ltrans.o
                0x000000000800ac5c                SystemInit
                0x000000000800aca8                USART3_IRQHandler
                0x000000000800ace0                USART2_IRQHandler
                0x000000000800ad54                USART1_IRQHandler
                0x000000000800ad98                DMA1_Channel2_IRQHandler
                0x000000000800adc8                DMA1_Channel4_IRQHandler
                0x000000000800ae04                SysTick_Handler
                0x000000000800ae18                I2C2_ER_IRQHandler
                0x000000000800ae1c                I2C1_ER_IRQHandler
                0x000000000800ae20                I2C2_EV_IRQHandler
                0x000000000800ae24                I2C1_EV_IRQHandler
                0x000000000800ae28                HardFault_Handler
 .text          0x000000000800ae58       0xf0 /tmp/ccICNrh3.ltrans14.ltrans.o
                0x000000000800ae58                mwArm.9101
                0x000000000800af14                mwDisarm.9090
 .text          0x000000000800af48       0x5c /tmp/ccICNrh3.ltrans15.ltrans.o
                0x000000000800af48                TIM4_IRQHandler
                0x000000000800af54                TIM3_IRQHandler
                0x000000000800af60                TIM2_IRQHandler
                0x000000000800af6a                TIM1_CC_IRQHandler
                0x000000000800af78                EXTI9_5_IRQHandler
                0x000000000800af7c                EXTI1_IRQHandler
                0x000000000800af80                EXTI15_10_IRQHandler
 .text          0x000000000800afa4      0x370 /usr/bin/../lib/gcc/arm-none-eabi/4.8.4/armv7-m/libgcc.a(_arm_addsubdf3.o)
                0x000000000800afa4                __aeabi_drsub
                0x000000000800afac                __aeabi_dsub
                0x000000000800afac                __subdf3
                0x000000000800afb0                __adddf3
                0x000000000800afb0                __aeabi_dadd
                0x000000000800b228                __aeabi_ui2d
                0x000000000800b228                __floatunsidf
                0x000000000800b248                __floatsidf
                0x000000000800b248                __aeabi_i2d
                0x000000000800b26c                __extendsfdf2
                0x000000000800b26c                __aeabi_f2d
                0x000000000800b2a8                __aeabi_ul2d
                0x000000000800b2a8                __floatundidf
                0x000000000800b2b8                __floatdidf
                0x000000000800b2b8                __aeabi_l2d
 .text          0x000000000800b314      0x424 /usr/bin/../lib/gcc/arm-none-eabi/4.8.4/armv7-m/libgcc.a(_arm_muldivdf3.o)
                0x000000000800b314                __aeabi_dmul
                0x000000000800b314                __muldf3
                0x000000000800b568                __aeabi_ddiv
                0x000000000800b568                __divdf3
 .text          0x000000000800b738       0xa0 /usr/bin/../lib/gcc/arm-none-eabi/4.8.4/armv7-m/libgcc.a(_arm_truncdfsf2.o)
                0x000000000800b738                __aeabi_d2f
                0x000000000800b738                __truncdfsf2
 .text          0x000000000800b7d8      0x21c /usr/bin/../lib/gcc/arm-none-eabi/4.8.4/armv7-m/libgcc.a(_arm_addsubsf3.o)
                0x000000000800b7d8                __aeabi_frsub
                0x000000000800b7e0                __subsf3
                0x000000000800b7e0                __aeabi_fsub
                0x000000000800b7e4                __aeabi_fadd
                0x000000000800b7e4                __addsf3
                0x000000000800b944                __aeabi_ui2f
                0x000000000800b944                __floatunsisf
                0x000000000800b94c                __aeabi_i2f
                0x000000000800b94c                __floatsisf
                0x000000000800b968                __floatundisf
                0x000000000800b968                __aeabi_ul2f
                0x000000000800b978                __floatdisf
                0x000000000800b978                __aeabi_l2f
 .text          0x000000000800b9f4      0x2a0 /usr/bin/../lib/gcc/arm-none-eabi/4.8.4/armv7-m/libgcc.a(_arm_muldivsf3.o)
                0x000000000800b9f4                __mulsf3
                0x000000000800b9f4                __aeabi_fmul
                0x000000000800bb5c                __divsf3
                0x000000000800bb5c                __aeabi_fdiv
 .text          0x000000000800bc94       0xec /usr/bin/../lib/gcc/arm-none-eabi/4.8.4/armv7-m/libgcc.a(_arm_cmpsf2.o)
                0x000000000800bc94                __gtsf2
                0x000000000800bc94                __gesf2
                0x000000000800bc9c                __lesf2
                0x000000000800bc9c                __ltsf2
                0x000000000800bca4                __nesf2
                0x000000000800bca4                __eqsf2
                0x000000000800bca4                __cmpsf2
                0x000000000800bd04                __aeabi_cfrcmple
                0x000000000800bd0c                __aeabi_cfcmple
                0x000000000800bd0c                __aeabi_cfcmpeq
                0x000000000800bd1c                __aeabi_fcmpeq
                0x000000000800bd30                __aeabi_fcmplt
                0x000000000800bd44                __aeabi_fcmple
                0x000000000800bd58                __aeabi_fcmpge
                0x000000000800bd6c                __aeabi_fcmpgt
 .text          0x000000000800bd80       0x4c /usr/bin/../lib/gcc/arm-none-eabi/4.8.4/armv7-m/libgcc.a(_arm_fixsfsi.o)
                0x000000000800bd80                __fixsfsi
                0x000000000800bd80                __aeabi_f2iz
 .text          0x000000000800bdcc       0x40 /usr/bin/../lib/gcc/arm-none-eabi/4.8.4/armv7-m/libgcc.a(_arm_fixunssfsi.o)
                0x000000000800bdcc                __aeabi_f2uiz
                0x000000000800bdcc                __fixunssfsi
 .text          0x000000000800be0c       0x38 /usr/bin/../lib/gcc/arm-none-eabi/4.8.4/armv7-m/libgcc.a(_aeabi_ldivmod.o)
                0x000000000800be0c                __aeabi_ldivmod
 .text          0x000000000800be44       0x60 /usr/bin/../lib/gcc/arm-none-eabi/4.8.4/armv7-m/libgcc.a(bpabi.o)
                0x000000000800be44                __gnu_ldivmod_helper
                0x000000000800be74                __gnu_uldivmod_helper
 .text          0x000000000800bea4        0x4 /usr/bin/../lib/gcc/arm-none-eabi/4.8.4/armv7-m/libgcc.a(_dvmd_tls.o)
                0x000000000800bea4                __aeabi_ldiv0
                0x000000000800bea4                __aeabi_idiv0
 .text          0x000000000800bea8      0x2a0 /usr/bin/../lib/gcc/arm-none-eabi/4.8.4/armv7-m/libgcc.a(_divdi3.o)
                0x000000000800bea8                __divdi3
 .text          0x000000000800c148      0x290 /usr/bin/../lib/gcc/arm-none-eabi/4.8.4/armv7-m/libgcc.a(_udivdi3.o)
                0x000000000800c148                __udivdi3
 .text          0x000000000800c3d8      0x110 /usr/bin/../lib/gcc/arm-none-eabi/4.8.4/armv7-m/libgcc.a(_arm_cmpdf2.o)
                0x000000000800c3d8                __gtdf2
                0x000000000800c3d8                __gedf2
                0x000000000800c3e0                __ltdf2
                0x000000000800c3e0                __ledf2
                0x000000000800c3e8                __cmpdf2
                0x000000000800c3e8                __eqdf2
                0x000000000800c3e8                __nedf2
                0x000000000800c464                __aeabi_cdrcmple
                0x000000000800c474                __aeabi_cdcmple
                0x000000000800c474                __aeabi_cdcmpeq
                0x000000000800c484                __aeabi_dcmpeq
                0x000000000800c498                __aeabi_dcmplt
                0x000000000800c4ac                __aeabi_dcmple
                0x000000000800c4c0                __aeabi_dcmpge
                0x000000000800c4d4                __aeabi_dcmpgt
 *(.text*)
 .text.startup  0x000000000800c4e8     0x1738 /tmp/ccICNrh3.ltrans1.ltrans.o
                0x000000000800c4e8                main
 .text.unlikely
                0x000000000800dc20      0x100 /tmp/ccICNrh3.ltrans3.ltrans.o
                0x000000000800dc20                initialiseSoftSerial
 .text.memcpy   0x000000000800dd20       0x12 /usr/bin/../lib/gcc/arm-none-eabi/4.8.4/../../../../arm-none-eabi/lib/armv7-m/libg_s.a(lib_a-memcpy-stub.o)
                0x000000000800dd20                memcpy
 .text.memset   0x000000000800dd32       0x10 /usr/bin/../lib/gcc/arm-none-eabi/4.8.4/../../../../arm-none-eabi/lib/armv7-m/libg_s.a(lib_a-memset.o)
                0x000000000800dd32                memset
 .text.strcat   0x000000000800dd42       0x1a /usr/bin/../lib/gcc/arm-none-eabi/4.8.4/../../../../arm-none-eabi/lib/armv7-m/libg_s.a(lib_a-strcat.o)
                0x000000000800dd42                strcat
 .text.strchr   0x000000000800dd5c       0x1a /usr/bin/../lib/gcc/arm-none-eabi/4.8.4/../../../../arm-none-eabi/lib/armv7-m/libg_s.a(lib_a-strchr.o)
                0x000000000800dd5c                strchr
 .text.strlen   0x000000000800dd76       0x10 /usr/bin/../lib/gcc/arm-none-eabi/4.8.4/../../../../arm-none-eabi/lib/armv7-m/libg_s.a(lib_a-strlen.o)
                0x000000000800dd76                strlen
 *fill*         0x000000000800dd86        0x2 
 .text.strncasecmp
                0x000000000800dd88       0x44 /usr/bin/../lib/gcc/arm-none-eabi/4.8.4/../../../../arm-none-eabi/lib/armv7-m/libg_s.a(lib_a-strncasecmp.o)
                0x000000000800dd88                strncasecmp
 .text.strncpy  0x000000000800ddcc       0x24 /usr/bin/../lib/gcc/arm-none-eabi/4.8.4/../../../../arm-none-eabi/lib/armv7-m/libg_s.a(lib_a-strncpy.o)
                0x000000000800ddcc                strncpy
 .text.strstr   0x000000000800ddf0       0x32 /usr/bin/../lib/gcc/arm-none-eabi/4.8.4/../../../../arm-none-eabi/lib/armv7-m/libg_s.a(lib_a-strstr.o)
                0x000000000800ddf0                strstr
 *fill*         0x000000000800de22        0x2 
 .text.Reset_Handler
                0x000000000800de24       0xac obj/NAZE/startup_stm32f10x_md_gcc.o
                0x000000000800de24                Reset_Handler
 .text.Default_Handler
                0x000000000800ded0        0x4 obj/NAZE/startup_stm32f10x_md_gcc.o
                0x000000000800ded0                EXTI2_IRQHandler
                0x000000000800ded0                DebugMon_Handler
                0x000000000800ded0                PVD_IRQHandler
                0x000000000800ded0                PendSV_Handler
                0x000000000800ded0                NMI_Handler
                0x000000000800ded0                EXTI3_IRQHandler
                0x000000000800ded0                EXTI0_IRQHandler
                0x000000000800ded0                UsageFault_Handler
                0x000000000800ded0                ADC1_2_IRQHandler
                0x000000000800ded0                SPI1_IRQHandler
                0x000000000800ded0                TAMPER_IRQHandler
                0x000000000800ded0                RTC_IRQHandler
                0x000000000800ded0                DMA1_Channel7_IRQHandler
                0x000000000800ded0                CAN1_RX1_IRQHandler
                0x000000000800ded0                DMA1_Channel6_IRQHandler
                0x000000000800ded0                RCC_IRQHandler
                0x000000000800ded0                TIM1_TRG_COM_IRQHandler
                0x000000000800ded0                DMA1_Channel1_IRQHandler
                0x000000000800ded0                Default_Handler
                0x000000000800ded0                SPI2_IRQHandler
                0x000000000800ded0                MemManage_Handler
                0x000000000800ded0                SVC_Handler
                0x000000000800ded0                DMA1_Channel5_IRQHandler
                0x000000000800ded0                EXTI4_IRQHandler
                0x000000000800ded0                USB_LP_CAN1_RX0_IRQHandler
                0x000000000800ded0                USB_HP_CAN1_TX_IRQHandler
                0x000000000800ded0                DMA1_Channel3_IRQHandler
                0x000000000800ded0                TIM1_UP_IRQHandler
                0x000000000800ded0                WWDG_IRQHandler
                0x000000000800ded0                TIM1_BRK_IRQHandler
                0x000000000800ded0                RTCAlarm_IRQHandler
                0x000000000800ded0                CAN1_SCE_IRQHandler
                0x000000000800ded0                FLASH_IRQHandler
                0x000000000800ded0                BusFault_Handler
                0x000000000800ded0                USBWakeUp_IRQHandler
 .text.atoi     0x000000000800ded4        0x8 /usr/bin/../lib/gcc/arm-none-eabi/4.8.4/../../../../arm-none-eabi/lib/armv7-m/libc_s.a(lib_a-atoi.o)
                0x000000000800ded4                atoi
 .text.bsearch  0x000000000800dedc       0x42 /usr/bin/../lib/gcc/arm-none-eabi/4.8.4/../../../../arm-none-eabi/lib/armv7-m/libc_s.a(lib_a-bsearch.o)
                0x000000000800dedc                bsearch
 *fill*         0x000000000800df1e        0x2 
 .text.strtok   0x000000000800df20       0x64 /usr/bin/../lib/gcc/arm-none-eabi/4.8.4/../../../../arm-none-eabi/lib/armv7-m/libc_s.a(lib_a-strtok.o)
                0x000000000800df20                strtok
 .text.__strtok_r
                0x000000000800df84       0x56 /usr/bin/../lib/gcc/arm-none-eabi/4.8.4/../../../../arm-none-eabi/lib/armv7-m/libc_s.a(lib_a-strtok_r.o)
                0x000000000800df84                __strtok_r
 *fill*         0x000000000800dfda        0x2 
 .text._strtol_r
                0x000000000800dfdc      0x104 /usr/bin/../lib/gcc/arm-none-eabi/4.8.4/../../../../arm-none-eabi/lib/armv7-m/libc_s.a(lib_a-strtol.o)
                0x000000000800dfdc                _strtol_r
 .text.strtol   0x000000000800e0e0       0x1c /usr/bin/../lib/gcc/arm-none-eabi/4.8.4/../../../../arm-none-eabi/lib/armv7-m/libc_s.a(lib_a-strtol.o)
                0x000000000800e0e0                strtol
 .text.malloc   0x000000000800e0fc       0x10 /usr/bin/../lib/gcc/arm-none-eabi/4.8.4/../../../../arm-none-eabi/lib/armv7-m/libc_s.a(lib_a-malloc.o)
                0x000000000800e0fc                malloc
 .text._malloc_r
                0x000000000800e10c       0xa8 /usr/bin/../lib/gcc/arm-none-eabi/4.8.4/../../../../arm-none-eabi/lib/armv7-m/libc_s.a(lib_a-nano-mallocr.o)
                0x000000000800e10c                _malloc_r
 .text._sbrk_r  0x000000000800e1b4       0x20 /usr/bin/../lib/gcc/arm-none-eabi/4.8.4/../../../../arm-none-eabi/lib/armv7-m/libc_s.a(lib_a-sbrkr.o)
                0x000000000800e1b4                _sbrk_r
 .text._sbrk    0x000000000800e1d4       0x34 /usr/bin/../lib/gcc/arm-none-eabi/4.8.4/../../../../arm-none-eabi/lib/armv7-m/libnosys.a(sbrk.o)
                0x000000000800e1d4                _sbrk
 .text.cosf     0x000000000800e208       0x6c /usr/bin/../lib/gcc/arm-none-eabi/4.8.4/../../../../arm-none-eabi/lib/armv7-m/libm.a(lib_a-sf_cos.o)
                0x000000000800e208                cosf
 .text.lrintf   0x000000000800e274       0x7c /usr/bin/../lib/gcc/arm-none-eabi/4.8.4/../../../../arm-none-eabi/lib/armv7-m/libm.a(lib_a-sf_lrint.o)
                0x000000000800e274                lrintf
 .text.sinf     0x000000000800e2f0       0x7c /usr/bin/../lib/gcc/arm-none-eabi/4.8.4/../../../../arm-none-eabi/lib/armv7-m/libm.a(lib_a-sf_sin.o)
                0x000000000800e2f0                sinf
 .text.acosf    0x000000000800e36c       0xa0 /usr/bin/../lib/gcc/arm-none-eabi/4.8.4/../../../../arm-none-eabi/lib/armv7-m/libm.a(lib_a-wf_acos.o)
                0x000000000800e36c                acosf
 .text.atan2f   0x000000000800e40c        0x4 /usr/bin/../lib/gcc/arm-none-eabi/4.8.4/../../../../arm-none-eabi/lib/armv7-m/libm.a(lib_a-wf_atan2.o)
                0x000000000800e40c                atan2f
 .text.powf     0x000000000800e410      0x310 /usr/bin/../lib/gcc/arm-none-eabi/4.8.4/../../../../arm-none-eabi/lib/armv7-m/libm.a(lib_a-wf_pow.o)
                0x000000000800e410                powf
 .text.sqrtf    0x000000000800e720       0x9c /usr/bin/../lib/gcc/arm-none-eabi/4.8.4/../../../../arm-none-eabi/lib/armv7-m/libm.a(lib_a-wf_sqrt.o)
                0x000000000800e720                sqrtf
 .text.__ieee754_acosf
                0x000000000800e7bc      0x2d0 /usr/bin/../lib/gcc/arm-none-eabi/4.8.4/../../../../arm-none-eabi/lib/armv7-m/libm.a(lib_a-ef_acos.o)
                0x000000000800e7bc                __ieee754_acosf
 .text.__ieee754_atan2f
                0x000000000800ea8c      0x120 /usr/bin/../lib/gcc/arm-none-eabi/4.8.4/../../../../arm-none-eabi/lib/armv7-m/libm.a(lib_a-ef_atan2.o)
                0x000000000800ea8c                __ieee754_atan2f
 .text.__ieee754_powf
                0x000000000800ebac      0x6f8 /usr/bin/../lib/gcc/arm-none-eabi/4.8.4/../../../../arm-none-eabi/lib/armv7-m/libm.a(lib_a-ef_pow.o)
                0x000000000800ebac                __ieee754_powf
 .text.__ieee754_rem_pio2f
                0x000000000800f2a4      0x2e8 /usr/bin/../lib/gcc/arm-none-eabi/4.8.4/../../../../arm-none-eabi/lib/armv7-m/libm.a(lib_a-ef_rem_pio2.o)
                0x000000000800f2a4                __ieee754_rem_pio2f
 .text.__ieee754_sqrtf
                0x000000000800f58c       0xa8 /usr/bin/../lib/gcc/arm-none-eabi/4.8.4/../../../../arm-none-eabi/lib/armv7-m/libm.a(lib_a-ef_sqrt.o)
                0x000000000800f58c                __ieee754_sqrtf
 .text.__kernel_cosf
                0x000000000800f634      0x188 /usr/bin/../lib/gcc/arm-none-eabi/4.8.4/../../../../arm-none-eabi/lib/armv7-m/libm.a(lib_a-kf_cos.o)
                0x000000000800f634                __kernel_cosf
 .text.__kernel_rem_pio2f
                0x000000000800f7bc      0x670 /usr/bin/../lib/gcc/arm-none-eabi/4.8.4/../../../../arm-none-eabi/lib/armv7-m/libm.a(lib_a-kf_rem_pio2.o)
                0x000000000800f7bc                __kernel_rem_pio2f
 .text.__kernel_sinf
                0x000000000800fe2c       0xec /usr/bin/../lib/gcc/arm-none-eabi/4.8.4/../../../../arm-none-eabi/lib/armv7-m/libm.a(lib_a-kf_sin.o)
                0x000000000800fe2c                __kernel_sinf
 .text.matherr  0x000000000800ff18        0x4 /usr/bin/../lib/gcc/arm-none-eabi/4.8.4/../../../../arm-none-eabi/lib/armv7-m/libm.a(lib_a-s_matherr.o)
                0x000000000800ff18                matherr
 .text.nan      0x000000000800ff1c        0xc /usr/bin/../lib/gcc/arm-none-eabi/4.8.4/../../../../arm-none-eabi/lib/armv7-m/libm.a(lib_a-s_nan.o)
                0x000000000800ff1c                nan
 .text.rint     0x000000000800ff28      0x118 /usr/bin/../lib/gcc/arm-none-eabi/4.8.4/../../../../arm-none-eabi/lib/armv7-m/libm.a(lib_a-s_rint.o)
                0x000000000800ff28                rint
 .text.atanf    0x0000000008010040      0x22c /usr/bin/../lib/gcc/arm-none-eabi/4.8.4/../../../../arm-none-eabi/lib/armv7-m/libm.a(lib_a-sf_atan.o)
                0x0000000008010040                atanf
 .text.fabsf    0x000000000801026c        0x8 /usr/bin/../lib/gcc/arm-none-eabi/4.8.4/../../../../arm-none-eabi/lib/armv7-m/libm.a(lib_a-sf_fabs.o)
                0x000000000801026c                fabsf
 .text.finitef  0x0000000008010274       0x10 /usr/bin/../lib/gcc/arm-none-eabi/4.8.4/../../../../arm-none-eabi/lib/armv7-m/libm.a(lib_a-sf_finite.o)
                0x0000000008010274                finitef
 .text.floorf   0x0000000008010284       0x8c /usr/bin/../lib/gcc/arm-none-eabi/4.8.4/../../../../arm-none-eabi/lib/armv7-m/libm.a(lib_a-sf_floor.o)
                0x0000000008010284                floorf
 .text.__fpclassifyf
                0x0000000008010310       0x34 /usr/bin/../lib/gcc/arm-none-eabi/4.8.4/../../../../arm-none-eabi/lib/armv7-m/libm.a(lib_a-sf_fpclassify.o)
                0x0000000008010310                __fpclassifyf
 .text.nanf     0x0000000008010344        0x8 /usr/bin/../lib/gcc/arm-none-eabi/4.8.4/../../../../arm-none-eabi/lib/armv7-m/libm.a(lib_a-sf_nan.o)
                0x0000000008010344                nanf
 .text.scalbnf  0x000000000801034c       0xb4 /usr/bin/../lib/gcc/arm-none-eabi/4.8.4/../../../../arm-none-eabi/lib/armv7-m/libm.a(lib_a-sf_scalbn.o)
                0x000000000801034c                scalbnf
 .text.copysignf
                0x0000000008010400        0xc /usr/bin/../lib/gcc/arm-none-eabi/4.8.4/../../../../arm-none-eabi/lib/armv7-m/libm.a(lib_a-sf_copysign.o)
                0x0000000008010400                copysignf
 .text.__errno  0x000000000801040c        0xc /usr/bin/../lib/gcc/arm-none-eabi/4.8.4/../../../../arm-none-eabi/lib/armv7-m/libc_s.a(lib_a-errno.o)
                0x000000000801040c                __errno
 *(.rodata)
 .rodata        0x0000000008010418      0x694 /tmp/ccICNrh3.ltrans1.ltrans.o
                0x0000000008010438                mixers
                0x0000000008010500                gpsInitData.5814
                0x000000000801056e                ubloxInit.5825
                0x00000000080105ec                ubloxConfigList.5821
                0x0000000008010604                mixerDualcopter.9018
                0x0000000008010624                mixerHex6H.9017
                0x0000000008010684                mixerVtail4.9016
                0x00000000080106c4                mixerOctoFlatX.9015
                0x0000000008010744                mixerOctoFlatP.9014
                0x00000000080107c4                mixerOctoX8.9013
                0x0000000008010844                mixerHex6X.9012
                0x00000000080108a4                mixerY4.9011
                0x00000000080108e4                mixerHex6P.9010
                0x0000000008010944                mixerY6.9009
                0x00000000080109a4                mixerBi.9008
                0x00000000080109c4                mixerQuadX.9007
                0x0000000008010a04                mixerQuadP.9006
                0x0000000008010a44                mixerTri.9005
 .rodata        0x0000000008010aac      0x138 /tmp/ccICNrh3.ltrans2.ltrans.o
 .rodata        0x0000000008010be4       0x18 /tmp/ccICNrh3.ltrans3.ltrans.o
 .rodata        0x0000000008010bfc       0x38 /tmp/ccICNrh3.ltrans5.ltrans.o
                0x0000000008010c14                channels.5372
 .rodata        0x0000000008010c34       0x28 /tmp/ccICNrh3.ltrans6.ltrans.o
 .rodata        0x0000000008010c5c      0x1b4 /tmp/ccICNrh3.ltrans7.ltrans.o
 .rodata        0x0000000008010e10      0x11c /tmp/ccICNrh3.ltrans11.ltrans.o
                0x0000000008010e10                featureNames.7956
                0x0000000008010e6c                cmdTable
 .rodata        0x0000000008010f2c       0xb4 /tmp/ccICNrh3.ltrans12.ltrans.o
                0x0000000008010f7c                mixerNames.7959
 .rodata        0x0000000008010fe0      0x9ec /tmp/ccICNrh3.ltrans13.ltrans.o
                0x0000000008010fe0                valueTable
 *(.rodata*)
 .rodata.timerHardware
                0x00000000080119cc       0xe0 /tmp/ccICNrh3.ltrans1.ltrans.o
                0x00000000080119cc                timerHardware
 .rodata.str1.1
                0x0000000008011aac       0xda /tmp/ccICNrh3.ltrans1.ltrans.o
                                         0xdb (size before relaxing)
 .rodata.str1.1
                0x0000000008011b86       0xbb /tmp/ccICNrh3.ltrans2.ltrans.o
 .rodata.str1.1
                0x0000000008011c41       0xeb /tmp/ccICNrh3.ltrans3.ltrans.o
                                         0xfe (size before relaxing)
 .rodata.str1.1
                0x0000000008011d2c       0x72 /tmp/ccICNrh3.ltrans4.ltrans.o
                                         0x75 (size before relaxing)
 .rodata.str1.1
                0x0000000008011d9e       0x19 /tmp/ccICNrh3.ltrans5.ltrans.o
 .rodata.str1.1
                0x0000000008011db7      0x36b /tmp/ccICNrh3.ltrans7.ltrans.o
                                        0x37b (size before relaxing)
 .rodata.str1.1
                0x0000000000000000      0x36b /tmp/ccICNrh3.ltrans8.ltrans.o
                                          0x2 (size before relaxing)
 .rodata.str1.1
                0x0000000008012122       0x25 /tmp/ccICNrh3.ltrans9.ltrans.o
 .rodata.str1.1
                0x0000000008012147       0x54 /tmp/ccICNrh3.ltrans10.ltrans.o
 .rodata.str1.1
                0x000000000801219b      0x28a /tmp/ccICNrh3.ltrans11.ltrans.o
                                        0x2a9 (size before relaxing)
 .rodata.str1.1
                0x0000000008012425      0x446 /tmp/ccICNrh3.ltrans12.ltrans.o
                                        0x4c4 (size before relaxing)
 .rodata.rcChannelLetters
                0x000000000801286b        0x9 /tmp/ccICNrh3.ltrans12.ltrans.o
                0x000000000801286b                rcChannelLetters
 .rodata.str1.1
                0x0000000008012874      0x68e /tmp/ccICNrh3.ltrans13.ltrans.o
                                        0x6bc (size before relaxing)
 .rodata._ctype_
                0x0000000008012f02      0x101 /usr/bin/../lib/gcc/arm-none-eabi/4.8.4/../../../../arm-none-eabi/lib/armv7-m/libc_s.a(lib_a-ctype_.o)
                0x0000000008012f02                _ctype_
 .rodata.str1.1
                0x0000000000000000        0x0 /usr/bin/../lib/gcc/arm-none-eabi/4.8.4/../../../../arm-none-eabi/lib/armv7-m/libc_s.a(lib_a-impure.o)
                                          0x2 (size before relaxing)
 *fill*         0x0000000008013003        0x1 
 .rodata.TWO23  0x0000000008013004        0x8 /usr/bin/../lib/gcc/arm-none-eabi/4.8.4/../../../../arm-none-eabi/lib/armv7-m/libm.a(lib_a-sf_lrint.o)
 .rodata.str1.4
                0x000000000801300c        0x6 /usr/bin/../lib/gcc/arm-none-eabi/4.8.4/../../../../arm-none-eabi/lib/armv7-m/libm.a(lib_a-wf_acos.o)
                                          0xc (size before relaxing)
 *fill*         0x0000000008013012        0x2 
 .rodata.str1.4
                0x0000000008013014        0x5 /usr/bin/../lib/gcc/arm-none-eabi/4.8.4/../../../../arm-none-eabi/lib/armv7-m/libm.a(lib_a-wf_pow.o)
                                          0x8 (size before relaxing)
 *fill*         0x0000000008013019        0x3 
 .rodata.str1.4
                0x000000000801301c        0x8 /usr/bin/../lib/gcc/arm-none-eabi/4.8.4/../../../../arm-none-eabi/lib/armv7-m/libm.a(lib_a-wf_sqrt.o)
 .rodata.dp_h   0x0000000008013024        0x8 /usr/bin/../lib/gcc/arm-none-eabi/4.8.4/../../../../arm-none-eabi/lib/armv7-m/libm.a(lib_a-ef_pow.o)
 .rodata.dp_l   0x000000000801302c        0x8 /usr/bin/../lib/gcc/arm-none-eabi/4.8.4/../../../../arm-none-eabi/lib/armv7-m/libm.a(lib_a-ef_pow.o)
 .rodata.bp     0x0000000008013034        0x8 /usr/bin/../lib/gcc/arm-none-eabi/4.8.4/../../../../arm-none-eabi/lib/armv7-m/libm.a(lib_a-ef_pow.o)
 .rodata.str1.4
                0x0000000000000000        0x4 /usr/bin/../lib/gcc/arm-none-eabi/4.8.4/../../../../arm-none-eabi/lib/armv7-m/libm.a(lib_a-ef_pow.o)
 .rodata.npio2_hw
                0x000000000801303c       0x80 /usr/bin/../lib/gcc/arm-none-eabi/4.8.4/../../../../arm-none-eabi/lib/armv7-m/libm.a(lib_a-ef_rem_pio2.o)
 .rodata.two_over_pi
                0x00000000080130bc      0x318 /usr/bin/../lib/gcc/arm-none-eabi/4.8.4/../../../../arm-none-eabi/lib/armv7-m/libm.a(lib_a-ef_rem_pio2.o)
 .rodata.init_jk
                0x00000000080133d4        0xc /usr/bin/../lib/gcc/arm-none-eabi/4.8.4/../../../../arm-none-eabi/lib/armv7-m/libm.a(lib_a-kf_rem_pio2.o)
 .rodata.PIo2   0x00000000080133e0       0x2c /usr/bin/../lib/gcc/arm-none-eabi/4.8.4/../../../../arm-none-eabi/lib/armv7-m/libm.a(lib_a-kf_rem_pio2.o)
 *fill*         0x000000000801340c        0x4 
 .rodata.TWO52  0x0000000008013410       0x10 /usr/bin/../lib/gcc/arm-none-eabi/4.8.4/../../../../arm-none-eabi/lib/armv7-m/libm.a(lib_a-s_rint.o)
 .rodata.atanlo
                0x0000000008013420       0x10 /usr/bin/../lib/gcc/arm-none-eabi/4.8.4/../../../../arm-none-eabi/lib/armv7-m/libm.a(lib_a-sf_atan.o)
 .rodata.atanhi
                0x0000000008013430       0x10 /usr/bin/../lib/gcc/arm-none-eabi/4.8.4/../../../../arm-none-eabi/lib/armv7-m/libm.a(lib_a-sf_atan.o)
 *(.glue_7)
 .glue_7        0x0000000000000000        0x0 linker stubs
 *(.glue_7t)
 .glue_7t       0x0000000000000000        0x0 linker stubs
 *(.eh_frame)
 *(.init)
 *(.fini)
                0x0000000008013440                . = ALIGN (0x4)
                0x0000000008013440                _etext = .

.vfp11_veneer   0x0000000008013440        0x0
 .vfp11_veneer  0x0000000000000000        0x0 linker stubs

.v4_bx          0x0000000008013440        0x0
 .v4_bx         0x0000000000000000        0x0 linker stubs

.iplt           0x0000000008013440        0x0
 .iplt          0x0000000000000000        0x0 obj/NAZE/startup_stm32f10x_md_gcc.o

.ARM.extab
 *(.ARM.extab* .gnu.linkonce.armextab.*)

.ARM            0x0000000008013440        0x8
                0x0000000008013440                __exidx_start = .
 *(.ARM.exidx*)
 .ARM.exidx     0x0000000008013440        0x8 /usr/bin/../lib/gcc/arm-none-eabi/4.8.4/armv7-m/libgcc.a(_divdi3.o)
 .ARM.exidx     0x0000000008013448        0x0 /usr/bin/../lib/gcc/arm-none-eabi/4.8.4/armv7-m/libgcc.a(_udivdi3.o)
                                          0x8 (size before relaxing)
                0x0000000008013448                __exidx_end = .

.rel.dyn        0x0000000008013448        0x0
 .rel.iplt      0x0000000000000000        0x0 obj/NAZE/startup_stm32f10x_md_gcc.o

.preinit_array  0x0000000008013448        0x0
                0x0000000008013448                PROVIDE (__preinit_array_start, .)
 *(.preinit_array*)
                0x0000000008013448                PROVIDE (__preinit_array_end, .)

.init_array     0x0000000008013448        0x0
                0x0000000008013448                PROVIDE (__init_array_start, .)
 *(SORT(.init_array.*))
 *(.init_array*)
                0x0000000008013448                PROVIDE (__init_array_end, .)

.fini_array     0x0000000008013448        0x0
                0x0000000008013448                PROVIDE (__fini_array_start, .)
 *(.fini_array*)
 *(SORT(.fini_array.*))
                0x0000000008013448                PROVIDE (__fini_array_end, .)
                0x0000000008013448                _sidata = .

.data           0x0000000020000000      0x108 load address 0x0000000008013448
                0x0000000020000000                . = ALIGN (0x4)
                0x0000000020000000                _sdata = .
 *(.data)
 .data          0x0000000020000000       0x24 /tmp/ccICNrh3.ltrans0.ltrans.o
                0x0000000020000010                pid_controller
                0x0000000020000014                servo
 .data          0x0000000020000024       0x30 /tmp/ccICNrh3.ltrans1.ltrans.o
                0x0000000020000024                hse_value
                0x0000000020000038                batteryCellCount
                0x0000000020000039                standardBoardAlignment.11133
                0x000000002000003a                mpuLowPassFilter.4702
                0x000000002000003c                acc_1G
                0x000000002000003e                failsafeThreshold.5114
                0x0000000020000040                ubloxSbasInit.5608
                0x0000000020000050                sonarAlt
 .data          0x0000000020000054        0x4 /tmp/ccICNrh3.ltrans2.ltrans.o
                0x0000000020000054                currentPortState.10094
 .data          0x0000000020000058        0x1 /tmp/ccICNrh3.ltrans3.ltrans.o
                0x0000000020000058                gyroAlign.4854
 *fill*         0x0000000020000059        0x3 
 .data          0x000000002000005c        0x8 /tmp/ccICNrh3.ltrans4.ltrans.o
                0x000000002000005c                GPS_scaleLonDown.5617
                0x0000000020000060                mpuLowPassFilter.4853
 .data          0x0000000020000064        0x3 /tmp/ccICNrh3.ltrans6.ltrans.o
 *fill*         0x0000000020000067        0x1 
 .data          0x0000000020000068       0x18 /tmp/ccICNrh3.ltrans7.ltrans.o
                0x0000000020000068                accAlign.4773
                0x0000000020000069                gyroAlign.4774
                0x000000002000006a                gyroAlign.4894
                0x000000002000006b                gyroAlign.4701
                0x000000002000006c                accAlign.4655
                0x000000002000006d                magAlign.4560
                0x0000000020000070                magGain.4559
                0x000000002000007c                mpuLowPassFilter.4776
 .data          0x0000000020000080       0x14 /tmp/ccICNrh3.ltrans8.ltrans.o
 .data          0x0000000020000094        0x1 /tmp/ccICNrh3.ltrans11.ltrans.o
                0x0000000020000094                accAlign.4851
 *(.data*)
 *fill*         0x0000000020000095        0x3 
 .data.SystemCoreClock
                0x0000000020000098        0x4 /tmp/ccICNrh3.ltrans1.ltrans.o
                0x0000000020000098                SystemCoreClock
 .data.__ctype_ptr__
                0x000000002000009c        0x4 /usr/bin/../lib/gcc/arm-none-eabi/4.8.4/../../../../arm-none-eabi/lib/armv7-m/libc_s.a(lib_a-ctype_.o)
                0x000000002000009c                __ctype_ptr__
 .data.impure_data
                0x00000000200000a0       0x60 /usr/bin/../lib/gcc/arm-none-eabi/4.8.4/../../../../arm-none-eabi/lib/armv7-m/libc_s.a(lib_a-impure.o)
 .data._impure_ptr
                0x0000000020000100        0x4 /usr/bin/../lib/gcc/arm-none-eabi/4.8.4/../../../../arm-none-eabi/lib/armv7-m/libc_s.a(lib_a-impure.o)
                0x0000000020000100                _impure_ptr
 .data.__fdlib_version
                0x0000000020000104        0x1 /usr/bin/../lib/gcc/arm-none-eabi/4.8.4/../../../../arm-none-eabi/lib/armv7-m/libm.a(lib_a-s_lib_ver.o)
                0x0000000020000104                __fdlib_version
                0x0000000020000108                . = ALIGN (0x4)
 *fill*         0x0000000020000105        0x3 
                0x0000000020000108                _edata = .

.igot.plt       0x0000000020000108        0x0 load address 0x0000000008013550
 .igot.plt      0x0000000000000000        0x0 obj/NAZE/startup_stm32f10x_md_gcc.o
                0x0000000020000108                . = ALIGN (0x4)

.bss            0x0000000020000108     0x1de4 load address 0x0000000008013550
                0x0000000020000108                _sbss = .
                0x0000000020000108                __bss_start__ = _sbss
 *(.bss)
 .bss           0x0000000020000108      0x3e0 /tmp/ccICNrh3.ltrans0.ltrans.o
                0x0000000020000108                rcFrameComplete.11717
                0x0000000020000109                sbusFrameDone.11355
                0x000000002000010a                sbus.11356
                0x0000000020000124                failsafeCnt
                0x0000000020000126                sumdFrameDone.11606
                0x0000000020000127                sumd.11608
                0x000000002000013c                sumdSize.11607
                0x0000000020000140                sumdChannelData.11603
                0x0000000020000160                rxMspFrameDone.10258
                0x0000000020000164                currentTime
                0x00000000200001b0                rcOptions
                0x00000000200001c6                rssi
                0x00000000200001cc                heading
                0x00000000200001d8                errorAngleI.9323
                0x00000000200001e0                AltHold
                0x00000000200001e4                EstAlt
                0x00000000200001ea                rcCommand
                0x00000000200001fc                magHold
                0x00000000200001fe                headFreeModeHold
                0x0000000020000200                GPS_numSat
                0x0000000020000204                GPS_home
                0x000000002000020c                nav_mode
                0x0000000020000210                GPS_hold
                0x0000000020000218                GPS_coord
                0x0000000020000220                GPS_angle
                0x0000000020000228                nav
                0x0000000020000254                poshold_ratePID.5913
                0x000000002000027c                navPID.5915
                0x00000000200002ac                magADC
                0x000000002000039c                angle
                0x00000000200003b4                BaroAlt
                0x00000000200003d4                vario
                0x00000000200003e4                distance_ptr.4483
                0x000000002000047c                accSmooth
                0x0000000020000490                anglerad
                0x00000000200004b0                gyroData
                0x00000000200004b6                cycleTime
                0x00000000200004ba                axisPID
                0x00000000200004c2                motor_disarmed
                0x00000000200004dc                errorGyroI.9325
 .bss           0x00000000200004e8      0x764 /tmp/ccICNrh3.ltrans1.ltrans.o
                0x00000000200004e8                usTicks.10531
                0x00000000200004ec                stdout_putf.10943
                0x00000000200004f0                stdout_putp.10944
                0x0000000020000500                adcConfig.4095
                0x0000000020000508                adcValues.4101
                0x0000000020000510                batteryWarningVoltage
                0x0000000020000514                boardRotation.11135
                0x0000000020000538                enabledSensors.8195
                0x000000002000053c                gyro
                0x000000002000054c                mpuLowPassFilter.4895
                0x000000002000054d                useFifo.4138
                0x0000000020000550                acc
                0x0000000020000560                accHardware
                0x0000000020000564                bmp085.4304
                0x0000000020000588                baro
                0x00000000200005a0                ms5611_c.4409
                0x00000000200005b0                mag
                0x00000000200005c4                magneticDeclination
                0x00000000200005c8                smallAngle
                0x00000000200005cc                accVelScale
                0x00000000200005d0                throttleAngleScale
                0x00000000200005d4                fc_acc
                0x00000000200005d8                magInit.9764
                0x00000000200005dc                core
                0x00000000200005f4                currentMixer.9055
                0x00000000200006b4                f
                0x00000000200006c5                pwmFilter.5121
                0x00000000200006c8                pwmWritePtr.5119
                0x00000000200006cd                numMotors.5128
                0x00000000200006d0                motors.5107
                0x0000000020000700                numServos.5129
                0x0000000020000704                servos.5130
                0x0000000020000724                rcData
                0x0000000020000748                rcReadRawFunc
                0x000000002000074c                spek_chan_shift.11862
                0x000000002000074d                spek_chan_mask.11875
                0x000000002000074e                spekHiRes.11876
                0x0000000020000750                sbusChannelData.11352
                0x0000000020000770                gpsData
                0x0000000020000798                trigger_pin.4485
                0x000000002000079a                echo_pin.4481
                0x000000002000079c                exti_line.4484
                0x00000000200007a4                last_measurement.4488
                0x00000000200007a8                softSerialPorts
                0x0000000020000c40                isTelemetryConfigurationValid.6540
                0x0000000020000c41                blackboxState.7407
                0x0000000020000c44                previousTime
                0x0000000020000c48                calibratingG
                0x0000000020000c4a                calibratingB
 *fill*         0x0000000020000c4c        0x4 
 .bss           0x0000000020000c50      0x1e0 /tmp/ccICNrh3.ltrans2.ltrans.o
                0x0000000020000c50                lookupPitchRollRC
                0x0000000020000c5e                dynP8
                0x0000000020000c64                dynD8
                0x0000000020000c68                lookupThrottleRC
                0x0000000020000c8c                vbat
                0x0000000020000ca8                buzzerIsOn.7513
                0x0000000020000cb8                ports.10107
                0x0000000020000d52                GPS_altitude
                0x0000000020000d54                GPS_speed
                0x0000000020000d56                GPS_update
                0x0000000020000d57                availableBoxes.9953
                0x0000000020000d6c                numberBoxItems.10114
                0x0000000020000d6e                i2cErrorCount.10446
                0x0000000020000d70                GPS_ground_course
                0x0000000020000d72                GPS_distanceToHome
                0x0000000020000d74                GPS_directionToHome
                0x0000000020000d7e                GPS_numCh
                0x0000000020000d7f                GPS_svinfo_chn
                0x0000000020000d8f                GPS_svinfo_svid
                0x0000000020000d9f                GPS_svinfo_quality
                0x0000000020000daf                GPS_svinfo_cno
                0x0000000020000dc0                numTelemetryPorts.10174
 .bss           0x0000000020000e30       0xe0 /tmp/ccICNrh3.ltrans3.ltrans.o
                0x0000000020000e30                pwmPorts.5108
 .bss           0x0000000020000f10      0x1f8 /tmp/ccICNrh3.ltrans4.ltrans.o
                0x0000000020000f13                string.9794.5614
                0x0000000020001074                GPS_WP.5609
                0x000000002000107c                wp_distance.5611
                0x0000000020001080                target_bearing.5612
                0x0000000020001084                error.5910
                0x000000002000108c                posholdPID_PARAM.5911
                0x000000002000109c                poshold_ratePID_PARAM.5607
                0x00000000200010b0                waypoint_speed_gov.5675
                0x00000000200010b4                original_target_bearing.5924
                0x00000000200010bc                nav_bearing.5923
                0x00000000200010c0                navPID_PARAM.5613
                0x00000000200010d0                nav_takeoff_bearing.5918
                0x00000000200010d4                bufferIndex.7957
                0x00000000200010d8                cliBuffer.7792
 .bss           0x0000000020001108      0x154 /tmp/ccICNrh3.ltrans5.ltrans.o
                0x000000002000115c                timerConfigs
 .bss           0x000000002000125c       0x2c /tmp/ccICNrh3.ltrans6.ltrans.o
                0x000000002000125c                I2Cx.10420
                0x0000000020001261                addr.10428
                0x0000000020001262                reg.10426
                0x0000000020001263                writing.10431
                0x0000000020001264                reading.10424
                0x0000000020001268                read_p.10430
                0x000000002000126c                write_p.10432
                0x0000000020001270                bytes.10427
                0x0000000020001271                busy.10433
                0x0000000020001274                ms5611_ut.4410
                0x0000000020001278                ms5611_up.4411
                0x0000000020001280                bmp085_up.4331
                0x0000000020001284                bmp085_ut.4330
 .bss           0x0000000020001288       0x2c /tmp/ccICNrh3.ltrans7.ltrans.o
                0x000000002000128c                axisP
                0x0000000020001298                axisI
                0x00000000200012a4                axisD
                0x00000000200012b0                mpuAccelHalf.4771
 .bss           0x00000000200012b4       0x10 /tmp/ccICNrh3.ltrans8.ltrans.o
                0x00000000200012b4                captures.5118
 .bss           0x00000000200012c4        0x8 /tmp/ccICNrh3.ltrans9.ltrans.o
 .bss           0x00000000200012cc       0x50 /tmp/ccICNrh3.ltrans10.ltrans.o
 .bss           0x000000002000131c      0x4c1 /tmp/ccICNrh3.ltrans11.ltrans.o
 *fill*         0x00000000200017dd        0x3 
 .bss           0x00000000200017e0      0x588 /tmp/ccICNrh3.ltrans13.ltrans.o
                0x00000000200017e0                uartPort3.10839
                0x000000002000182c                uartPort2.10840
                0x0000000020001878                uartPort1.10838
                0x00000000200018c4                sysTickUptime.10532
                0x00000000200018c8                mcfg
                0x0000000020001c80                motor
                0x0000000020001c98                cfg
 .bss           0x0000000020001d68      0x15c /tmp/ccICNrh3.ltrans14.ltrans.o
                0x0000000020001d68                blackboxPort.7255
                0x0000000020001d6c                startTime.7405
                0x0000000020001d70                headerXmitIndex.7406
                0x0000000020001d74                blackboxIteration.7396
                0x0000000020001d78                gpsHistory.7218
                0x0000000020001d8c                blackboxHistory.7219
                0x0000000020001d98                blackboxHistoryRing.7397
 .bss           0x0000000020001ec4        0x1 /tmp/ccICNrh3.ltrans15.ltrans.o
                0x0000000020001ec4                convDone.4332
 *(.bss*)
 .bss.cliMode   0x0000000020001ec5        0x1 /tmp/ccICNrh3.ltrans0.ltrans.o
                0x0000000020001ec5                cliMode
 .bss.toggleBeep
                0x0000000020001ec6        0x1 /tmp/ccICNrh3.ltrans0.ltrans.o
                0x0000000020001ec6                toggleBeep
 *fill*         0x0000000020001ec7        0x1 
 .bss.accTimeSum
                0x0000000020001ec8        0x4 /tmp/ccICNrh3.ltrans0.ltrans.o
 .bss.hw_revision
                0x0000000020001ecc        0x4 /tmp/ccICNrh3.ltrans1.ltrans.o
                0x0000000020001ecc                hw_revision
 .bss.calibratingA
                0x0000000020001ed0        0x2 /tmp/ccICNrh3.ltrans1.ltrans.o
                0x0000000020001ed0                calibratingA
 *fill*         0x0000000020001ed2        0x2 
 .bss.systemBeepPtr
                0x0000000020001ed4        0x4 /tmp/ccICNrh3.ltrans1.ltrans.o
                0x0000000020001ed4                systemBeepPtr
 .bss.numberMotor
                0x0000000020001ed8        0x1 /tmp/ccICNrh3.ltrans13.ltrans.o
                0x0000000020001ed8                numberMotor
 *fill*         0x0000000020001ed9        0x3 
 .bss.__malloc_sbrk_start
                0x0000000020001edc        0x4 /usr/bin/../lib/gcc/arm-none-eabi/4.8.4/../../../../arm-none-eabi/lib/armv7-m/libc_s.a(lib_a-nano-mallocr.o)
                0x0000000020001edc                __malloc_sbrk_start
 .bss.__malloc_free_list
                0x0000000020001ee0        0x4 /usr/bin/../lib/gcc/arm-none-eabi/4.8.4/../../../../arm-none-eabi/lib/armv7-m/libc_s.a(lib_a-nano-mallocr.o)
                0x0000000020001ee0                __malloc_free_list
 .bss.heap_end.4246
                0x0000000020001ee4        0x4 /usr/bin/../lib/gcc/arm-none-eabi/4.8.4/../../../../arm-none-eabi/lib/armv7-m/libnosys.a(sbrk.o)
 *(COMMON)
 COMMON         0x0000000020001ee8        0x4 /usr/bin/../lib/gcc/arm-none-eabi/4.8.4/../../../../arm-none-eabi/lib/armv7-m/libc_s.a(lib_a-reent.o)
                0x0000000020001ee8                errno
                0x0000000020001eec                . = ALIGN (0x4)
                0x0000000020001eec                _ebss = .
                0x0000000020001eec                __bss_end__ = _ebss

._user_heap_stack
                0x0000000020001eec      0x400 load address 0x0000000008013550
                0x0000000020001eec                . = ALIGN (0x4)
                0x0000000020001eec                PROVIDE (end, .)
                0x0000000020001eec                PROVIDE (_end, .)
                0x0000000020001eec                . = (. + _Min_Heap_Size)
                0x00000000200022ec                . = (. + _Min_Stack_Size)
 *fill*         0x0000000020001eec      0x400 
                0x00000000200022ec                . = ALIGN (0x4)

.memory_b1_text
 *(.mb1text)
 *(.mb1text*)
 *(.mb1rodata)
 *(.mb1rodata*)

/DISCARD/
 libc.a(*)
 libm.a(*)
 libgcc.a(*)

.ARM.attributes
                0x0000000000000000       0x31
 *(.ARM.attributes)
 .ARM.attributes
                0x0000000000000000       0x31 /tmp/ccICNrh3.ltrans0.ltrans.o
 .ARM.attributes
                0x0000000000000031       0x31 /tmp/ccICNrh3.ltrans1.ltrans.o
 .ARM.attributes
                0x0000000000000062       0x31 /tmp/ccICNrh3.ltrans2.ltrans.o
 .ARM.attributes
                0x0000000000000093       0x31 /tmp/ccICNrh3.ltrans3.ltrans.o
 .ARM.attributes
                0x00000000000000c4       0x31 /tmp/ccICNrh3.ltrans4.ltrans.o
 .ARM.attributes
                0x00000000000000f5       0x31 /tmp/ccICNrh3.ltrans5.ltrans.o
 .ARM.attributes
                0x0000000000000126       0x31 /tmp/ccICNrh3.ltrans6.ltrans.o
 .ARM.attributes
                0x0000000000000157       0x31 /tmp/ccICNrh3.ltrans7.ltrans.o
 .ARM.attributes
                0x0000000000000188       0x31 /tmp/ccICNrh3.ltrans8.ltrans.o
 .ARM.attributes
                0x00000000000001b9       0x31 /tmp/ccICNrh3.ltrans9.ltrans.o
 .ARM.attributes
                0x00000000000001ea       0x31 /tmp/ccICNrh3.ltrans10.ltrans.o
 .ARM.attributes
                0x000000000000021b       0x31 /tmp/ccICNrh3.ltrans11.ltrans.o
 .ARM.attributes
                0x000000000000024c       0x31 /tmp/ccICNrh3.ltrans12.ltrans.o
 .ARM.attributes
                0x000000000000027d       0x31 /tmp/ccICNrh3.ltrans13.ltrans.o
 .ARM.attributes
                0x00000000000002ae       0x31 /tmp/ccICNrh3.ltrans14.ltrans.o
 .ARM.attributes
                0x00000000000002df       0x31 /tmp/ccICNrh3.ltrans15.ltrans.o
 .ARM.attributes
                0x0000000000000310       0x1d /usr/bin/../lib/gcc/arm-none-eabi/4.8.4/armv7-m/libgcc.a(_arm_addsubdf3.o)
 .ARM.attributes
                0x000000000000032d       0x1d /usr/bin/../lib/gcc/arm-none-eabi/4.8.4/armv7-m/libgcc.a(_arm_muldivdf3.o)
 .ARM.attributes
                0x000000000000034a       0x1d /usr/bin/../lib/gcc/arm-none-eabi/4.8.4/armv7-m/libgcc.a(_arm_truncdfsf2.o)
 .ARM.attributes
                0x0000000000000367       0x1d /usr/bin/../lib/gcc/arm-none-eabi/4.8.4/armv7-m/libgcc.a(_arm_addsubsf3.o)
 .ARM.attributes
                0x0000000000000384       0x1d /usr/bin/../lib/gcc/arm-none-eabi/4.8.4/armv7-m/libgcc.a(_arm_muldivsf3.o)
 .ARM.attributes
                0x00000000000003a1       0x1d /usr/bin/../lib/gcc/arm-none-eabi/4.8.4/armv7-m/libgcc.a(_arm_cmpsf2.o)
 .ARM.attributes
                0x00000000000003be       0x1d /usr/bin/../lib/gcc/arm-none-eabi/4.8.4/armv7-m/libgcc.a(_arm_fixsfsi.o)
 .ARM.attributes
                0x00000000000003db       0x1d /usr/bin/../lib/gcc/arm-none-eabi/4.8.4/armv7-m/libgcc.a(_arm_fixunssfsi.o)
 .ARM.attributes
                0x00000000000003f8       0x1d /usr/bin/../lib/gcc/arm-none-eabi/4.8.4/armv7-m/libgcc.a(_aeabi_ldivmod.o)
 .ARM.attributes
                0x0000000000000415       0x2d /usr/bin/../lib/gcc/arm-none-eabi/4.8.4/armv7-m/libgcc.a(bpabi.o)
 .ARM.attributes
                0x0000000000000442       0x1d /usr/bin/../lib/gcc/arm-none-eabi/4.8.4/armv7-m/libgcc.a(_dvmd_tls.o)
 .ARM.attributes
                0x000000000000045f       0x2d /usr/bin/../lib/gcc/arm-none-eabi/4.8.4/armv7-m/libgcc.a(_divdi3.o)
 .ARM.attributes
                0x000000000000048c       0x2d /usr/bin/../lib/gcc/arm-none-eabi/4.8.4/armv7-m/libgcc.a(_udivdi3.o)
 .ARM.attributes
                0x00000000000004b9       0x2d /usr/bin/../lib/gcc/arm-none-eabi/4.8.4/../../../../arm-none-eabi/lib/armv7-m/libg_s.a(lib_a-memcpy-stub.o)
 .ARM.attributes
                0x00000000000004e6       0x2d /usr/bin/../lib/gcc/arm-none-eabi/4.8.4/../../../../arm-none-eabi/lib/armv7-m/libg_s.a(lib_a-memset.o)
 .ARM.attributes
                0x0000000000000513       0x2d /usr/bin/../lib/gcc/arm-none-eabi/4.8.4/../../../../arm-none-eabi/lib/armv7-m/libg_s.a(lib_a-strcat.o)
 .ARM.attributes
                0x0000000000000540       0x2d /usr/bin/../lib/gcc/arm-none-eabi/4.8.4/../../../../arm-none-eabi/lib/armv7-m/libg_s.a(lib_a-strchr.o)
 .ARM.attributes
                0x000000000000056d       0x2d /usr/bin/../lib/gcc/arm-none-eabi/4.8.4/../../../../arm-none-eabi/lib/armv7-m/libg_s.a(lib_a-strlen.o)
 .ARM.attributes
                0x000000000000059a       0x2d /usr/bin/../lib/gcc/arm-none-eabi/4.8.4/../../../../arm-none-eabi/lib/armv7-m/libg_s.a(lib_a-strncasecmp.o)
 .ARM.attributes
                0x00000000000005c7       0x2d /usr/bin/../lib/gcc/arm-none-eabi/4.8.4/../../../../arm-none-eabi/lib/armv7-m/libg_s.a(lib_a-strncpy.o)
 .ARM.attributes
                0x00000000000005f4       0x2d /usr/bin/../lib/gcc/arm-none-eabi/4.8.4/../../../../arm-none-eabi/lib/armv7-m/libg_s.a(lib_a-strstr.o)
 .ARM.attributes
                0x0000000000000621       0x21 obj/NAZE/startup_stm32f10x_md_gcc.o
 .ARM.attributes
                0x0000000000000642       0x2d /usr/bin/../lib/gcc/arm-none-eabi/4.8.4/../../../../arm-none-eabi/lib/armv7-m/libc_s.a(lib_a-atoi.o)
 .ARM.attributes
                0x000000000000066f       0x2d /usr/bin/../lib/gcc/arm-none-eabi/4.8.4/../../../../arm-none-eabi/lib/armv7-m/libc_s.a(lib_a-bsearch.o)
 .ARM.attributes
                0x000000000000069c       0x2d /usr/bin/../lib/gcc/arm-none-eabi/4.8.4/../../../../arm-none-eabi/lib/armv7-m/libc_s.a(lib_a-ctype_.o)
 .ARM.attributes
                0x00000000000006c9       0x2d /usr/bin/../lib/gcc/arm-none-eabi/4.8.4/../../../../arm-none-eabi/lib/armv7-m/libc_s.a(lib_a-strtok.o)
 .ARM.attributes
                0x00000000000006f6       0x2d /usr/bin/../lib/gcc/arm-none-eabi/4.8.4/../../../../arm-none-eabi/lib/armv7-m/libc_s.a(lib_a-strtok_r.o)
 .ARM.attributes
                0x0000000000000723       0x2d /usr/bin/../lib/gcc/arm-none-eabi/4.8.4/../../../../arm-none-eabi/lib/armv7-m/libc_s.a(lib_a-strtol.o)
 .ARM.attributes
                0x0000000000000750       0x2d /usr/bin/../lib/gcc/arm-none-eabi/4.8.4/../../../../arm-none-eabi/lib/armv7-m/libc_s.a(lib_a-impure.o)
 .ARM.attributes
                0x000000000000077d       0x2d /usr/bin/../lib/gcc/arm-none-eabi/4.8.4/../../../../arm-none-eabi/lib/armv7-m/libc_s.a(lib_a-malloc.o)
 .ARM.attributes
                0x00000000000007aa       0x2d /usr/bin/../lib/gcc/arm-none-eabi/4.8.4/../../../../arm-none-eabi/lib/armv7-m/libc_s.a(lib_a-nano-mallocr.o)
 .ARM.attributes
                0x00000000000007d7       0x2d /usr/bin/../lib/gcc/arm-none-eabi/4.8.4/../../../../arm-none-eabi/lib/armv7-m/libc_s.a(lib_a-sbrkr.o)
 .ARM.attributes
                0x0000000000000804       0x2d /usr/bin/../lib/gcc/arm-none-eabi/4.8.4/../../../../arm-none-eabi/lib/armv7-m/libc_s.a(lib_a-reent.o)
 .ARM.attributes
                0x0000000000000831       0x2d /usr/bin/../lib/gcc/arm-none-eabi/4.8.4/../../../../arm-none-eabi/lib/armv7-m/libnosys.a(sbrk.o)
 .ARM.attributes
                0x000000000000085e       0x2d /usr/bin/../lib/gcc/arm-none-eabi/4.8.4/../../../../arm-none-eabi/lib/armv7-m/libm.a(lib_a-sf_cos.o)
 .ARM.attributes
                0x000000000000088b       0x2d /usr/bin/../lib/gcc/arm-none-eabi/4.8.4/../../../../arm-none-eabi/lib/armv7-m/libm.a(lib_a-sf_lrint.o)
 .ARM.attributes
                0x00000000000008b8       0x2d /usr/bin/../lib/gcc/arm-none-eabi/4.8.4/../../../../arm-none-eabi/lib/armv7-m/libm.a(lib_a-sf_sin.o)
 .ARM.attributes
                0x00000000000008e5       0x2d /usr/bin/../lib/gcc/arm-none-eabi/4.8.4/../../../../arm-none-eabi/lib/armv7-m/libm.a(lib_a-wf_acos.o)
 .ARM.attributes
                0x0000000000000912       0x2d /usr/bin/../lib/gcc/arm-none-eabi/4.8.4/../../../../arm-none-eabi/lib/armv7-m/libm.a(lib_a-wf_atan2.o)
 .ARM.attributes
                0x000000000000093f       0x2d /usr/bin/../lib/gcc/arm-none-eabi/4.8.4/../../../../arm-none-eabi/lib/armv7-m/libm.a(lib_a-wf_pow.o)
 .ARM.attributes
                0x000000000000096c       0x2d /usr/bin/../lib/gcc/arm-none-eabi/4.8.4/../../../../arm-none-eabi/lib/armv7-m/libm.a(lib_a-wf_sqrt.o)
 .ARM.attributes
                0x0000000000000999       0x2d /usr/bin/../lib/gcc/arm-none-eabi/4.8.4/../../../../arm-none-eabi/lib/armv7-m/libm.a(lib_a-ef_acos.o)
 .ARM.attributes
                0x00000000000009c6       0x2d /usr/bin/../lib/gcc/arm-none-eabi/4.8.4/../../../../arm-none-eabi/lib/armv7-m/libm.a(lib_a-ef_atan2.o)
 .ARM.attributes
                0x00000000000009f3       0x2d /usr/bin/../lib/gcc/arm-none-eabi/4.8.4/../../../../arm-none-eabi/lib/armv7-m/libm.a(lib_a-ef_pow.o)
 .ARM.attributes
                0x0000000000000a20       0x2d /usr/bin/../lib/gcc/arm-none-eabi/4.8.4/../../../../arm-none-eabi/lib/armv7-m/libm.a(lib_a-ef_rem_pio2.o)
 .ARM.attributes
                0x0000000000000a4d       0x2d /usr/bin/../lib/gcc/arm-none-eabi/4.8.4/../../../../arm-none-eabi/lib/armv7-m/libm.a(lib_a-ef_sqrt.o)
 .ARM.attributes
                0x0000000000000a7a       0x2d /usr/bin/../lib/gcc/arm-none-eabi/4.8.4/../../../../arm-none-eabi/lib/armv7-m/libm.a(lib_a-kf_cos.o)
 .ARM.attributes
                0x0000000000000aa7       0x2d /usr/bin/../lib/gcc/arm-none-eabi/4.8.4/../../../../arm-none-eabi/lib/armv7-m/libm.a(lib_a-kf_rem_pio2.o)
 .ARM.attributes
                0x0000000000000ad4       0x2d /usr/bin/../lib/gcc/arm-none-eabi/4.8.4/../../../../arm-none-eabi/lib/armv7-m/libm.a(lib_a-kf_sin.o)
 .ARM.attributes
                0x0000000000000b01       0x2d /usr/bin/../lib/gcc/arm-none-eabi/4.8.4/../../../../arm-none-eabi/lib/armv7-m/libm.a(lib_a-s_lib_ver.o)
 .ARM.attributes
                0x0000000000000b2e       0x2d /usr/bin/../lib/gcc/arm-none-eabi/4.8.4/../../../../arm-none-eabi/lib/armv7-m/libm.a(lib_a-s_matherr.o)
 .ARM.attributes
                0x0000000000000b5b       0x2d /usr/bin/../lib/gcc/arm-none-eabi/4.8.4/../../../../arm-none-eabi/lib/armv7-m/libm.a(lib_a-s_nan.o)
 .ARM.attributes
                0x0000000000000b88       0x2d /usr/bin/../lib/gcc/arm-none-eabi/4.8.4/../../../../arm-none-eabi/lib/armv7-m/libm.a(lib_a-s_rint.o)
 .ARM.attributes
                0x0000000000000bb5       0x2d /usr/bin/../lib/gcc/arm-none-eabi/4.8.4/../../../../arm-none-eabi/lib/armv7-m/libm.a(lib_a-sf_atan.o)
 .ARM.attributes
                0x0000000000000be2       0x2d /usr/bin/../lib/gcc/arm-none-eabi/4.8.4/../../../../arm-none-eabi/lib/armv7-m/libm.a(lib_a-sf_fabs.o)
 .ARM.attributes
                0x0000000000000c0f       0x2d /usr/bin/../lib/gcc/arm-none-eabi/4.8.4/../../../../arm-none-eabi/lib/armv7-m/libm.a(lib_a-sf_finite.o)
 .ARM.attributes
                0x0000000000000c3c       0x2d /usr/bin/../lib/gcc/arm-none-eabi/4.8.4/../../../../arm-none-eabi/lib/armv7-m/libm.a(lib_a-sf_floor.o)
 .ARM.attributes
                0x0000000000000c69       0x2d /usr/bin/../lib/gcc/arm-none-eabi/4.8.4/../../../../arm-none-eabi/lib/armv7-m/libm.a(lib_a-sf_fpclassify.o)
 .ARM.attributes
                0x0000000000000c96       0x2d /usr/bin/../lib/gcc/arm-none-eabi/4.8.4/../../../../arm-none-eabi/lib/armv7-m/libm.a(lib_a-sf_nan.o)
 .ARM.attributes
                0x0000000000000cc3       0x2d /usr/bin/../lib/gcc/arm-none-eabi/4.8.4/../../../../arm-none-eabi/lib/armv7-m/libm.a(lib_a-sf_scalbn.o)
 .ARM.attributes
                0x0000000000000cf0       0x2d /usr/bin/../lib/gcc/arm-none-eabi/4.8.4/../../../../arm-none-eabi/lib/armv7-m/libm.a(lib_a-sf_copysign.o)
 .ARM.attributes
                0x0000000000000d1d       0x2d /usr/bin/../lib/gcc/arm-none-eabi/4.8.4/../../../../arm-none-eabi/lib/armv7-m/libc_s.a(lib_a-errno.o)
 .ARM.attributes
                0x0000000000000d4a       0x1d /usr/bin/../lib/gcc/arm-none-eabi/4.8.4/armv7-m/libgcc.a(_arm_cmpdf2.o)
OUTPUT(obj/baseflight_NAZE.elf elf32-littlearm)

.debug_info     0x0000000000000000    0x1df11
 .debug_info    0x0000000000000000     0x2cbd /tmp/ccICNrh3.ltrans0.ltrans.o
 .debug_info    0x0000000000002cbd     0x4c2a /tmp/ccICNrh3.ltrans1.ltrans.o
 .debug_info    0x00000000000078e7     0x2a87 /tmp/ccICNrh3.ltrans2.ltrans.o
 .debug_info    0x000000000000a36e     0x291d /tmp/ccICNrh3.ltrans3.ltrans.o
 .debug_info    0x000000000000cc8b     0x1bf6 /tmp/ccICNrh3.ltrans4.ltrans.o
 .debug_info    0x000000000000e881     0x196f /tmp/ccICNrh3.ltrans5.ltrans.o
 .debug_info    0x00000000000101f0     0x2026 /tmp/ccICNrh3.ltrans6.ltrans.o
 .debug_info    0x0000000000012216     0x149d /tmp/ccICNrh3.ltrans7.ltrans.o
 .debug_info    0x00000000000136b3     0x1cef /tmp/ccICNrh3.ltrans8.ltrans.o
 .debug_info    0x00000000000153a2     0x25b0 /tmp/ccICNrh3.ltrans9.ltrans.o
 .debug_info    0x0000000000017952     0x1913 /tmp/ccICNrh3.ltrans10.ltrans.o
 .debug_info    0x0000000000019265     0x19bd /tmp/ccICNrh3.ltrans11.ltrans.o
 .debug_info    0x000000000001ac22     0x1618 /tmp/ccICNrh3.ltrans12.ltrans.o
 .debug_info    0x000000000001c23a     0x11d5 /tmp/ccICNrh3.ltrans13.ltrans.o
 .debug_info    0x000000000001d40f      0x664 /tmp/ccICNrh3.ltrans14.ltrans.o
 .debug_info    0x000000000001da73      0x49e /tmp/ccICNrh3.ltrans15.ltrans.o

.debug_abbrev   0x0000000000000000     0x49ff
 .debug_abbrev  0x0000000000000000      0x55d /tmp/ccICNrh3.ltrans0.ltrans.o
 .debug_abbrev  0x000000000000055d      0x55e /tmp/ccICNrh3.ltrans1.ltrans.o
 .debug_abbrev  0x0000000000000abb      0x48f /tmp/ccICNrh3.ltrans2.ltrans.o
 .debug_abbrev  0x0000000000000f4a      0x5d9 /tmp/ccICNrh3.ltrans3.ltrans.o
 .debug_abbrev  0x0000000000001523      0x4c7 /tmp/ccICNrh3.ltrans4.ltrans.o
 .debug_abbrev  0x00000000000019ea      0x4a4 /tmp/ccICNrh3.ltrans5.ltrans.o
 .debug_abbrev  0x0000000000001e8e      0x481 /tmp/ccICNrh3.ltrans6.ltrans.o
 .debug_abbrev  0x000000000000230f      0x4a5 /tmp/ccICNrh3.ltrans7.ltrans.o
 .debug_abbrev  0x00000000000027b4      0x60a /tmp/ccICNrh3.ltrans8.ltrans.o
 .debug_abbrev  0x0000000000002dbe      0x6a3 /tmp/ccICNrh3.ltrans9.ltrans.o
 .debug_abbrev  0x0000000000003461      0x59a /tmp/ccICNrh3.ltrans10.ltrans.o
 .debug_abbrev  0x00000000000039fb      0x4a3 /tmp/ccICNrh3.ltrans11.ltrans.o
 .debug_abbrev  0x0000000000003e9e      0x464 /tmp/ccICNrh3.ltrans12.ltrans.o
 .debug_abbrev  0x0000000000004302      0x348 /tmp/ccICNrh3.ltrans13.ltrans.o
 .debug_abbrev  0x000000000000464a      0x1ee /tmp/ccICNrh3.ltrans14.ltrans.o
 .debug_abbrev  0x0000000000004838      0x1c7 /tmp/ccICNrh3.ltrans15.ltrans.o

.debug_loc      0x0000000000000000     0xc8b4
 .debug_loc     0x0000000000000000     0x18c0 /tmp/ccICNrh3.ltrans0.ltrans.o
 .debug_loc     0x00000000000018c0     0x1316 /tmp/ccICNrh3.ltrans1.ltrans.o
 .debug_loc     0x0000000000002bd6     0x1053 /tmp/ccICNrh3.ltrans2.ltrans.o
 .debug_loc     0x0000000000003c29     0x151d /tmp/ccICNrh3.ltrans3.ltrans.o
 .debug_loc     0x0000000000005146      0x9cd /tmp/ccICNrh3.ltrans4.ltrans.o
 .debug_loc     0x0000000000005b13      0xe2d /tmp/ccICNrh3.ltrans5.ltrans.o
 .debug_loc     0x0000000000006940      0xe05 /tmp/ccICNrh3.ltrans6.ltrans.o
 .debug_loc     0x0000000000007745      0x97e /tmp/ccICNrh3.ltrans7.ltrans.o
 .debug_loc     0x00000000000080c3     0x149d /tmp/ccICNrh3.ltrans8.ltrans.o
 .debug_loc     0x0000000000009560     0x1296 /tmp/ccICNrh3.ltrans9.ltrans.o
 .debug_loc     0x000000000000a7f6      0xc5a /tmp/ccICNrh3.ltrans10.ltrans.o
 .debug_loc     0x000000000000b450      0x9b7 /tmp/ccICNrh3.ltrans11.ltrans.o
 .debug_loc     0x000000000000be07      0x7d8 /tmp/ccICNrh3.ltrans12.ltrans.o
 .debug_loc     0x000000000000c5df      0x24e /tmp/ccICNrh3.ltrans13.ltrans.o
 .debug_loc     0x000000000000c82d       0x2c /tmp/ccICNrh3.ltrans14.ltrans.o
 .debug_loc     0x000000000000c859       0x5b /tmp/ccICNrh3.ltrans15.ltrans.o

.debug_aranges  0x0000000000000000      0x208
 .debug_aranges
                0x0000000000000000       0x20 /tmp/ccICNrh3.ltrans0.ltrans.o
 .debug_aranges
                0x0000000000000020       0x20 /tmp/ccICNrh3.ltrans1.ltrans.o
 .debug_aranges
                0x0000000000000040       0x20 /tmp/ccICNrh3.ltrans2.ltrans.o
 .debug_aranges
                0x0000000000000060       0x28 /tmp/ccICNrh3.ltrans3.ltrans.o
 .debug_aranges
                0x0000000000000088       0x20 /tmp/ccICNrh3.ltrans4.ltrans.o
 .debug_aranges
                0x00000000000000a8       0x20 /tmp/ccICNrh3.ltrans5.ltrans.o
 .debug_aranges
                0x00000000000000c8       0x20 /tmp/ccICNrh3.ltrans6.ltrans.o
 .debug_aranges
                0x00000000000000e8       0x20 /tmp/ccICNrh3.ltrans7.ltrans.o
 .debug_aranges
                0x0000000000000108       0x20 /tmp/ccICNrh3.ltrans8.ltrans.o
 .debug_aranges
                0x0000000000000128       0x20 /tmp/ccICNrh3.ltrans9.ltrans.o
 .debug_aranges
                0x0000000000000148       0x20 /tmp/ccICNrh3.ltrans10.ltrans.o
 .debug_aranges
                0x0000000000000168       0x20 /tmp/ccICNrh3.ltrans11.ltrans.o
 .debug_aranges
                0x0000000000000188       0x20 /tmp/ccICNrh3.ltrans12.ltrans.o
 .debug_aranges
                0x00000000000001a8       0x20 /tmp/ccICNrh3.ltrans13.ltrans.o
 .debug_aranges
                0x00000000000001c8       0x20 /tmp/ccICNrh3.ltrans14.ltrans.o
 .debug_aranges
                0x00000000000001e8       0x20 /tmp/ccICNrh3.ltrans15.ltrans.o

.debug_ranges   0x0000000000000000     0x1a80
 .debug_ranges  0x0000000000000000      0x380 /tmp/ccICNrh3.ltrans0.ltrans.o
 .debug_ranges  0x0000000000000380      0x6a8 /tmp/ccICNrh3.ltrans1.ltrans.o
 .debug_ranges  0x0000000000000a28      0x388 /tmp/ccICNrh3.ltrans2.ltrans.o
 .debug_ranges  0x0000000000000db0      0x210 /tmp/ccICNrh3.ltrans3.ltrans.o
 .debug_ranges  0x0000000000000fc0      0x270 /tmp/ccICNrh3.ltrans4.ltrans.o
 .debug_ranges  0x0000000000001230      0x158 /tmp/ccICNrh3.ltrans5.ltrans.o
 .debug_ranges  0x0000000000001388      0x190 /tmp/ccICNrh3.ltrans6.ltrans.o
 .debug_ranges  0x0000000000001518       0xe0 /tmp/ccICNrh3.ltrans7.ltrans.o
 .debug_ranges  0x00000000000015f8      0x100 /tmp/ccICNrh3.ltrans8.ltrans.o
 .debug_ranges  0x00000000000016f8       0xa8 /tmp/ccICNrh3.ltrans9.ltrans.o
 .debug_ranges  0x00000000000017a0       0x70 /tmp/ccICNrh3.ltrans10.ltrans.o
 .debug_ranges  0x0000000000001810      0x138 /tmp/ccICNrh3.ltrans11.ltrans.o
 .debug_ranges  0x0000000000001948      0x108 /tmp/ccICNrh3.ltrans12.ltrans.o
 .debug_ranges  0x0000000000001a50       0x30 /tmp/ccICNrh3.ltrans14.ltrans.o

.debug_line     0x0000000000000000     0x5941
 .debug_line    0x0000000000000000      0xa2d /tmp/ccICNrh3.ltrans0.ltrans.o
 .debug_line    0x0000000000000a2d      0xccc /tmp/ccICNrh3.ltrans1.ltrans.o
 .debug_line    0x00000000000016f9      0x812 /tmp/ccICNrh3.ltrans2.ltrans.o
 .debug_line    0x0000000000001f0b      0x6a2 /tmp/ccICNrh3.ltrans3.ltrans.o
 .debug_line    0x00000000000025ad      0x4e1 /tmp/ccICNrh3.ltrans4.ltrans.o
 .debug_line    0x0000000000002a8e      0x626 /tmp/ccICNrh3.ltrans5.ltrans.o
 .debug_line    0x00000000000030b4      0x5b9 /tmp/ccICNrh3.ltrans6.ltrans.o
 .debug_line    0x000000000000366d      0x46e /tmp/ccICNrh3.ltrans7.ltrans.o
 .debug_line    0x0000000000003adb      0x5c3 /tmp/ccICNrh3.ltrans8.ltrans.o
 .debug_line    0x000000000000409e      0x57c /tmp/ccICNrh3.ltrans9.ltrans.o
 .debug_line    0x000000000000461a      0x4ef /tmp/ccICNrh3.ltrans10.ltrans.o
 .debug_line    0x0000000000004b09      0x53c /tmp/ccICNrh3.ltrans11.ltrans.o
 .debug_line    0x0000000000005045      0x3e1 /tmp/ccICNrh3.ltrans12.ltrans.o
 .debug_line    0x0000000000005426      0x254 /tmp/ccICNrh3.ltrans13.ltrans.o
 .debug_line    0x000000000000567a      0x164 /tmp/ccICNrh3.ltrans14.ltrans.o
 .debug_line    0x00000000000057de      0x163 /tmp/ccICNrh3.ltrans15.ltrans.o

.debug_str      0x0000000000000000     0x753e
 .debug_str     0x0000000000000000      0xe4e /tmp/ccICNrh3.ltrans0.ltrans.o
                                        0xf2f (size before relaxing)
 .debug_str     0x0000000000000e4e     0x2223 /tmp/ccICNrh3.ltrans1.ltrans.o
                                       0x26f5 (size before relaxing)
 .debug_str     0x0000000000003071      0xbb3 /tmp/ccICNrh3.ltrans2.ltrans.o
                                        0xffe (size before relaxing)
 .debug_str     0x0000000000003c24      0x82d /tmp/ccICNrh3.ltrans3.ltrans.o
                                       0x10d1 (size before relaxing)
 .debug_str     0x0000000000004451      0x745 /tmp/ccICNrh3.ltrans4.ltrans.o
                                        0xd82 (size before relaxing)
 .debug_str     0x0000000000004b96      0x4c0 /tmp/ccICNrh3.ltrans5.ltrans.o
                                        0xb86 (size before relaxing)
 .debug_str     0x0000000000005056      0x550 /tmp/ccICNrh3.ltrans6.ltrans.o
                                        0xd59 (size before relaxing)
 .debug_str     0x00000000000055a6      0x416 /tmp/ccICNrh3.ltrans7.ltrans.o
                                        0x88b (size before relaxing)
 .debug_str     0x00000000000059bc      0x497 /tmp/ccICNrh3.ltrans8.ltrans.o
                                        0xca9 (size before relaxing)
 .debug_str     0x0000000000005e53      0xa8d /tmp/ccICNrh3.ltrans9.ltrans.o
                                       0x14e8 (size before relaxing)
 .debug_str     0x00000000000068e0      0x368 /tmp/ccICNrh3.ltrans10.ltrans.o
                                        0xbe9 (size before relaxing)
 .debug_str     0x0000000000006c48      0x284 /tmp/ccICNrh3.ltrans11.ltrans.o
                                        0xc85 (size before relaxing)
 .debug_str     0x0000000000006ecc      0x23c /tmp/ccICNrh3.ltrans12.ltrans.o
                                        0x554 (size before relaxing)
 .debug_str     0x0000000000007108      0x1c0 /tmp/ccICNrh3.ltrans13.ltrans.o
                                        0xdc8 (size before relaxing)
 .debug_str     0x00000000000072c8      0x190 /tmp/ccICNrh3.ltrans14.ltrans.o
                                        0x543 (size before relaxing)
 .debug_str     0x0000000000007458       0xe6 /tmp/ccICNrh3.ltrans15.ltrans.o
                                        0x393 (size before relaxing)

.comment        0x0000000000000000       0x70
 .comment       0x0000000000000000       0x70 /tmp/ccICNrh3.ltrans0.ltrans.o
                                         0x71 (size before relaxing)
 .comment       0x0000000000000000       0x71 /tmp/ccICNrh3.ltrans1.ltrans.o
 .comment       0x0000000000000000       0x71 /tmp/ccICNrh3.ltrans2.ltrans.o
 .comment       0x0000000000000000       0x71 /tmp/ccICNrh3.ltrans3.ltrans.o
 .comment       0x0000000000000000       0x71 /tmp/ccICNrh3.ltrans4.ltrans.o
 .comment       0x0000000000000000       0x71 /tmp/ccICNrh3.ltrans5.ltrans.o
 .comment       0x0000000000000000       0x71 /tmp/ccICNrh3.ltrans6.ltrans.o
 .comment       0x0000000000000000       0x71 /tmp/ccICNrh3.ltrans7.ltrans.o
 .comment       0x0000000000000000       0x71 /tmp/ccICNrh3.ltrans8.ltrans.o
 .comment       0x0000000000000000       0x71 /tmp/ccICNrh3.ltrans9.ltrans.o
 .comment       0x0000000000000000       0x71 /tmp/ccICNrh3.ltrans10.ltrans.o
 .comment       0x0000000000000000       0x71 /tmp/ccICNrh3.ltrans11.ltrans.o
 .comment       0x0000000000000000       0x71 /tmp/ccICNrh3.ltrans12.ltrans.o
 .comment       0x0000000000000000       0x71 /tmp/ccICNrh3.ltrans13.ltrans.o
 .comment       0x0000000000000000       0x71 /tmp/ccICNrh3.ltrans14.ltrans.o
 .comment       0x0000000000000000       0x71 /tmp/ccICNrh3.ltrans15.ltrans.o

.debug_frame    0x0000000000000000     0x1f98
 .debug_frame   0x0000000000000000       0x38 /tmp/ccICNrh3.ltrans0.ltrans.o
 .debug_frame   0x0000000000000038       0x30 /tmp/ccICNrh3.ltrans1.ltrans.o
 .debug_frame   0x0000000000000068       0x38 /tmp/ccICNrh3.ltrans2.ltrans.o
 .debug_frame   0x00000000000000a0      0x1b8 /tmp/ccICNrh3.ltrans3.ltrans.o
 .debug_frame   0x0000000000000258       0x80 /tmp/ccICNrh3.ltrans4.ltrans.o
 .debug_frame   0x00000000000002d8      0x180 /tmp/ccICNrh3.ltrans5.ltrans.o
 .debug_frame   0x0000000000000458      0x2f0 /tmp/ccICNrh3.ltrans6.ltrans.o
 .debug_frame   0x0000000000000748      0x170 /tmp/ccICNrh3.ltrans7.ltrans.o
 .debug_frame   0x00000000000008b8      0x1f8 /tmp/ccICNrh3.ltrans8.ltrans.o
 .debug_frame   0x0000000000000ab0      0x420 /tmp/ccICNrh3.ltrans9.ltrans.o
 .debug_frame   0x0000000000000ed0      0x45c /tmp/ccICNrh3.ltrans10.ltrans.o
 .debug_frame   0x000000000000132c       0xbc /tmp/ccICNrh3.ltrans11.ltrans.o
 .debug_frame   0x00000000000013e8      0x168 /tmp/ccICNrh3.ltrans12.ltrans.o
 .debug_frame   0x0000000000001550       0xec /tmp/ccICNrh3.ltrans13.ltrans.o
 .debug_frame   0x000000000000163c       0x3c /tmp/ccICNrh3.ltrans14.ltrans.o
 .debug_frame   0x0000000000001678       0x80 /tmp/ccICNrh3.ltrans15.ltrans.o
 .debug_frame   0x00000000000016f8       0x58 /usr/bin/../lib/gcc/arm-none-eabi/4.8.4/armv7-m/libgcc.a(bpabi.o)
 .debug_frame   0x0000000000001750       0x34 /usr/bin/../lib/gcc/arm-none-eabi/4.8.4/armv7-m/libgcc.a(_divdi3.o)
 .debug_frame   0x0000000000001784       0x34 /usr/bin/../lib/gcc/arm-none-eabi/4.8.4/armv7-m/libgcc.a(_udivdi3.o)
 .debug_frame   0x00000000000017b8       0x28 /usr/bin/../lib/gcc/arm-none-eabi/4.8.4/../../../../arm-none-eabi/lib/armv7-m/libg_s.a(lib_a-memcpy-stub.o)
 .debug_frame   0x00000000000017e0       0x20 /usr/bin/../lib/gcc/arm-none-eabi/4.8.4/../../../../arm-none-eabi/lib/armv7-m/libg_s.a(lib_a-memset.o)
 .debug_frame   0x0000000000001800       0x28 /usr/bin/../lib/gcc/arm-none-eabi/4.8.4/../../../../arm-none-eabi/lib/armv7-m/libg_s.a(lib_a-strcat.o)
 .debug_frame   0x0000000000001828       0x20 /usr/bin/../lib/gcc/arm-none-eabi/4.8.4/../../../../arm-none-eabi/lib/armv7-m/libg_s.a(lib_a-strchr.o)
 .debug_frame   0x0000000000001848       0x20 /usr/bin/../lib/gcc/arm-none-eabi/4.8.4/../../../../arm-none-eabi/lib/armv7-m/libg_s.a(lib_a-strlen.o)
 .debug_frame   0x0000000000001868       0x30 /usr/bin/../lib/gcc/arm-none-eabi/4.8.4/../../../../arm-none-eabi/lib/armv7-m/libg_s.a(lib_a-strncasecmp.o)
 .debug_frame   0x0000000000001898       0x28 /usr/bin/../lib/gcc/arm-none-eabi/4.8.4/../../../../arm-none-eabi/lib/armv7-m/libg_s.a(lib_a-strncpy.o)
 .debug_frame   0x00000000000018c0       0x2c /usr/bin/../lib/gcc/arm-none-eabi/4.8.4/../../../../arm-none-eabi/lib/armv7-m/libg_s.a(lib_a-strstr.o)
 .debug_frame   0x00000000000018ec       0x30 /usr/bin/../lib/gcc/arm-none-eabi/4.8.4/../../../../arm-none-eabi/lib/armv7-m/libc_s.a(lib_a-atoi.o)
 .debug_frame   0x000000000000191c       0x34 /usr/bin/../lib/gcc/arm-none-eabi/4.8.4/../../../../arm-none-eabi/lib/armv7-m/libc_s.a(lib_a-bsearch.o)
 .debug_frame   0x0000000000001950       0x30 /usr/bin/../lib/gcc/arm-none-eabi/4.8.4/../../../../arm-none-eabi/lib/armv7-m/libc_s.a(lib_a-strtok.o)
 .debug_frame   0x0000000000001980       0x40 /usr/bin/../lib/gcc/arm-none-eabi/4.8.4/../../../../arm-none-eabi/lib/armv7-m/libc_s.a(lib_a-strtok_r.o)
 .debug_frame   0x00000000000019c0       0x54 /usr/bin/../lib/gcc/arm-none-eabi/4.8.4/../../../../arm-none-eabi/lib/armv7-m/libc_s.a(lib_a-strtol.o)
 .debug_frame   0x0000000000001a14       0x30 /usr/bin/../lib/gcc/arm-none-eabi/4.8.4/../../../../arm-none-eabi/lib/armv7-m/libc_s.a(lib_a-malloc.o)
 .debug_frame   0x0000000000001a44       0x2c /usr/bin/../lib/gcc/arm-none-eabi/4.8.4/../../../../arm-none-eabi/lib/armv7-m/libc_s.a(lib_a-nano-mallocr.o)
 .debug_frame   0x0000000000001a70       0x2c /usr/bin/../lib/gcc/arm-none-eabi/4.8.4/../../../../arm-none-eabi/lib/armv7-m/libc_s.a(lib_a-sbrkr.o)
 .debug_frame   0x0000000000001a9c       0x48 /usr/bin/../lib/gcc/arm-none-eabi/4.8.4/../../../../arm-none-eabi/lib/armv7-m/libc_s.a(lib_a-reent.o)
 .debug_frame   0x0000000000001ae4       0x20 /usr/bin/../lib/gcc/arm-none-eabi/4.8.4/../../../../arm-none-eabi/lib/armv7-m/libnosys.a(sbrk.o)
 .debug_frame   0x0000000000001b04       0x28 /usr/bin/../lib/gcc/arm-none-eabi/4.8.4/../../../../arm-none-eabi/lib/armv7-m/libm.a(lib_a-sf_cos.o)